# it, mean_episode_cot
0,1.8538329273772736
1,6.594609588384628
2,2.9351388389865556
3,52.745096226533256
4,2.7329982394973436
5,4.874186190466086
6,2.7936974614858627
7,3.460432082414627
8,2.7934966683387756
9,2.0041706413030624
10,2.505267376701037
11,2.343801073729992
12,5.027269631624222
13,3.0075172086556754
14,3.389501705765724
15,6.791703641414642
16,3.2757030377785363
17,2.909322038292885
18,2.7045934150616326
19,3.2755330204963684
20,2.8248963952064514
21,5.441014890869458
22,2.842664897441864
23,3.645048255721728
24,2.9459839711586633
25,13.886399199565252
26,4.601607089241345
27,3.1667288144429526
28,3.82975235581398
29,6.192570144931476
30,3.0111156702041626
31,3.4350880881150565
32,8.125761414567629
33,4.732242474953334
34,3.3609198927879333
35,5.671580284833908
36,8.62479835251967
37,4.213688651720683
38,3.856981764237086
39,3.854801595211029
40,100.9932894508044
41,5.621043915549914
42,4.147071321805318
43,6.312175095081329
44,3.3407606979211173
45,3.8124951223532357
46,4.290207996964455
47,3.293963223695755
48,6.551498681306839
49,1.9322348336378734
50,7.4392602642377215
51,2.3286161571741104
52,2.05218763401111
53,1.6923701663812
54,2.0558588802814484
55,1.4691289141774178
56,102.23399988810222
57,1.5921610419948895
58,1.486726351082325
59,1.8864400585492451
60,2.290755140284697
61,1.142337217926979
62,3.6177486032247543
63,1.1015765145421028
64,1.1670652975638707
65,0.9451264093319575
66,4.086269142727057
67,0.9897913038730621
68,0.8842665081222852
69,0.9440532649556795
70,0.8285093680024147
71,0.8946490238110224
72,1.107745962838332
73,0.9480146964391073
74,0.808822114020586
75,0.7954655401408672
76,0.8791273360451063
77,0.946568506459395
78,0.7937142712374529
79,0.8144550075133642
80,0.8911852252980074
81,0.7564676577846209
82,0.7937761147816976
83,0.8195894074936708
84,0.7809842874606451
85,1.0356954609354336
86,1.1599087715148926
87,0.6755610530575117
88,0.6685860839982828
89,0.6966479221979777
90,0.8347836608688036
91,0.7145311832427979
92,0.7496360254784425
93,0.9184590242803097
94,0.6866791881620884
95,0.8714303784072399
96,0.6414927393198013
97,1.236163521806399
98,0.9239032243688902
99,0.6180339405934016
100,0.7830831495424112
101,0.8309429263075193
102,0.5878540898362795
103,0.6356531158089638
104,0.9610872368017832
105,0.6458369518319765
106,0.9543519653379917
107,0.6911955885589123
108,0.8435132962961992
109,0.8371870517730713
110,0.6531164174278578
111,0.649696234613657
112,0.6157713259259859
113,0.6273202449083328
114,0.8396597653627396
115,0.7879429273307323
116,0.6541169496874014
117,0.5958485988279184
118,0.7818514170746008
119,0.6021100965638956
120,0.6230568041404089
121,0.518521229426066
122,0.4884011335670948
123,0.5557539761066437
124,0.6291703196863333
125,0.5174519767363867
126,0.6232865899801254
127,1.6435100100934505
128,0.5750077006717523
129,0.631857922921578
130,0.5065056184927622
131,0.5290933102369308
132,0.4672854070862134
133,0.6511482931673527
134,0.6651612780988216
135,0.5520714198549589
136,0.7694684714078903
137,1.50980036581556
138,0.42378544186552364
139,0.5266050460437933
140,0.5197786254187425
141,0.4996156667669614
142,0.5755371600389481
143,0.6690174974501133
144,0.41463028142849606
145,0.7017135769128799
146,0.41846590985854465
147,0.4829433386524518
148,0.3699888673921426
149,0.39554369325439137
150,0.3914264403283596
151,0.3945472439130147
152,0.38854826614260674
153,0.36367663244406384
154,0.3572704965869586
155,0.8977997663120428
156,0.3747329960266749
157,0.6284057945013046
158,0.44743213554223377
159,0.6161945549150308
160,0.4188861586153507
161,0.3625878530244033
162,0.5928815541168054
163,0.6128953819473585
164,0.3856602633992831
165,0.3429042113324006
166,0.8149097462495168
167,0.39614514137307805
168,0.44616283973058063
169,0.5361833261946837
170,0.42408213143547374
171,0.3784223757684231
172,0.35058315843343735
173,0.3905945457518101
174,0.3546566516160965
175,0.31968893483281136
176,0.3967511219282945
177,0.373910387357076
178,0.33727983944118023
179,0.34045927474896115
180,0.3185345809906721
181,0.32959861556688946
182,0.4087467733770609
183,0.3837638683617115
184,0.33128389964501065
185,0.3932590341816346
186,0.33510363722840947
187,0.3553314407666524
188,0.38699355473121005
189,0.4028284487624963
190,0.37269861871997517
191,0.5095910007754961
192,0.7772044638792673
193,0.4641447179019451
194,0.3473161893586318
195,0.4385798027118047
196,0.3723042259613673
197,0.5698187413314978
198,0.392683466275533
199,0.3508150527874629
200,0.36422597741087276
201,0.38132838408152264
202,0.5143393228451411
203,0.40272529423236847
204,0.3523870750019948
205,0.46226392438014346
206,0.4308146523932616
207,0.4472324959933758
208,0.4785769047836463
209,0.4153773362437884
210,0.3612466702858607
211,0.3894396275281906
212,0.380391888320446
213,0.7043297638495764
214,0.47546515489617985
215,0.45939502120018005
216,0.5591635443270206
217,0.3172762741645177
218,0.3437099903821945
219,0.7071831027666727
220,0.3361103410522143
221,0.3460069013138612
222,0.3218533384303252
223,0.3533809731403987
224,0.3883649768928687
225,0.3967713750898838
226,0.3998982024689515
227,0.32366522153218585
228,0.5325680933892727
229,0.44241829589009285
230,0.42249353292087716
231,0.3486113113661607
232,0.600480206310749
233,0.37540856810907525
234,0.36657299225529033
235,0.3270120695233345
236,0.3320060571034749
237,0.33783197154601413
238,0.3518684133887291
239,0.34888907956580323
240,0.2649975431462129
241,0.30221962183713913
242,0.33588927301267785
243,0.27783637804289657
244,0.31209993672867614
245,0.40376553622384864
246,0.30551931882898015
247,0.3404111744215091
248,0.34981750572721165
249,0.32811441148320836
250,1.0265971943736076
251,0.3651684286693732
252,0.3557503782212734
253,0.39452750732501346
254,0.3484640009701252
255,0.40965203133722145
256,0.32192702156802017
257,0.3264496400952339
258,0.3796306060006221
259,0.33897495828568935
260,0.3259937074035406
261,0.30970287695527077
262,0.37214688894649345
263,0.29443577242394287
264,0.3131401302913825
265,0.3287000817557176
266,0.38481909533341724
267,0.29455897274116677
268,0.36151236357788247
269,0.3777294146517913
270,0.28972372723122436
271,0.3113479918489854
272,0.3489841266224782
273,0.5091010561833779
274,0.4096998522679011
275,0.30303913727402687
276,0.34821681429942447
277,0.3326426185667515
278,0.3129101445277532
279,0.34696778903404873
280,0.3025296479463577
281,0.3224627338349819
282,0.5891217514872551
283,0.38777640586098033
284,0.33442006756862
285,0.3597372639924288
286,0.3504110922416051
287,0.43592463806271553
288,0.2857116249700387
289,0.316917563478152
290,0.3283477444201708
291,0.3297661691904068
292,0.2895802253236373
293,0.38692090784509975
294,0.295988750954469
295,0.3137253026167552
296,0.28259033523499966
297,0.28740015377600986
298,0.2811422385275364
299,1.3194413197537262
300,0.31356668782730895
301,0.29024579127629596
302,0.4005670417100191
303,0.28154129224518937
304,0.3105975706130266
305,0.2662683166563511
306,0.3226439282298088
307,0.2592291266967853
308,0.285068819920222
309,0.27852884990473586
310,0.3123918740699689
311,0.4307872398446004
312,0.38527300705512363
313,0.288237897058328
314,0.2834324886401494
315,0.40589621663093567
316,0.2936719724287589
317,0.27505763185520965
318,0.2724902244905631
319,0.3545537317792575
320,0.2637876148025195
321,0.29643425221244496
322,0.29462974580625695
323,0.31509274678925675
324,0.2776480646183093
325,0.2674970906227827
326,0.4136779016504685
327,1.4488395806401968
328,0.30014006483058137
329,1.3509891970704
330,0.2578925813237826
331,0.282963374008735
332,0.936350536843141
333,0.38925230751434964
334,0.4328002625455459
335,0.3083979121098916
336,0.30331968888640404
337,0.2703885367761056
338,0.40152487096687156
339,0.3156036548316479
340,0.9842981820305189
341,0.28324474518497783
342,0.2672376527140538
343,0.2856034195671479
344,0.6400658345470825
345,0.28389255826671916
346,0.3001332376152277
347,0.28538672626018524
348,0.26512116255859536
349,0.32980626200636226
350,0.2845467949906985
351,0.26362098070482415
352,0.28386142042775947
353,0.25728930595020455
354,0.2652372593681018
355,0.31424565861622494
356,0.25085468341906864
357,0.3673007854570945
358,0.29049907624721527
359,0.3480213110645612
360,0.47307081955174607
361,0.5234873549391826
362,0.4597753615429004
363,0.2601390654842059
364,0.2765928128113349
365,0.70733099617064
366,0.3423804485549529
367,0.32215929465989274
368,0.3884301458795865
369,1.3445199312021334
370,0.2924708767483632
371,0.3126072573165099
372,0.26716243599851924
373,0.25085890541474026
374,0.38976471312344074
375,0.29117592175801593
376,0.42541320746143657
377,0.30766694371898967
378,0.27122694564362365
379,0.3043687989314397
380,0.28030117476979893
381,0.30326914973556995
382,0.4691260742644469
383,0.26760735859473544
384,0.3665021763493617
385,0.2543901515503724
386,0.2819443053255479
387,0.27585180041690666
388,0.5691915160665909
389,0.307084026436011
390,0.2980025590707858
391,0.29605474633475143
392,0.31442850021024543
393,0.27880488087733585
394,0.26765773445367813
395,0.2635806283603112
396,0.2635737471282482
397,0.25503898225724697
398,0.33206358924508095
399,0.27151833785076934
400,0.2775851599872112
401,0.3844806595395009
402,0.28938749991357327
403,0.29287386561433476
404,0.279808113972346
405,0.3763476237654686
406,0.26521573898692924
407,0.2834830426921447
408,0.28660350292921066
409,0.31146297852198285
410,0.31425036676228046
411,0.306497048586607
412,0.2835984236250321
413,0.5919273446003596
414,0.2646181434392929
415,0.25958087605734664
416,0.33275341304639977
417,0.2900482888023059
418,0.525326469913125
419,0.4259722325950861
420,0.2915171117832263
421,0.36596821062266827
422,0.2732360530644655
423,0.27666465068856877
424,0.25976382444302243
425,0.5917400941252708
426,0.2751941221455733
427,0.2590426839888096
428,0.2756924517452717
429,0.24401257000863552
430,0.25901969025532406
431,0.31466248258948326
432,0.27463589049875736
433,4.343030024940769
434,0.25968145454923314
435,0.3933718142410119
436,0.2616501872738202
437,0.2663686989496152
438,0.29314938001334667
439,0.3607165503005187
440,1.17445973555247
441,0.32540588825941086
442,0.3749308455735445
443,0.36783001261452836
444,0.3125049850593011
445,0.4176233938584725
446,0.32182673675318557
447,0.3566453543802102
448,0.8338681682944298
449,0.3230459578335285
450,0.3121094803015391
451,0.3522515290727218
452,0.3062419705092907
453,0.2849939540028572
454,0.5215545998265346
455,0.2989983366181453
456,0.34209333670636016
457,0.35236954254408676
458,0.2810851763933897
459,0.32275648911794025
460,0.31578678141037625
461,0.6904068229099115
462,0.426458773513635
463,1.19099229760468
464,0.36062716754774254
465,1.261014963189761
466,0.34730480797588825
467,0.2969232890754938
468,0.4093139686932166
469,0.41897766292095184
470,0.36587882476548356
471,0.32888023803631466
472,0.330123707652092
473,0.3466501558820407
474,0.5117166377604008
475,0.3125631691267093
476,0.31287069991230965
477,0.36740663337210816
478,0.32253915071487427
479,0.30780038982629776
480,0.3432708711673816
481,0.287002660954992
482,0.3081344459205866
483,0.2892887977262338
484,0.2595692202448845
485,0.5334512554109097
486,0.3072069976478815
487,0.7896368491152922
488,1.0957281955828269
489,0.28466174751520157
490,0.4723600037395954
491,0.3109371227522691
492,0.2867311251660188
493,0.48287364716331166
494,0.2623709508528312
495,0.2519470850626628
496,0.33435809177656967
497,0.2435987082620462
498,0.2465471252799034
499,0.30065567915638286
500,0.2880976678182681
501,0.28025182088216144
502,0.5221387725323439
503,0.28529495745897293
504,0.28990112120906514
505,0.24937759836514792
506,0.4060687931875388
507,0.2378155676027139
508,0.32642580444614094
509,0.27058941187957924
510,0.3959088511765003
511,0.2809359623740117
512,0.31412714285155136
513,0.6706954470525185
514,0.25769330312808353
515,0.25688056585689384
516,0.6509317190696796
517,0.25429841813941795
518,0.24421858290831247
519,0.26050209254026413
520,0.3162415338059266
521,0.25617473013699055
522,0.25600624829530716
523,0.2583770373215278
524,0.5010565885653099
525,0.26749912835657597
526,0.271573460350434
527,0.25814529446264106
528,1.1674002291013796
529,0.3282859232276678
530,0.28443000838160515
531,0.2904964132855336
532,0.26444161000351113
533,0.25072352464000386
534,0.24731959154208502
535,0.29040346418817836
536,0.3085284177213907
537,0.27968073325852555
538,0.25767744705080986
539,0.28952229768037796
540,0.26560018584132195
541,0.3655772488564253
542,1.0164337642490864
543,0.2852627628793319
544,0.2870715906222661
545,0.26517178987463313
546,0.24794939532876015
547,0.25154249370098114
548,0.25858555796245736
549,0.23578947906692824
550,0.2619623852272828
551,0.43628899566829205
552,0.3156046426544587
553,0.2451954303930203
554,0.2437082522859176
555,0.26764683052897453
556,0.26212422487636405
557,0.29063834870855015
558,0.27627835298577946
559,0.319463474676013
560,0.2846687752753496
561,0.24291531555354595
562,0.3276762453218301
563,0.2530298853913943
564,0.5268638438234726
565,0.24711539347966513
566,0.2679829920331637
567,0.30206951809426147
568,0.28503731203575927
569,0.3017884244521459
570,0.34219366249938804
571,0.372724457954367
572,0.3651691588262717
573,0.24532323578993478
574,0.25706835960348445
575,0.2493733912706375
576,0.2356507567067941
577,0.3422893323004246
578,0.26503449740509194
579,0.3929056413471699
580,0.24426155847807726
581,0.3692076411098242
582,0.25058583977321786
583,0.25553640971581143
584,0.25973290763795376
585,0.3977660996218522
586,0.29346783210833866
587,0.38408451589445275
588,0.2963767796754837
589,0.2434821017086506
590,0.2496324566503366
591,0.314129039645195
592,0.23831180607279143
593,0.28345119394361973
594,0.3002923596650362
595,0.2753833855191867
596,0.25221920385956764
597,0.28204639814794064
598,0.30130499725540477
599,0.2632208416859309
600,0.2786281717320283
601,0.31150474150975543
602,0.3587985547880332
603,0.2976127825677395
604,0.2769753181686004
605,0.26862973409394425
606,0.2530205901712179
607,0.32282938063144684
608,0.4206181267897288
609,0.25944538476566475
610,0.3406088910996914
611,0.3104627175877492
612,0.2935440770039956
613,0.4487832331409057
614,0.707855865980188
615,0.2584421709179878
616,0.3370220586657524
617,0.2645041514188051
618,0.28231043368577957
619,0.26436824289460975
620,0.24401558625201383
621,0.2775379115094741
622,0.25334667786955833
623,0.32271872895459336
624,0.2732246009012063
625,0.27800868016978103
626,0.2631632809837659
627,0.29978436790406704
628,0.30452475013832253
629,0.29230930532018345
630,0.25868560932576656
631,0.29437709351380664
632,0.2618530001491308
633,0.29265694692730904
634,0.33071080160637695
635,0.2689056731760502
636,0.4532791158805291
637,0.268103467921416
638,0.2643547300249338
639,0.2615873807420333
640,0.2851351921757062
641,2.500001239900788
642,2.6908378060907125
643,0.7746983338147402
644,0.2599520447353522
645,1.1135523468255997
646,0.30773300925890607
647,0.25736619035402936
648,0.27297898816565674
649,0.25765099935233593
650,0.34708858157197636
651,0.2589622059216102
652,0.2939288926621278
653,0.5133800624559323
654,0.2609508701910575
655,0.26738549148042995
656,0.33462308906018734
657,0.28656221615771454
658,0.34762189847727615
659,0.2363489226748546
660,0.2653422175596158
661,0.2638004757463932
662,0.44776795121530694
663,0.283246877292792
664,0.25607586341599625
665,0.38213687886794406
666,0.252420583118995
667,0.2738910273959239
668,0.4255971883734067
669,0.2859341812630494
670,0.266460670158267
671,0.260450662424167
672,0.268939013282458
673,0.34978650137782097
674,0.24002642060319582
675,0.24520921831329665
676,0.2779269603391488
677,0.2892607245594263
678,0.3058025389909744
679,0.2528352979570627
680,0.2626044669499
681,0.38574139028787613
682,0.2825591117143631
683,0.3800142581264178
684,0.3572277209411065
685,2.037014938890934
686,0.3083066859592994
687,0.24107546669741473
688,0.2594251123567422
689,0.30534420038263005
690,0.24431146122515202
691,0.30143151991069317
692,0.3629557651778062
693,0.3273495926211278
694,0.2485812734812498
695,0.3019088724007209
696,0.26444054022431374
697,0.2547333898643653
698,0.4890120718628168
699,0.26455683695773285
700,0.32891652298470336
701,0.26383244184156257
702,0.3991313229004542
703,0.5113312893857559
704,0.4842701901992162
705,0.2836434468626976
706,0.40724870065848034
707,0.29712188926835853
708,0.256093168631196
709,0.2607040995111068
710,0.8173480605085691
711,0.2993553380171458
712,0.36772061449786025
713,0.30322797410190105
714,0.2660872812072436
715,0.26481336665650207
716,0.2680281773209572
717,0.5596987300862869
718,0.25907946564257145
719,0.26563128021856147
720,0.2764299313227336
721,0.24498274363577366
722,0.25921743425230187
723,0.23538263017932573
724,0.2838679322352012
725,0.24547842455406985
726,0.25413192560275394
727,0.2552448349694411
728,0.26391670542458695
729,0.38331891037523746
730,0.3645399523278077
731,0.23058483190834522
732,0.265248969818155
733,0.25243650935590267
734,0.27031767554581165
735,0.2605801938722531
736,0.2668019862224658
737,0.3631344996392727
738,0.2567546473195155
739,0.29161583942671615
740,0.34630590739349526
741,0.39711989151934785
742,0.2562255933880806
743,0.26216152931253117
744,0.28758344426751137
745,0.310332702472806
746,0.25375008831421536
747,0.24342804526289305
748,0.2744216900318861
749,0.2973088249564171
750,0.27412422001361847
751,0.2809687585880359
752,0.2762267707536618
753,0.3114026455829541
754,0.267566816881299
755,0.3108574065069358
756,0.24455919985969862
757,0.4784955810755491
758,0.9003815539181232
759,0.252769752095143
760,0.2699603258321683
761,0.3847440890967846
762,0.2698315903544426
763,0.3155147631963094
764,0.2571470147619645
765,0.24447584773103395
766,0.365500470623374
767,0.2679435480386019
768,0.2545129482944806
769,0.25838943136235076
770,0.2605813213934501
771,0.3269340967138608
772,0.2576617219795783
773,0.23220294217268625
774,0.2415538610269626
775,0.27257733419537544
776,0.25915830209851265
777,0.25943164713680744
778,0.27280276517073315
779,0.2648148803661267
780,0.2549671505888303
781,0.24790840409696102
782,0.2679001620660226
783,0.2668758425861597
784,0.41317986883223057
785,0.23060871039827666
786,0.25999330791334313
787,0.27245705140133697
788,0.29063919683297473
789,0.25787911253670853
790,0.26969578365484875
791,0.29896441474556923
792,0.5497874499609073
793,0.28741976494590443
794,0.34306065055231255
795,0.2563556991517544
796,0.25092317412296933
797,0.2586579800893863
798,0.268648865322272
799,0.27311147563159466
800,0.7873841809729735
801,0.2906209093828996
802,0.25326307366291684
803,0.2512281723320484
804,0.29636662639677525
805,0.23955699366827807
806,0.22108378012975058
807,0.2546166566510995
808,0.31388562979797524
809,0.23967077396810055
810,0.2543604349096616
811,0.29498859370748204
812,0.24959803745150566
813,0.2890230193734169
814,0.2668267749249935
815,0.2538441885262728
816,0.243174164245526
817,0.2825629338622093
818,0.2771305652956168
819,0.24898123430709043
820,0.29265827126801014
821,0.24220996908843517
822,0.36591971293091774
823,0.41903134373327094
824,0.24910110669831434
825,0.2569294683635235
826,0.2499916652838389
827,0.28091051802039146
828,0.29444530482093495
829,0.25164246434966725
830,0.3576394685854514
831,0.23383909836411476
832,0.30294853759308654
833,0.28193502500653267
834,0.2632301015158494
835,0.6783177896092335
836,0.25256152637302876
837,0.3609489972392718
838,0.27088112694521743
839,0.645306745544076
840,0.31055300993223983
841,0.26493214381237823
842,0.25129682136078674
843,0.24494467116892338
844,0.26478406724830467
845,0.278969435642163
846,0.40860276482999325
847,0.29631704774995643
848,0.4780964193244775
849,0.28529793210327625
850,0.6458472354958454
851,0.3261293042451143
852,0.833041226491332
853,0.5786459501832724
854,1.8183705129971106
855,0.38268103698889416
856,0.8184058964252472
857,0.2551882651944955
858,0.2828563017149766
859,0.2725132058064143
860,0.31278048517803353
861,0.3273899406194687
862,0.2732901790489753
863,0.24721350396672884
864,0.2601628607759873
865,0.30129715365668136
866,0.2605712140599887
867,0.2693170104175806
868,0.33128716237843037
869,0.26569979762037593
870,3.3199170598139367
871,0.3058444621662299
872,0.4958917610347271
873,0.30512564070522785
874,0.35137002915143967
875,0.2519815557946761
876,0.28767591652770835
877,0.31219821485380334
878,0.2716774543126424
879,0.3035180705289046
880,0.39598042890429497
881,0.2698089064409335
882,0.2749573228259881
883,0.27342073433101177
884,0.34502917403976124
885,0.3612237473328908
886,0.2857497800141573
887,0.25965046261747676
888,0.23178530856966972
889,0.25212429588039714
890,0.24141614449520907
891,0.23867079863945642
892,0.2712146043777466
893,0.2664791525652011
894,0.4428652673959732
895,0.24356418351332346
896,0.3350015363345544
897,0.299214053278168
898,0.24930445291101933
899,0.39627523968617123
900,0.3170703488091628
901,0.31459377830227214
902,0.3068183772265911
903,0.2419938954214255
904,0.2356520506242911
905,0.348037142927448
906,0.27169294096529484
907,0.24863385843733946
908,0.26864556906123954
909,0.27210872744520503
910,0.29060482295850915
911,0.24251805990934372
912,0.23128074221313
913,0.3172482308000326
914,0.24647637829184532
915,0.34669849773248035
916,0.22506740565101305
917,0.2634618151932955
918,0.23553875274956226
919,0.29464313636223477
920,0.2881500627845526
921,0.25642231355110806
922,0.2600677789499362
923,0.38230070161322754
924,0.31606516862909
925,0.2570226850608985
926,0.3568159049997727
927,0.2819759442160527
928,0.21903465253611407
929,0.25685206924875575
930,0.2297570612281561
931,2.108959347009659
932,0.23186707744995752
933,0.24167345464229584
934,0.23614005309840044
935,0.24341181851923466
936,0.24431895775099596
937,0.22762874141335487
938,0.23905122901002565
939,0.4890905848393838
940,0.2432256999115149
941,0.24088385639091334
942,0.2946143690496683
943,0.22607814272244772
944,0.25180508630971116
945,0.28712906998892623
946,0.26716685481369495
947,0.21541380447645983
948,0.2573511165877183
949,0.3239330438276132
950,0.7010414811472098
951,0.26397313674290973
952,0.2642782721668482
953,0.27264759813745815
954,0.2360495055715243
955,0.4188928287476301
956,0.21947654709219933
957,0.22043791910012564
958,0.24809987532595792
959,0.2861322034150362
960,0.24840995483100414
961,0.27355170125762623
962,0.2656275729338328
963,0.5934437786539396
964,0.2510514948517084
965,0.2345932008077701
966,0.24845837180813155
967,0.34030212089419365
968,0.25051056283215684
969,0.2333317051331202
970,0.23731464333832264
971,0.37343764677643776
972,0.2427433536698421
973,0.26337593359251815
974,0.378082524985075
975,0.26256972054640454
976,0.2399926489839951
977,0.21895391990741095
978,0.23301140839854875
979,0.2170170284807682
980,0.222257470091184
981,0.2308389569322268
982,0.27635695164402324
983,0.29453809683521587
984,0.23024565167725086
985,0.23503866667548814
986,0.23320232952634493
987,0.23049245588481426
988,0.2507900955776374
989,0.23691639738778272
990,0.30914698479076225
991,0.23052789643406868
992,0.23075788157681623
993,0.34786772914230824
994,0.33135681847731274
995,0.3039626261840264
996,0.26288898723820847
997,0.24716536700725555
998,0.21809837594628334
999,0.2554491938402255
