# it, mean_episode_cot
0,1.2914013010449708
1,17.56900979578495
2,5.809123009443283
3,4.456414505839348
4,6.655935655037562
5,2.726704483230909
6,2.7657308354973793
7,4.9509075085322065
8,3.1041364098588624
9,1.8641394525766373
10,2.019352321823438
11,2.3308449213703475
12,2.6040709614753723
13,3.6408042311668396
14,2.844313070178032
15,2.961005980769793
16,3.5305659770965576
17,3.4524826953808465
18,2.7577087183793387
19,3.731251468261083
20,4.02103837331136
21,3.7498343785603843
22,2.93269807100296
23,4.072378853956859
24,3.914038116733233
25,3.5106946527957916
26,4.132821510235469
27,3.5802416801452637
28,3.9693786601225534
29,3.591782251993815
30,4.20646445453167
31,4.546726793050766
32,66.74747408429782
33,10.21870967745781
34,28.85983482003212
35,6.500832120577495
36,4.090774342417717
37,4.451071222623189
38,6.685472289721171
39,3.823082278172175
40,4.959363520145416
41,10.116735398769379
42,6.391489853461583
43,5.146686007579167
44,6.144923488299052
45,3.6899864772955575
46,4.276145845651627
47,4.194336965680122
48,3.260497068365415
49,2.8440689543883004
50,3.6304861530661583
51,5.22049402197202
52,2.3666417797406516
53,2.155277560154597
54,2.3348130186398826
55,1.7541749452551205
56,1.9454766760269802
57,3.380412593483925
58,1.6430634235342343
59,1.4456739649176598
60,1.216475524008274
61,1.3645128806432087
62,1.3924362684289615
63,1.8746198614438374
64,1.2262389411528904
65,1.2152029797434807
66,1.3162074188391368
67,1.3834616119662921
68,1.2058213899532955
69,1.2504614889621735
70,1.1390923609336217
71,1.6739776954054832
72,1.370518905421098
73,1.5253315195441246
74,1.3458245893319447
75,1.1630469610293706
76,1.2885044688979785
77,0.9417161494493484
78,1.1945938542485237
79,1.2345374822616577
80,1.311064084370931
81,1.1413578912615776
82,1.6846033036708832
83,1.2426569933692615
84,1.394357164700826
85,1.469018208483855
86,1.4051219820976257
87,1.4389593278368313
88,1.1655449941754341
89,261.8168697903554
90,1.941857988635699
91,1.6327390496929486
92,1.4038286581635475
93,1.7244557663798332
94,1.256070613861084
95,3.779123072822889
96,1.3672527397672336
97,1.1189813688397408
98,1.333332508802414
99,1.4097900663812954
100,1.360956775645415
101,1.3229300032059352
102,1.3041326453288395
103,2.154920108616352
104,1.8695709829529126
105,1.1422905052701633
106,1.7322321062286694
107,1.4078140209118526
108,1.2246883784731228
109,1.900446742773056
110,2.0451944222052894
111,2.464979032675425
112,1.1594607755541801
113,1.4790849561492603
114,1.482078142464161
115,1.362994025150935
116,1.3922356913487117
117,2.0229488660891852
118,1.7244392707943916
119,2.3010532980163894
120,1.5093072280287743
121,2.133325715859731
122,2.3407624239722886
123,2.738753318786621
124,1.4820138464371364
125,2.4784799218177795
126,1.9723875770966213
127,1.5648975943525631
128,1.7395027925570805
129,1.6918622255325317
130,1.198103316128254
131,1.2340375036001205
132,1.355444150666396
133,1.5229114467899005
134,1.5174222066998482
135,1.6353645746906598
136,2.2261007701357207
137,4.070103315015634
138,1.3976726084947586
139,1.295599915087223
140,1.4569464524586995
141,1.6890055785576503
142,1.364584853251775
143,1.2166953533887863
144,1.3954402928551037
145,1.3271455044547718
146,1.2319981704155605
147,1.1286309162775676
148,1.7328037470579147
149,1.671658771733443
150,1.5303142567475636
151,3.503952448566755
152,1.723747044801712
153,2.241289794445038
154,1.685673510034879
155,1.5100570271412532
156,1.3747860963145893
157,1.6556388313571613
158,1.8013897687196732
159,1.8068619221448898
160,1.4386992454528809
161,1.626716213921706
162,1.3302999561031659
163,2.015828507641951
164,1.3525579671065013
165,1.1798406367500622
166,3.650604603191217
167,1.772070199251175
168,2.6156843304634094
169,1.809956689675649
170,1.3054295803109806
171,1.5320416788260143
172,1.3112563292185466
173,1.089316892127196
174,2.0293550292650857
175,1.0196839173634846
176,1.930136318008105
177,2.1753465632597604
178,1.0551671956976254
179,1.3125650137662888
180,1.0493332619468372
181,1.060699388384819
182,1.724053867161274
183,1.4842777798573177
184,1.1679254360496998
185,1.0846766158938408
186,1.3861242284377415
187,8.86275770018498
188,1.4293325295050938
189,1.1651802534858386
190,1.7437063828110695
191,3.0098649015029273
192,1.364611230790615
193,2.6560233061512313
194,1.1877318347493808
195,1.0953062797586124
196,1.2220034524798393
197,1.2027415732542674
198,1.0412991816798847
199,1.9619880964358647
200,1.4250888153910637
201,1.6188070625066757
202,0.9906074131528536
203,1.0509103313088417
204,1.0345775162180264
205,8.12775311122338
206,2.3071665863196054
207,1.2191063637534778
208,1.5327737877766292
209,1.5933483615517616
210,1.7541130383809407
211,1.2384804387887318
212,1.1893949458996456
213,3.872640868028005
214,1.5469938938816388
215,1.2216492667794228
216,1.2559509053826332
217,1.3259472424785297
218,1.0363183468580246
219,1.6029711316029231
220,1.1153585637609165
221,1.2939935649434726
222,2.099570040901502
223,1.461785910030206
224,1.5298366645971935
225,1.4411021197835605
226,1.6585742309689522
227,0.9835214714209238
228,1.066383607685566
229,1.273094765841961
230,1.003566121061643
231,1.0941668475667636
232,1.0121813702086608
233,1.5927593596279621
234,0.8112189869085947
235,0.8511559714873632
236,2.072570833067099
237,0.9355999728043874
238,1.5615293458104134
239,0.8620128395656744
240,0.9231197300056616
241,0.7483885561426481
242,0.7882354234655699
243,1.1382394582033157
244,1.3450621590018272
245,1.1135008285442989
246,2.9555655593673387
247,1.5450092603762944
248,1.9119375869631767
249,0.7849500812590122
250,1.01493551582098
251,1.1198807507753372
252,1.158458078900973
253,4.18925654143095
254,1.1083930333455403
255,1.593890977402528
256,0.8924197629094124
257,0.9916363420585791
258,0.8493466787040234
259,0.7353089104096094
260,1.4328226024905841
261,1.3360104064146678
262,2.698309004306793
263,2.045399190237125
264,0.6310681328177452
265,0.6158474273979664
266,0.7506469376385212
267,0.9167148483296236
268,1.1033901224533718
269,55.80926280965408
270,0.6956283462544283
271,0.7409497524301211
272,0.6851573847234249
273,0.7193873239060243
274,0.9480042482415835
275,1.0685512696703274
276,0.7947160763045152
277,1.2576993020872276
278,0.7980600831409296
279,0.9122166422506174
280,1.381972045948108
281,0.8028904981911182
282,0.9423163359363874
283,0.9069209098815918
284,0.9008171781897545
285,9.191905641307434
286,0.991409162680308
287,0.927872812996308
288,0.7571611242989699
289,0.8608493221302828
290,1.339335856338342
291,1.716686782737573
292,0.7904788143932819
293,1.1098483502864838
294,1.298439083000024
295,1.1687906322379906
296,0.8604827212790648
297,1.089124674598376
298,0.8011984738210837
299,0.6859047884742419
300,0.7193439130981764
301,0.8044223934412003
302,0.8908063682417074
303,0.9582646104196707
304,0.6875931732356548
305,0.6852818218370279
306,0.7138572732607523
307,3.244425442069769
308,0.7330136187374592
309,0.6986545026302338
310,0.8246324248611927
311,1.3386614223321278
312,0.7481920532882214
313,1.0593163557350636
314,0.7045156893630823
315,0.7283764344950517
316,0.6210686129828294
317,0.9241152368485928
318,0.8985992359618346
319,0.8784754561881224
320,0.9928544337550799
321,0.7401173673570156
322,0.7201092764735222
323,0.9525121736029784
324,1.1130634335180123
325,0.7996508553624153
326,0.8267350867390633
327,0.7770962280531725
328,0.7054332991441091
329,1.2292864620685577
330,0.9970638776818911
331,0.693912840137879
332,0.9092651593188444
333,0.6803183108568192
334,0.8384773507714272
335,0.9748465567827225
336,1.37749216457208
337,1.6253012257317703
338,0.7474799963335196
339,1.0808263160288334
340,0.6345645052691301
341,0.580474492162466
342,1.4942985959351063
343,0.7459013474484285
344,0.6939784822364649
345,1.1738934628665447
346,0.6859207873543104
347,0.5457417108118534
348,1.0651909497876961
349,0.7549736276268959
350,0.8310314218203226
351,0.6683917517463366
352,0.8379119945069154
353,0.6154777059952418
354,0.6713142606119314
355,0.6261851253608862
356,0.6414942381282648
357,0.8034710139036179
358,1.4584076727430026
359,0.6497922812898954
360,0.5534308428565661
361,0.7262868098914623
362,0.511820005873839
363,0.8031458457310995
364,0.5351057810087999
365,0.5142934136092663
366,0.5422189608216286
367,0.6773620421687762
368,0.7996769063174725
369,0.5049862625698248
370,0.663522444665432
371,0.6290120022992293
372,0.637136448174715
373,0.5411123832066854
374,0.5280433023969332
375,0.557796927789847
376,0.6734067127108574
377,0.575018492837747
378,0.739459523310264
379,0.7113956622779369
380,0.4825152022143205
381,0.6456958465278149
382,0.6928526908159256
383,0.5288237979014715
384,0.5801865992446741
385,0.4959688025216262
386,0.4284469510118167
387,0.4080595908065637
388,0.4593038869400819
389,0.40172776704033214
390,0.7337675554056963
391,0.6716216194132963
392,0.45670344680547714
393,0.7795817255973816
394,0.4424462604026
395,0.44218983377019566
396,0.5949656218290329
397,1.3720193281769753
398,1.2450686991214752
399,0.3767939619719982
400,0.41344743346174556
401,0.3716141792635123
402,0.4379335331420104
403,0.7685591181119283
404,0.45927535245815915
405,0.560872079183658
406,0.5338590107858181
407,0.4161500968039036
408,0.42928609003623325
409,0.450623594224453
410,0.4136606901884079
411,0.3678094831605752
412,0.4502576229472955
413,0.41001732523242634
414,0.6922436791161696
415,0.35066313296556473
416,0.43671024094025296
417,0.4208566186328729
418,0.4572790066401164
419,0.3823738644520442
420,0.5107892217735449
421,0.479614229251941
422,0.40474433327714604
423,0.3414411184688409
424,0.3874633125960827
425,0.3956478151182334
426,0.37852637842297554
427,0.3521500291923682
428,0.48545264701048535
429,0.36260490616162616
430,0.7077659393350283
431,0.3938590697944164
432,0.350091149409612
433,0.32305654635032016
434,0.31753376002113026
435,0.3132866894205411
436,0.367086927096049
437,0.34498128791650134
438,0.5441219521065553
439,0.953127900759379
440,1.1871154730518658
441,1.206261230011781
442,0.7017221264541149
443,0.6050741362075011
444,0.7376916147768497
445,0.34324132775266963
446,0.4385688652594884
447,0.4140589547653993
448,0.3868291452527046
449,0.3809755705296993
450,0.4470910156766574
451,0.4006941070159276
452,0.3402516407271226
453,0.3517647758126259
454,0.414720144122839
455,0.6252492144703865
456,0.52797178303202
457,0.42015614608923596
458,0.3932151322563489
459,0.4440915522476037
460,0.5801414139568806
461,0.47431451827287674
462,0.4305327149728934
463,0.7811510836084684
464,0.442792359739542
465,0.4687860868871212
466,0.39314908534288406
467,0.5012185362478098
468,0.4611225848396619
469,0.5241585721572241
470,0.513333418716987
471,0.46636538952589035
472,0.3969293062885602
473,0.37082805732886
474,0.5427096200486025
475,0.4285481236875057
476,0.4926438331604004
477,0.34031329800685245
478,0.3548000442485015
479,0.4435849227011204
480,0.33366840953628224
481,0.38704852635661763
482,0.4491482265293598
483,0.3139922581613064
484,0.39651105056206387
485,0.2923009730875492
486,0.3664444008221229
487,0.29730671023329097
488,0.3204016909003258
489,0.29337746774156886
490,0.30922458320856094
491,0.576164036989212
492,0.30661821613709134
493,0.8153926357626915
494,0.3235442986090978
495,0.3934061372031768
496,0.3161048044761022
497,0.31505971650282544
498,0.3367172461003065
499,0.3814383478214343
500,0.34424749823908013
501,0.33780387789011
502,0.33110028753678006
503,0.3677223101258278
504,0.39845750977595645
505,0.3895391623179118
506,0.3194206617772579
507,0.35634684686859447
508,0.29515669991572696
509,0.3533419718345006
510,0.3067471633354823
511,0.30049149319529533
512,0.8431266707678636
513,0.290265907223026
514,0.40662881918251514
515,0.31924177209536236
516,0.3207388998319705
517,0.2881982618321975
518,0.30156757682561874
519,0.34378962963819504
520,0.3048605552564065
521,0.3622974914809068
522,0.3578999328116576
523,0.39573340987165767
524,0.3315570155779521
525,0.35917260373632115
526,0.4643496337036292
527,0.6241981672743956
528,0.29742605114976567
529,0.2884953189641237
530,0.32479105951885384
531,0.3093208111822605
532,0.32410236448049545
533,0.29662836032609147
534,0.33798735216259956
535,0.3211766791840394
536,0.2745147291570902
537,1.0895902967701356
538,0.37967765579621
539,0.33181689617534477
540,0.29074543093641597
541,0.3744177942474683
542,0.484220697854956
543,0.3357587481538455
544,0.3301323975125949
545,0.4218932166695595
546,0.47587601467967033
547,0.3137473228077094
548,1.4780848926554124
549,0.38875978874663514
550,0.38643931473294896
551,0.2888659480959177
552,0.3090415336191654
553,0.28602751220266026
554,0.3441547118127346
555,0.359872180968523
556,0.30784572785099346
557,0.3332735747098923
558,0.32913698876897496
559,0.2773867795864741
560,0.3131280050923427
561,0.2664205363641183
562,0.27032798652847606
563,0.2712058387696743
564,0.3159162476658821
565,0.31334077070156735
566,0.3513698447495699
567,0.3250281047075987
568,0.30227993552883464
569,0.3151215501129627
570,0.2923140029112498
571,0.2801632372041543
572,0.30733575237294036
573,0.3128113814940055
574,0.284886176387469
575,0.27408255947132903
576,0.2883502282202244
577,0.28437929041683674
578,0.2839977437009414
579,0.49009431277712184
580,0.3014809185018142
581,0.2955104038119316
582,0.6447008724013964
583,0.300296309714516
584,0.28739960429569084
585,0.33487775921821594
586,0.307096641510725
587,0.31595920274655026
588,0.2979189542432626
589,0.3239311072975397
590,0.28700207608441514
591,0.3791426842411359
592,0.29386320399741334
593,0.3302673324942589
594,0.42684463535745937
595,0.7125135598083338
596,0.7820895078281561
597,1.0734164714813232
598,0.7273770359655222
599,0.4741228135923545
600,0.502565431719025
601,0.8050424257914225
602,0.539199543495973
603,0.33708252136905986
604,0.3708582203835249
605,0.38421210398276645
606,0.48525210345784825
607,0.4020191008845965
608,0.4102894452710946
609,0.36090976124008495
610,0.5007295335332552
611,0.3209558731565873
612,0.3579482914259036
613,0.3000363589574893
614,0.484020859003067
615,0.3408578224480152
616,0.49699376585582894
617,1.2349163790543873
618,0.883147943764925
619,0.40009258935848874
620,0.3780384821196397
621,0.3633497506380081
622,0.4344357115526994
623,0.34008240575591725
624,0.3301028832793236
625,0.33787967388828594
626,0.3925530680765708
627,0.4508071516950925
628,0.6239205797513326
629,0.4545842781662941
630,0.6383905038237572
631,0.35492414111892384
632,0.3636158953110377
633,0.3655785700927178
634,1.4953343775123358
635,0.4193594306707382
636,0.4518642487625281
637,0.3424922830114762
638,0.3088214844465256
639,0.30469150220354396
640,0.31285834560791653
641,0.2695067146172126
642,0.3097060626993577
643,0.28219761947790784
644,0.2768047923843066
645,0.28188406489789486
646,0.31352171177665394
647,0.6884751816590627
648,0.34184786677360535
649,0.3294342706600825
650,0.31575405163069564
651,0.28556728176772594
652,0.46267769609888393
653,0.262260631347696
654,0.27637088981767494
655,0.3040859928975503
656,0.37427944876253605
657,0.2767127516369025
658,0.28746019800504047
659,0.48840441554784775
660,0.28529947623610497
661,0.28631361573934555
662,0.32056960711876553
663,0.5277534859875838
664,0.2746426537632942
665,0.30048332922160625
666,0.46117101423442364
667,0.35798631360133487
668,0.3077068602045377
669,0.32380017389853794
670,0.3451659331719081
671,0.3230552151799202
672,0.286775927990675
673,0.31297567300498486
674,0.4078753764430682
675,0.2930909873296817
676,0.2957042393585046
677,0.31270131282508373
678,0.3295743266741435
679,0.6341495346277952
680,0.31663863485058147
681,0.2872454108049472
682,0.2851605527102947
683,0.3047921160856883
684,0.2919339084376891
685,0.30525951956709224
686,0.26835458415249985
687,0.40074207695821923
688,0.2927339145292838
689,0.3198220729827881
690,0.3460916578769684
691,0.5038559741030136
692,0.29310766980051994
693,0.2828878729293744
694,0.2811701080451409
695,0.3164768237620592
696,0.33329939531783265
697,0.280578654880325
698,0.2837642102191846
699,0.2960652466863394
700,0.27480468588570756
701,0.30425328637162846
702,0.2808964078625043
703,0.33103048490981263
704,0.40203853820761043
705,1.861076842372616
706,0.3002722089489301
707,0.47102371230721474
708,0.3703321162611246
709,0.35705053557952243
710,0.3205408814052741
711,0.31607675179839134
712,0.8919959788521131
713,0.4213808986047904
714,0.30820732812086743
715,0.2900893036276102
716,0.33961716915170354
717,0.30697026414175826
718,0.2806019534667333
719,0.3169102172056834
720,0.28082889628907043
721,0.29689611742893857
722,0.29175247624516487
723,0.33765177614986897
724,0.3123004784186681
725,0.36318077767888707
726,0.30595511694749195
727,0.2739474978297949
728,0.28517765117188293
729,0.3282834266622861
730,0.2934931293129921
731,0.3032408046225707
732,0.31666149757802486
733,0.32916502964993316
734,0.2884424639244874
735,0.25691744436820346
736,0.2898251761992772
737,0.36181336517135304
738,0.28505642401675385
739,0.27814134769141674
740,0.3014548296729724
741,0.33412907769282657
742,0.37418998405337334
743,0.3005408849567175
744,0.7901845692346493
745,0.29209375381469727
746,0.34662014804780483
747,0.27059011968473595
748,0.2929062470793724
749,0.26484206194678944
750,0.3037579810867707
751,0.46984003608425456
752,0.32229357833663624
753,0.285753782838583
754,0.32106894875566167
755,0.30131632648408413
756,0.32952002560098964
757,0.2977723820755879
758,0.31348766945302486
759,0.2944912053644657
760,0.28104181587696075
761,0.30786979757249355
762,0.49112874269485474
763,0.2873841008792321
764,0.35138129256665707
765,0.33521836437284946
766,0.2838563285768032
767,0.28941182357569534
768,0.3184661877652009
769,0.27936407923698425
770,0.2729387500633796
771,0.29957753978669643
772,0.3017844694356124
773,0.3259027861058712
774,0.31900322002669174
775,0.3112531304359436
776,0.26502264725665253
777,0.28886037195722264
778,0.26209756794075173
779,0.2589339880893628
780,0.2814452176292737
781,0.2971286904066801
782,0.36419659728805226
783,0.5101154775669178
784,0.2743536339451869
785,0.2744634623328845
786,0.2673029340803623
787,0.36019048281013966
788,0.3598053939640522
789,0.26476372219622135
790,0.2755007781088352
791,0.31359646531442803
792,0.2677861185123523
793,0.2971196497480075
794,0.35661065640548867
795,0.295328368122379
796,0.30894299782812595
797,0.3424057209243377
798,0.33161421430607635
799,0.28237826315065223
800,0.3290619881202777
801,0.2793483318140109
802,0.35504199874897796
803,0.27788811425367993
804,0.30396185132364434
805,0.305064607411623
806,0.2697161963830392
807,0.28823030181229115
808,0.27428516559302807
809,0.5176594338069359
810,0.25831059490640956
811,0.31025311661263305
812,0.31387974073489505
813,0.42166257090866566
814,0.8775442329545816
815,0.6481563573082288
816,0.7461000196635723
817,0.9404528786738714
818,0.6884477511048317
819,1.3950538771847885
820,0.7921686035891374
821,0.6004641316831112
822,0.4732803149769704
823,0.5828732792288065
824,0.7310127951204777
825,2.7194998785853386
826,0.40648601700862247
827,0.40539032593369484
828,0.3692655085275571
829,0.3322883142779271
830,0.4973720933000247
831,0.39209414335588616
832,4.799232160672545
833,0.3487054407596588
834,0.3196836623052756
835,0.3909948008755843
836,0.4210575881103675
837,0.4044150610764821
838,0.4461864307522774
839,0.365956528733174
840,0.34913110981384915
841,0.3744870610535145
842,0.33623602986335754
843,0.37071322711805504
844,0.4058004096150398
845,0.6909227321545283
846,0.7818488106131554
847,0.986814945936203
848,0.9077558579544226
849,59.440618804345526
850,0.5928642687698206
851,0.9404908902943134
852,0.5989239166180292
853,0.5740248436729113
854,0.3661755981544654
855,0.3537010407696168
856,0.7231917108098666
857,0.40143556147813797
858,0.3814477262397607
859,0.6344218539694945
860,0.36962736770510674
861,0.527810720105966
862,1.3854378114144008
863,0.5370264785985152
864,0.7203356058647236
865,0.3541334929565589
866,0.34201824851334095
867,0.5376244237025579
868,0.3625241182744503
869,0.3717836507906516
870,0.3767303042113781
871,0.6290642861276865
872,0.8365370885779461
873,0.3656703804930051
874,0.551898026218017
875,0.5875528392692407
876,0.3690251726657152
877,0.35409847274422646
878,0.43503763775030774
879,0.49798256531357765
880,0.39702818791071576
881,0.37766500065724057
882,0.47975709040959674
883,0.3689185945938031
884,0.3518879817177852
885,0.5086386719097694
886,0.3157895430922508
887,0.3400701818366845
888,0.30841195831696194
889,0.8747422993183136
890,0.8954635448753834
891,0.29186298449834186
892,0.3122661715994279
893,0.28603061847388744
894,0.3464079635838668
895,0.30205443191031617
896,0.5355556110541025
897,0.3199276017645995
898,0.3371272099514802
899,0.3719499409198761
900,0.33406644066174823
901,0.5053408530851206
902,0.29887584783136845
903,0.33609191204110783
904,0.3330885265022516
905,0.29794460410873097
906,0.2896852350483338
907,0.47102638830741245
908,1.1446020255486171
909,0.682655026515325
910,0.8260890580713749
911,1.2931968967119853
912,1.9890304704507191
913,1.1044012407461803
914,0.7553001580139002
915,0.5639258076747259
916,0.6196745472649733
917,0.5486770123243332
918,0.6131987211604913
919,0.6766587148110071
920,0.6875869159897169
921,0.5957762623826662
922,1.6315824290116627
923,0.5121857225894928
924,0.3600093151132266
925,0.5121405807634195
926,0.628946665674448
927,0.5338967541853586
928,0.33071988138059777
929,0.5498976397017638
930,0.41046583900849026
931,0.3872525431215763
932,0.4268065132200718
933,0.4117854318271081
934,0.4937923749287923
935,0.5115393505742153
936,0.4299907224873702
937,0.3611852942655484
938,0.40634289383888245
939,0.42123563836018246
940,0.3635519780218601
941,0.3816200556854407
942,0.36702126637101173
943,0.37054890890916187
944,0.3574160809318225
945,0.5020426648358504
946,0.3560439261297385
947,0.4400008488446474
948,0.44118359064062435
949,0.3159983766575654
950,0.3175676167011261
951,0.38193680097659427
952,0.3997777837018172
953,0.3108657542616129
954,0.3817427475005388
955,0.45968249688545865
956,0.47847425130506355
957,0.3037449102848768
958,0.34374888986349106
959,0.28303065958122414
960,0.31900186650455
961,0.32914555072784424
962,0.3093523904681206
963,0.46494556218385696
964,0.34515175471703213
965,0.39207163204749423
966,0.29056276318927604
967,0.28269054119785625
968,0.3289561743537585
969,0.30638581203917664
970,0.44779763494928676
971,0.34906573841969174
972,0.3861650874217351
973,0.32598601281642914
974,0.3624971229583025
975,0.37480397522449493
976,0.3561396071066459
977,0.4011966120451689
978,0.7990680498381456
979,0.3033617517600457
980,0.29448947807153064
981,0.31503746037681896
982,0.35296125958363217
983,0.303260179857413
984,0.48315250873565674
985,0.32428701035678387
986,0.32528752523163956
987,0.27311719457308453
988,0.33458907219270867
989,0.5176710747182369
990,0.3030132781714201
991,0.2889532136420409
992,0.3125601199766
993,0.30380071699619293
994,0.5413807258009911
995,0.265596617013216
996,0.3218351062387228
997,0.3347482631603877
998,0.29751856873432797
999,0.29958085032800835
1000,0.27525157543520135
1001,0.31922644190490246
1002,1.0125891057153542
1003,1.758507326245308
1004,0.6332477095226446
1005,0.7133695719142755
1006,0.6904925691584746
1007,0.4978093362102906
1008,0.5702226832509041
1009,0.5356141788264116
1010,0.434698464969794
1011,0.4752166283627351
1012,0.4043524128695329
1013,0.5908255937198797
1014,0.6389847521980604
1015,0.41574878990650177
1016,0.3907531884809335
1017,0.5313569381833076
1018,0.48095991152028245
1019,0.5755806726713976
1020,0.3060364791502555
1021,0.43047353997826576
1022,0.3924699587126573
1023,0.4044719624022643
1024,0.39834784840544063
1025,0.4647328468660514
1026,0.355557419359684
1027,0.618539514640967
1028,0.5213634297251701
1029,0.34133129691084224
1030,0.348209689060847
1031,0.36215319608648616
1032,0.3124114368110895
1033,0.35555099447568256
1034,0.3980611165364583
1035,0.3537060630818208
1036,0.4086255965133508
1037,0.3363472657899062
1038,0.331163023908933
1039,0.32601360728343326
1040,0.6058967231462399
1041,0.4538905881345272
1042,0.321227602660656
1043,0.2857820503413677
1044,0.37501661479473114
1045,0.40466179326176643
1046,0.33993432112038136
1047,0.2952540498226881
1048,0.3044169309238593
1049,0.3842734998712937
1050,0.2975260044137637
1051,0.31916460394859314
1052,0.2906050042559703
1053,0.4216112171610196
1054,0.2997736092656851
1055,0.3141198034087817
1056,0.4724303496380647
1057,0.4544988752653201
1058,0.3702391019711892
1059,0.2726953799525897
1060,0.28063639253377914
1061,0.4304224631438653
1062,0.2980741218974193
1063,0.30151998189588386
1064,0.4451199658215046
1065,0.7632255367934704
1066,1.0410200494031112
1067,0.5847659856081009
1068,1.315560758113861
1069,0.5687176914264759
1070,0.4664649125188589
1071,0.7174631866316
1072,0.478836743781964
1073,0.496731070180734
1074,0.42459603771567345
1075,0.38827426234881085
1076,0.4199450674156348
1077,0.40372194970647496
1078,0.3507906359930833
1079,0.5107627250254154
1080,0.549578374872605
1081,0.35962842777371407
1082,0.4207865949720144
1083,0.3325288860748212
1084,0.32390272493163746
1085,0.3684525713324547
1086,0.45383494595686596
1087,0.4221411297718684
1088,0.3520831565062205
1089,0.3970496927698453
1090,0.6753667431573073
1091,0.30989398310581845
1092,0.3691885235408942
1093,0.3322094300140937
1094,0.41270701090494794
1095,0.37348053480188054
1096,0.3718894533813
1097,0.330901521568497
1098,0.45801975205540657
1099,0.5177245984474818
1100,0.3386123701930046
1101,0.45360604921976727
1102,0.37811077013611794
1103,0.3659615529080232
1104,0.3630276943246524
1105,0.3692253343760967
1106,0.32140821528931457
1107,0.34504851574699086
1108,0.3092204729715983
1109,0.32686352357268333
1110,0.40209702402353287
1111,0.29131219411889714
1112,0.28074651521941024
1113,0.33696498225132626
1114,0.289221303537488
1115,0.5673279662926992
1116,0.5042662986864647
1117,0.31495225553711254
1118,0.29589261921743554
1119,0.35585153351227444
1120,0.2834982754041751
1121,0.2786172175159057
1122,0.3470765197028716
1123,0.2875763463477294
1124,0.2903085021922986
1125,0.30745134068032104
1126,0.3294849998007218
1127,0.31885712904234725
1128,0.3148328761259715
1129,0.3334783725440502
1130,0.2877669253696998
1131,0.28124296230574447
1132,0.7418865598738194
1133,0.2775597460567951
1134,0.2977190390229225
1135,0.27799414098262787
1136,0.3011509043474992
1137,0.2505831973006328
1138,0.32972949370741844
1139,0.3140980713069439
1140,0.29759657258788746
1141,0.30225461659332115
1142,0.3204405040790637
1143,0.2945400606840849
1144,0.2918593802799781
1145,0.2748004160821438
1146,0.2962632402777672
1147,0.3127774732808272
1148,0.2960443689177434
1149,0.3359276056289673
1150,0.4443906955420971
1151,0.287334185714523
1152,0.2767222312589486
1153,0.2880953097095092
1154,0.33607705496251583
1155,0.31854963426788646
1156,0.2685428746044636
1157,0.27752699454625446
1158,0.2697923357288043
1159,0.30846210444966954
1160,0.31249811748663586
1161,0.2914887002358834
1162,0.2640218337376912
1163,0.2642696400483449
1164,0.49378452139596146
1165,0.2518077256778876
1166,0.31915590663750965
1167,0.27357814523080987
1168,0.41138271552821
1169,0.3038876677552859
1170,0.32328042574226856
1171,0.6768462676554918
1172,0.3159647099673748
1173,0.3009772878140211
1174,0.2741442658007145
1175,0.43960128786663216
1176,0.26761715424557525
1177,0.25886075136562187
1178,0.9925364678104719
1179,11.912727150445184
1180,0.8546883097539345
1181,0.31349875777959824
1182,0.29012443001071614
1183,0.3144712168723345
1184,0.2646578010171652
1185,0.7258928219477335
1186,0.39937664816776913
1187,0.3186209586759408
1188,0.278085570782423
1189,0.269320547580719
1190,0.40106533591945964
1191,0.32096344977617264
1192,0.429161598905921
1193,0.3309918822099765
1194,0.28178732718030614
1195,0.3680581661562125
1196,0.6756292860955
1197,0.315536438797911
1198,0.3946033176034689
1199,0.3150805452217658
1200,0.3308634466181199
1201,0.26751237114270526
1202,0.2868911735713482
1203,0.3472476502259572
1204,0.3281128779053688
1205,0.26930383406579494
1206,0.27246140129864216
1207,0.27524681637684506
1208,0.2628443955133359
1209,2.665774398172895
1210,0.3142075426876545
1211,0.3132137016703685
1212,0.31013742089271545
1213,0.2796493638306856
1214,0.2876771924396356
1215,0.34538464186092216
1216,0.38248942978680134
1217,0.3407273634026448
1218,0.3305706065148115
1219,0.31818529528876144
1220,1.094558959826827
1221,0.30621628897885483
1222,0.3606112450361252
1223,0.29352964212497074
1224,0.26407260199387866
1225,0.3038956969976425
1226,0.30974941576520604
1227,0.2572742731620868
1228,0.4278906434774399
1229,0.2647247842202584
1230,0.2800587440530459
1231,0.4731170100470384
1232,0.3014698065817356
1233,0.32307753649850685
1234,0.32108670473098755
1235,0.28823093076546985
1236,0.259559353813529
1237,0.31152951034406823
1238,0.262145151073734
1239,0.2870896253734827
1240,0.266637393583854
1241,0.28971495168904465
1242,0.2789464710901181
1243,0.3109759483486414
1244,0.3017472041149934
1245,0.30954396227995556
1246,0.2907255180180073
1247,0.3434642627835274
1248,0.2740255706012249
1249,0.25144006746510666
1250,0.29130666827162105
1251,0.2850813400000334
1252,0.28202157219250995
1253,0.3054702195028464
1254,0.46955113237102825
1255,0.2925023560722669
1256,0.5091928510616223
1257,0.32918138305346173
1258,0.2993145603686571
1259,0.2934226884196202
1260,0.2878528634707133
1261,0.28757107506195706
1262,0.29748172747592133
1263,0.3557079154998064
1264,0.3393634259700775
1265,0.28317255588869256
1266,0.31685025803744793
1267,0.2920645164946715
1268,0.28989809813598794
1269,0.3026192169636488
1270,0.278096837302049
1271,0.4415914174169302
1272,0.31354836747050285
1273,0.293709684163332
1274,0.2820094935595989
1275,0.3302982884148757
1276,0.37047880205015343
1277,0.32614583522081375
1278,0.2797012012451887
1279,0.3284761880834897
1280,0.2750704940408468
1281,0.2826774970938762
1282,0.2950446233153343
1283,0.30197252705693245
1284,0.28508659328023594
1285,0.2854236327111721
1286,0.46321734972298145
1287,0.3088879020263751
1288,0.2929930177827676
1289,0.27166655535499257
1290,0.2738562536736329
1291,0.3793613190452258
1292,0.26932648072640103
1293,0.27259055400888127
1294,0.2924182154238224
1295,0.3101187137266
1296,0.3274727612733841
1297,0.2962446870903174
1298,0.3005770295858383
1299,0.29859389923512936
1300,0.29465173929929733
1301,0.2653242802868287
1302,0.2708002179861069
1303,0.29855263233184814
1304,0.3200981294115384
1305,0.3035781867802143
1306,0.3439282961189747
1307,12.957216380164027
1308,0.32638941643138725
1309,0.2913528122007847
1310,0.5113045002023379
1311,0.31997178060313064
1312,0.3285181826601426
1313,0.3013723660260439
1314,0.30407708634932834
1315,0.3443098763624827
1316,0.3441559821367264
1317,0.3283180644114812
1318,0.4731732277820508
1319,0.4502247671286265
1320,0.3031965134044488
1321,0.2745171437660853
1322,0.27814648300409317
1323,0.6565171405673027
1324,0.2732286186267932
1325,0.30894918988148373
1326,0.30908432727058727
1327,0.3680718981971343
1328,0.3486388325691223
1329,0.3419143253316482
1330,0.39540435497959453
1331,0.3399430451293786
1332,0.33551231275002164
1333,0.3188925124704838
1334,0.3184349946677685
1335,0.27745462333162624
1336,0.3250424303114414
1337,0.43179155016938847
1338,0.396208838870128
1339,0.3313714377582073
1340,0.3287089591224988
1341,0.43389591450492543
1342,0.3365428702284892
1343,0.2772450825820367
1344,0.2651861583193143
1345,0.3120738361030817
1346,0.2939396978666385
1347,0.32190494736035663
1348,0.31108113874991733
1349,0.3207000320156415
1350,0.317818579574426
1351,0.3407531964282195
1352,0.330536304662625
1353,0.3048364178587993
1354,0.338857044155399
1355,0.3195507985850175
1356,0.29859962190190953
1357,0.3945884294807911
1358,0.3894067431489627
1359,0.35943590973814327
1360,0.3576400925715764
1361,0.2807111293077469
1362,0.3384999105085929
1363,0.31703177591164905
1364,0.38936709860960644
1365,0.31928429938852787
1366,0.3394985819856326
1367,0.31150333645443123
1368,0.3287319528559844
1369,0.28884992251793545
1370,0.31037867193420726
1371,0.28334749055405456
1372,0.30830808853109676
1373,0.28428119234740734
1374,0.2785751211146514
1375,0.290009044110775
1376,0.30208179478844005
1377,0.34345700591802597
1378,0.5902246261636416
1379,0.6317488141357899
1380,0.6945258118212223
1381,0.37722843637069065
1382,0.3599420686562856
1383,0.4067576279242833
1384,0.6049817179640135
1385,0.3214348790546258
1386,0.44418814529975253
1387,0.37835789161423844
1388,0.3293107356876135
1389,0.35998475179076195
1390,0.32715686969459057
1391,0.34328877553343773
1392,0.42759109164277714
1393,0.31910417787730694
1394,0.4612842643012603
1395,0.5079358530541261
1396,0.3526968794564406
1397,5.251717259486516
1398,0.6885042451322079
1399,0.3852650038897991
1400,0.33418254057566327
1401,0.4135602017243703
1402,0.36942343475917977
1403,0.3114852619667848
1404,0.6883264072239399
1405,0.32808908882240456
1406,0.3588956370949745
1407,0.33993196363250416
1408,0.3442362720767657
1409,0.3591606517632802
1410,0.40009912475943565
1411,4.634534635891517
1412,0.5641280704488357
1413,0.3083848773191373
1414,0.4802536287655433
1415,0.2901747760673364
1416,0.28511083746949833
1417,0.3073579501360655
1418,1.6508479944119852
1419,0.2779976924260457
1420,0.4396219501892726
1421,0.3661637182037036
1422,0.31078204698860645
1423,0.34620896354317665
1424,0.552644457668066
1425,0.41945145713786286
1426,0.29404458962380886
1427,0.3011148714770873
1428,0.36121214802066487
1429,0.29329968988895416
1430,0.3023945422222217
1431,0.3180677543083827
1432,0.32898542160789174
1433,0.3511735430608193
1434,0.293921144058307
1435,0.36583608761429787
1436,0.27254203520715237
1437,0.3021472841501236
1438,1.6934334089358647
1439,0.31649531175692874
1440,0.33567857556045055
1441,0.34986719116568565
1442,0.32868273307879764
1443,0.3865872137248516
1444,0.30354581276575726
1445,0.3241592515259981
1446,0.279280973598361
1447,0.4518172064175208
1448,0.47560472289721173
1449,0.2997940145432949
1450,0.5920943977932135
1451,0.30561165635784465
1452,0.312997833515207
1453,0.453335498770078
1454,0.32385421978930634
1455,0.2962753679603338
1456,0.2934368047863245
1457,0.3714936090012391
1458,0.3752821230640014
1459,0.4550698834160964
1460,0.29672810932000476
1461,0.32326872150103253
1462,0.3149966597557068
1463,0.31131569917003316
1464,0.3417796070377032
1465,0.3398402960350116
1466,0.3011835652093093
1467,0.2779705294718345
1468,0.3016251636048158
1469,0.3034208044409752
1470,0.31441325694322586
1471,0.3036622926592827
1472,0.32451019311944646
1473,0.31879057735204697
1474,0.37287186831235886
1475,0.29872209889193374
1476,0.29561091400682926
1477,0.35664991786082584
1478,0.7382835534711679
1479,0.2917178714027007
1480,0.275420689334472
1481,0.7148601083705822
1482,0.4870859148601691
1483,0.5035048561791579
1484,0.3708753076692422
1485,0.3042792212218046
1486,0.2990411998083194
1487,0.3001034390181303
1488,0.32318857312202454
1489,0.28565159253776073
1490,0.28319339950879413
1491,0.3153351830939452
1492,0.27690826542675495
1493,0.29204870263735455
1494,0.3100155219435692
1495,0.34649658265213173
1496,0.3306921422481537
1497,0.3071697714428107
1498,0.45159699643651646
1499,0.5843884547551473
1500,0.3847485166043043
1501,0.29563620996971923
1502,0.32319930382072926
1503,0.3656471197803815
1504,0.6669682115316391
1505,0.348381952693065
1506,0.3756497347106536
1507,0.29892747352520627
1508,0.3719658702611923
1509,0.3193860985338688
1510,0.3077193610370159
1511,0.31580332790811855
1512,0.37261260114610195
1513,0.3064606140057246
1514,0.35719038483997184
1515,0.29824000783264637
1516,0.29890032795568305
1517,0.3096899278461933
1518,0.3256249260157347
1519,0.2938337295005719
1520,0.34235108954211074
1521,0.3170619159936905
1522,0.7762153130024672
1523,0.30623612614969414
1524,0.3495108348627885
1525,0.3380032032728195
1526,0.329805916796128
1527,0.34383103748162586
1528,0.4500407452384631
1529,0.3023860851923625
1530,0.2949151247739792
1531,0.38647234439849854
1532,0.3407131327937047
1533,0.3090614688893159
1534,0.34234528119365376
1535,0.3494425254563491
1536,0.4245118051767349
1537,0.3462562561035156
1538,0.32786349082986516
1539,0.3346540766457717
1540,0.29640299330155057
1541,0.4116537633041541
1542,0.2697822339832783
1543,0.2983507278064887
1544,0.29445277092357475
1545,0.31667277589440346
1546,0.35509344438711804
1547,0.2995690157016118
1548,0.35448579490184784
1549,0.31846221288045246
1550,0.2940097035219272
1551,0.2992307146390279
1552,0.3303910320003827
1553,0.27250427566468716
1554,0.2929760192831357
1555,0.3067817098150651
1556,0.3021160376568635
1557,0.35433311636249226
1558,0.5562888123095036
1559,0.3275047466158867
1560,0.33089590693513554
1561,0.3259691732625167
1562,0.3666260913014412
1563,0.3401347665737073
1564,0.6303095482289791
1565,0.29360437703629333
1566,0.36210313563545543
1567,0.3290862403810024
1568,0.3487186941007773
1569,0.33644383152325946
1570,0.295324915399154
1571,0.7132669066389402
1572,0.3119484943648179
1573,0.31306795837978524
1574,0.34145789841810864
1575,0.3058112661043803
1576,0.3524726368486881
1577,0.5234025940299034
1578,0.5224058491488298
1579,0.8077515934904417
1580,0.32145601759354275
1581,0.2967793283363183
1582,0.5364415297905604
1583,0.30037191820641357
1584,0.3153016231954098
1585,0.3175916137794654
1586,0.31335791014134884
1587,0.3773193570474784
1588,0.3830494284629822
1589,0.3385048781832059
1590,0.3138889620701472
1591,0.47014787979424
1592,0.36984578395883244
1593,0.34467886077860993
1594,0.32327075613041717
1595,0.32497671122352284
1596,0.3438605380554994
1597,0.33544707236190635
1598,0.40381817519664764
1599,0.35030687352021533
1600,0.6943828302125136
1601,0.3541414837042491
1602,0.3219694246848424
1603,0.3458561555792888
1604,0.31792273620764416
1605,0.3201668585340182
1606,0.34017573048671085
1607,0.326971481864651
1608,0.6835633404552937
1609,0.3127489537000656
1610,0.3119625908633073
1611,0.3714399163921674
1612,0.35332963181038696
1613,0.3627161743740241
1614,0.45154278352856636
1615,0.3117489293217659
1616,0.28809674580891925
1617,0.3384314433981975
1618,0.33530090749263763
1619,0.3920360890527566
1620,0.3216285283366839
1621,0.47149762014547986
1622,0.2977072708308697
1623,0.30745378881692886
1624,0.3135451450943947
1625,0.5179837433000406
1626,0.40056783830126125
1627,0.4445047415792942
1628,0.7235989620288213
1629,0.6027836923797926
1630,0.5083326871196429
1631,0.6644863312443098
1632,0.5182288562258085
1633,0.48167864109079045
1634,0.39582167752087116
1635,0.33070288226008415
1636,0.40962307155132294
1637,1.0713496816655
1638,0.4999422989785671
1639,0.47319982076684636
1640,0.5439376942813396
1641,1.4286440821985404
1642,0.3157859034836292
1643,0.33439277733365697
1644,0.4817512234052022
1645,0.38851916169126827
1646,0.3754296178619067
1647,0.3240625907977422
1648,0.34285013750195503
1649,0.41967962061365444
1650,0.46607182671626407
1651,0.4314292259514332
1652,3.374067542453607
1653,3.456878756483396
1654,2.6774292290210724
1655,0.48413464178641635
1656,0.5755196952571472
1657,0.6217388237516085
1658,0.40395967041452724
1659,0.5360984181364378
1660,0.688157876332601
1661,1.6489728676776092
1662,1.165701727072398
1663,0.7633768618106842
1664,0.4812447813649972
1665,0.5382387079298496
1666,0.4345114106933276
1667,0.5364112158616384
1668,0.6447108549376329
1669,0.43558164065082866
1670,0.5060737170279026
1671,0.4323798790574074
1672,0.8283973994354407
1673,0.3951887674629688
1674,0.4388945239285628
1675,0.5489765952030817
1676,0.38180501386523247
1677,0.3013696148991585
1678,0.3230607956647873
1679,0.8465149067342281
1680,0.5267885103821754
1681,0.5367525604863962
1682,0.35726698363820714
1683,0.3417585715651512
1684,0.38317212586601573
1685,0.41189877688884735
1686,0.4195890600482623
1687,0.8448557555675507
1688,0.39456488316257793
1689,0.3400502068301042
1690,1.2401980099578698
1691,0.7915116635461649
1692,0.7430967253943285
1693,0.7861814635495344
1694,1.0654976007839043
1695,1.3475488771994908
1696,0.7614932296176752
1697,0.6524800745149454
1698,0.4588887318968773
1699,0.4155962069829305
1700,0.36969608068466187
1701,0.4954502135515213
1702,0.525989850362142
1703,0.5883299050231775
1704,0.36034710705280304
1705,0.39656660457452136
1706,0.3713860052327315
1707,0.5141803920269012
1708,0.4494431869437297
1709,0.40833300972978276
1710,0.44816799834370613
1711,0.3595402662952741
1712,0.5448051529626051
1713,0.47555666292707127
1714,1.5599222170809905
1715,0.417518462985754
1716,0.42737677817543346
1717,0.497730831305186
1718,0.9935535105566183
1719,0.43876772249738377
1720,0.3367591438194116
1721,0.36152833451827365
1722,0.6821078745027384
1723,0.9907611434658369
1724,1.1189493487278621
1725,0.7775501050055027
1726,1.3421898980935414
1727,0.6911857662101587
1728,0.6291218027472496
1729,0.5947608028848966
1730,0.33306050673127174
1731,0.4372686520218849
1732,0.4235289494196574
1733,0.45315947383642197
1734,0.4370955651005109
1735,0.470226405809323
1736,0.5356175924340884
1737,0.36333900069197017
1738,0.4244244247674942
1739,0.36298496772845584
1740,0.32096010943253833
1741,0.377828624099493
1742,0.5019568614661694
1743,0.8444591797888279
1744,0.4175749259690444
1745,0.4509817759195964
1746,0.9967237810293833
1747,0.4607661801079909
1748,0.3779834061861038
1749,0.40000221754113835
1750,0.37317243218421936
1751,0.35226476689179737
1752,0.6002840921282768
1753,0.6130798781911532
1754,0.8051638752222061
1755,1.242745799322923
1756,0.8847448651989301
1757,0.7144066815574964
1758,0.6040823298195998
1759,0.588317759335041
1760,1.07662608101964
1761,0.7695033388833205
1762,0.460908276339372
1763,0.5197376273572445
1764,0.50063681229949
1765,0.4636994202931722
1766,0.537986259907484
1767,0.7393810438613097
1768,2.586917338271936
1769,7.2160275392234325
1770,0.36723657449086505
1771,0.405398632089297
1772,0.449448158343633
1773,0.34829549367229146
1774,0.4551122151315212
1775,0.448359443495671
1776,0.582238265623649
1777,0.46643858030438423
1778,0.4033240204056104
1779,0.3670228235423565
1780,0.3380702386299769
1781,0.5443923498193423
1782,0.6070910369356474
1783,0.48780343929926556
1784,0.5950516064961752
1785,2.385467472175757
1786,4.363649630298217
1787,0.7301003088553747
1788,1.5735764962931473
1789,1.2774806916713715
1790,0.5502947034935156
1791,0.4009016851584117
1792,1.2197162322700024
1793,0.38527678946654004
1794,0.361287201444308
1795,0.5049560330808163
1796,0.49093693494796753
1797,0.5543266286452612
1798,0.48487222505112487
1799,0.46917149300376576
1800,0.39053446302811307
1801,0.3670145832002163
1802,0.31714361533522606
1803,0.3156818151473999
1804,0.39141739159822464
1805,1.1337268973390262
1806,0.47954778124888736
1807,0.594850609699885
1808,0.626381499071916
1809,0.47471994037429494
1810,0.38770917306343716
1811,0.3734380602836609
1812,0.4817233942449093
1813,0.4107155576348305
1814,0.45556237176060677
1815,0.41401712720592815
1816,0.6219796960552534
1817,0.4631044293443362
1818,0.44592373197277385
1819,0.39548663546641666
1820,0.389973243077596
1821,0.34463411942124367
1822,0.3620873987674713
1823,0.3544344554344813
1824,0.4308052907387416
1825,0.41748423377672833
1826,0.4164544480542342
1827,0.47890821347634
1828,0.5105359144508839
1829,0.3729417969783147
1830,0.38415799910823506
1831,0.3842970629533132
1832,390.93984591960907
1833,0.43726489692926407
1834,0.4881396194299062
1835,0.37234751135110855
1836,0.4237298406660557
1837,0.5966998549799124
1838,0.5229401340087255
1839,0.4025212936103344
1840,0.47285116588075954
1841,0.3647007904946804
1842,0.36726080377896625
1843,0.42156483232975006
1844,0.4441787004470825
1845,0.4631115533411503
1846,0.40992636357744533
1847,0.781857625891765
1848,0.7133932287494341
1849,0.7049425318837166
1850,1.3635193941493828
1851,1.797314574321111
1852,1.972859475761652
1853,0.4084237354497115
1854,0.44905537863572437
1855,1.912799034267664
1856,0.4915239289402962
1857,0.5249371814231077
1858,0.7400754752258459
1859,0.6635263624290625
1860,0.9870081233481566
1861,0.8531373391548792
1862,0.37628402188420296
1863,0.358882375061512
1864,0.4282451954980691
1865,0.5969174976150194
1866,0.4853367122511069
1867,0.4234276699523131
1868,0.6573641188442707
1869,0.5487954008082548
1870,0.5048349102338155
1871,0.4373564310371876
1872,0.534575371692578
1873,0.3711343395213286
1874,0.438441368440787
1875,0.38138125464320183
1876,0.4409339278936386
1877,0.4674203172326088
1878,0.8122383852799734
1879,1.000870667397976
1880,0.7889082866410414
1881,1.1042710927625496
1882,0.692462932318449
1883,0.831798292696476
1884,0.5927897393703461
1885,0.4473711947600047
1886,0.3949308395385742
1887,0.3850492152074973
1888,0.5235696509480476
1889,1.2186064273118973
1890,0.5158537539343039
1891,0.4858778441945712
1892,1.0863513052463531
1893,0.516979057341814
1894,0.7511075735092163
1895,0.7287804099420706
1896,0.606024165948232
1897,0.4020074854294459
1898,0.3922717695434888
1899,0.5192458306749662
1900,0.5358490869402885
1901,0.5452903173863888
1902,0.45832402507464093
1903,0.5244578023751577
1904,0.39014336466789246
1905,0.864997286349535
1906,0.5747228028873602
1907,0.683794841170311
1908,1.0982135037581127
1909,0.4593057955304782
1910,0.5480877297619978
1911,0.5636306119461855
1912,0.5181207247078419
1913,0.5150427110493183
1914,1.8273748854796092
1915,1.3553026703496773
1916,0.4861628438035647
1917,0.5023801053563753
1918,1.4767971610029538
1919,0.4343080048759778
1920,0.44044365485509235
1921,0.47429853056867916
1922,0.4383371037741502
1923,0.5680252028008302
1924,0.4277660995721817
1925,0.4005776457488537
1926,0.3970319293439388
1927,0.3953501097857952
1928,0.41581273078918457
1929,0.39883576333522797
1930,0.4873955075939496
1931,0.49767756710449856
1932,0.5071243258814017
1933,0.42841534068187076
1934,0.4321609052519004
1935,4.316772813598315
1936,2.5185172520577908
1937,0.4710344622532527
1938,0.4014643132686615
1939,0.4240398680170377
1940,0.49237164482474327
1941,0.9361631299058596
1942,1.2243990177909534
1943,0.8974146172404289
1944,0.6975976899266243
1945,1.6524341118832429
1946,1.0376510545611382
1947,2.019371365507444
1948,1.7372979645927746
1949,0.8845808381835619
1950,1.8405959693094094
1951,5.752689644694328
1952,0.6396324497958025
1953,1.2225210070610046
1954,0.5674306638538837
1955,0.9033990005652109
1956,0.5143137735625108
1957,0.5283248325188955
1958,0.6383519309262434
1959,0.5936117942134539
1960,0.4442550217111905
1961,0.7925987703104814
1962,0.6518533254663149
1963,0.6599887957175573
1964,0.7995710869630178
1965,0.5570884793996811
1966,1.2382125022510688
1967,0.5421767607331276
1968,0.4184819608926773
1969,0.4294443652033806
1970,0.43122348189353943
1971,0.37291015684604645
1972,0.6299535123010477
1973,1.0241515686114628
1974,2.3354289506872496
1975,0.9794007912278175
1976,0.9657803090910116
1977,1.0596553981304169
1978,0.6477631131807963
1979,0.8564232724408308
1980,1.4159230167667072
1981,1.491005669037501
1982,0.7362690605223179
1983,0.5912312517563502
1984,0.6080351583659649
1985,0.6941825685401758
1986,0.5339219023784002
1987,0.4341363199055195
1988,0.45214730873703957
1989,0.48781220242381096
1990,0.3816206455230713
1991,0.4981106681128343
1992,0.4750754063328107
1993,0.607121949394544
1994,0.5549037344753742
1995,2.87122555822134
1996,0.4791993200778961
1997,0.4728681494792302
1998,4.468257947514455
1999,0.4201330232123534
