# it, mean_episode_cot
0,0.8711387605095903
1,3.427134265502294
2,6.272451675186555
3,2.3079181189338365
4,2.7249698837598166
5,2.7240997031331062
6,2.441649300356706
7,1.6479990979035695
8,3.4858763118584952
9,3.3824357638756433
10,7.2740650450189905
11,3.890597924590111
12,3.8141549775997796
13,2.145925914247831
14,2.7779641101757684
15,3.0396062433719635
16,5.514274095495542
17,2.6584416727224984
18,4.785704771677653
19,2.618901178240776
20,4.073485309878985
21,6.6553935110569
22,4.028991376360257
23,2.9327143679062524
24,3.5557520240545273
25,4.735841964681943
26,5.798084517319997
27,3.252248009045919
28,6.246990114450455
29,2.786189615726471
30,4.297117655475934
31,2.8500061134497323
32,3.4727580895026526
33,4.342083498835564
34,3.7736027389764786
35,2.796416794260343
36,4.515347694357236
37,3.8981874734163284
38,4.7492769459883375
39,3.6583240032196045
40,5.272240608930588
41,3.5683120439449945
42,5.667048980792363
43,3.243835081656774
44,3.0365422566731772
45,3.2990011125802994
46,6.873084311683972
47,58.604514787594475
48,1.6821029633283615
49,1.7670912891626358
50,1.66522212823232
51,2.6410813877979913
52,2.016023427248001
53,1.499397079149882
54,1.6822913363575935
55,1.1452779024839401
56,0.9424265374739965
57,1.1290482804179192
58,0.8563320090373358
59,21.631077577670414
60,1.223907855649789
61,0.8066174189249674
62,0.7652672727902731
63,0.8183979988098145
64,0.7349183534582456
65,0.8231477811932564
66,0.6985082228978475
67,0.767766090730826
68,0.9823657597104708
69,0.8356788804133733
70,0.6691032325228056
71,0.7066245004534721
72,0.7022489383816719
73,0.6916576102375984
74,0.6329168354471525
75,1.1115857337911923
76,0.6217964440584183
77,0.6711396450797716
78,0.9926375697056452
79,0.6517272777855396
80,0.640946793059508
81,0.6873518948753675
82,0.605843593676885
83,1.153889499604702
84,0.7662794714172682
85,0.6249487698078156
86,0.6319258858760198
87,0.6205199013153712
88,0.6026043618718783
89,0.7431367027262846
90,0.5505579151213169
91,0.5806455959876379
92,0.5630673207342625
93,0.6644154625634352
94,0.5873884235819181
95,0.5531199462711811
96,0.5872875886658827
97,0.5705498531460762
98,0.5736743720869223
99,0.6857411426802477
100,0.5787549279630184
101,3.915897178153197
102,0.5840070955455303
103,0.913164651642243
104,0.6461459870139757
105,0.6836947339276472
106,0.5779381083945433
107,0.6130828447639942
108,0.5220697000622749
109,0.522376815478007
110,0.5197670571506023
111,0.5342734257380167
112,0.6759823200603327
113,0.5110359241565069
114,0.5462851002812386
115,0.5054059512913227
116,0.5673018544912338
117,0.54927172139287
118,0.5496544217069944
119,0.5056687022248904
120,0.5123729904492696
121,0.5387382308642069
122,0.6681400015950203
123,0.5288120818634828
124,0.5194415052731832
125,0.5066438727080822
126,0.5284545545776685
127,0.5204593154291312
128,0.5003715430696806
129,0.5385300529499849
130,0.6461364924907684
131,0.5913669082025687
132,0.49729565779368085
133,0.4871134137113889
134,0.9827607969443003
135,0.5927708844343821
136,0.5477285074690977
137,0.5082499347627163
138,0.5771045361955961
139,0.4637323518594106
140,1.1042316667735577
141,0.570836586256822
142,0.4487270762523015
143,0.4769324101507664
144,0.5335439170400301
145,0.4638052818675836
146,0.6777584068477154
147,0.47630225121974945
148,0.5963036070267359
149,0.43400222063064575
150,0.45613526925444603
151,0.44190751761198044
152,0.44700364271799725
153,0.4369746794303258
154,0.4350396580994129
155,0.4875928424298763
156,0.659649687508742
157,0.46536975850661594
158,0.6441938194135824
159,0.9355018498996893
160,0.4178537540137768
161,0.4875035372873147
162,0.4251430941124757
163,0.4096597159902255
164,0.5027619277437528
165,0.4110528143743674
166,0.4550234489142895
167,0.5951705550154051
168,0.45211905241012573
169,0.4440775973101457
170,0.4023504654566447
171,0.4251672451694806
172,0.6615808544059595
173,0.6343821411331495
174,0.41255010043581325
175,0.4952041345338027
176,0.44959236681461334
177,0.4700559228658676
178,0.5000852917631468
179,0.5170142265657584
180,0.40341025590896606
181,0.5840691874424616
182,0.5237430321673552
183,0.4214959256350994
184,0.4096970756848653
185,0.3945641989509265
186,0.5083379546801249
187,0.45763055980205536
188,0.5704965765277544
189,0.5989736020565033
190,0.6113872081041336
191,0.7155604672928652
192,0.4206429881354173
193,0.48300756389896077
194,0.5805534931520621
195,0.6356330364942551
196,0.5380089059472084
197,0.5790331015984217
198,0.6713753454387188
199,0.5066365425785383
200,0.5018386393785477
201,0.5479261589546999
202,0.5542460642755032
203,0.711951262007157
204,0.7944829935828844
205,0.4995289221405983
206,0.7128149457275867
207,0.9578767567873001
208,0.5118776758511862
209,0.5669309484461943
210,0.4858451721568902
211,0.4969048984348774
212,0.5197290082772573
213,0.4536837451159954
214,0.4609614983201027
215,0.49120358005166054
216,0.43120916560292244
217,0.4175901797910531
218,0.6064815645416578
219,0.6075962769488493
220,1.5026110808054607
221,0.40046171223123866
222,0.40075235689679783
223,0.4760245295862357
224,0.4344119615852833
225,0.44609957933425903
226,0.3697364317874114
227,0.36195150141914684
228,0.39481248209873837
229,0.4023068994283676
230,0.39989600082238513
231,0.3526833268503348
232,0.39278005187710124
233,0.4292522805432479
234,0.44340075304110843
235,0.36091797798871994
236,0.37347237517436344
237,0.37487533936897915
238,0.5216803352038065
239,0.41429827362298965
240,0.3433102381726106
241,0.3812251177926858
242,0.5596006040771803
243,0.399886983136336
244,0.43795158217350644
245,0.4282645160953204
246,0.5025309001406034
247,0.350304735203584
248,0.40149203936258954
249,0.3927633973459403
250,1.0401549103359382
251,0.5162173534433047
252,0.5004348494112492
253,0.4228738298018773
254,0.4329058341681957
255,0.5669364196558794
256,0.4341592999796073
257,0.5293794448177019
258,0.5728883954385916
259,0.46426039189100266
260,0.8118273441990217
261,0.574039451777935
262,0.47819863880674046
263,0.43525829538702965
264,0.5907917457322279
265,0.44193629051248234
266,0.45840036993225414
267,0.4367162634929021
268,0.39821359018484753
269,0.48140285536646843
270,0.4216771138211091
271,0.409076480815808
272,0.3722715638577938
273,0.4187151516477267
274,0.4083106592297554
275,0.39256875962018967
276,0.5251754571994146
277,6.671752029409011
278,0.4330398465196292
279,0.5561589089532694
280,0.43959299847483635
281,0.41798411433895427
282,0.3607434071600437
283,0.6758509092032909
284,0.4429379304250081
285,0.3556631865600745
286,0.3523084906240304
287,0.5335758278767267
288,0.4483759291470051
289,0.4442997711400191
290,0.42531197269757587
291,0.4771678385635217
292,0.3423416403432687
293,0.3570052807529767
294,0.42778655762473744
295,0.48933016632994014
296,1.3311536895732086
297,0.33707743634780246
298,0.3367466206351916
299,0.33549269412954646
300,0.3560602677365144
301,0.4815125875174999
302,0.31468909978866577
303,0.34607240930199623
304,0.3240642100572586
305,0.322400430838267
306,0.35703947270909947
307,0.3342112178603808
308,0.33025488009055454
309,0.3121533654630184
310,0.32624300941824913
311,0.33347329373161
312,0.368089880173405
313,0.3388177913924058
314,0.44403553754091263
315,0.5929263556996981
316,0.32823101058602333
317,0.3704933350284894
318,0.3340524521966775
319,0.3948906535903613
320,0.33485474189122516
321,0.32038360337416333
322,0.3320608486731847
323,0.3259063350657622
324,0.36325500657161075
325,0.33223044375578564
326,0.34169242593149346
327,0.38810931767026585
328,0.3477706474562486
329,0.32844341297944385
330,0.39231997231642407
331,0.35583653797705966
332,0.36476950347423553
333,0.3311377701659997
334,0.41460326065619785
335,0.48054922247926396
336,0.3517218939960003
337,0.3362987202902635
338,0.32389090582728386
339,0.32552004729708034
340,0.3223208586374919
341,0.3424677923321724
342,0.3392494358122349
343,0.3882875156899293
344,0.31904083242019016
345,0.35290805002053577
346,1.099420761068662
347,0.3147796355187893
348,0.3572670519351959
349,0.3558276407420635
350,0.3183535213271777
351,0.35380756730834645
352,0.3418064738313357
353,0.330718282610178
354,0.37881882799168426
355,0.44661495089530945
356,0.3166871356467406
357,0.31999873369932175
358,0.3497808389365673
359,0.33496133734782535
360,1.1131615775326889
361,0.40389007329940796
362,0.46475983411073685
363,0.3147958926856518
364,0.31960224608580273
365,0.31471197431286174
366,0.31342724710702896
367,0.33040857190887135
368,0.3103024822970231
369,0.32400140911340714
370,1.2114837914705276
371,0.42051316673556965
372,0.320090277120471
373,0.3166498926778634
374,0.43448581794897717
375,0.34182262048125267
376,0.7012220062315464
377,0.3235727747281392
378,0.32466540733973187
379,0.3446606708069642
380,0.36103685200214386
381,0.29383839294314384
382,0.31850696355104446
383,0.30967729290326435
384,0.3856603379050891
385,0.4382519709567229
386,0.3045012131333351
387,0.3660852002600829
388,0.3099737788240115
389,0.31426520893971127
390,0.31386156007647514
391,0.3595004913707574
392,0.3862633357445399
393,0.32632796963055927
394,0.353938194612662
395,0.3371230314175288
396,0.3140973827491204
397,0.37116645897428197
398,0.3253092523664236
399,0.32218506187200546
400,0.31816791867216426
401,0.39280490577220917
402,0.30461105580131215
403,0.32499690850575763
404,0.3849815235783656
405,0.3598317913711071
406,0.3247646590073903
407,0.2991002102692922
408,0.4860982683797677
409,0.3717629288633664
410,0.3130592902501424
411,0.37429239228367805
412,0.4064217781027158
413,0.3076203353703022
414,0.3046767885486285
415,0.3008735490341981
416,0.2939680131773154
417,0.6253733380387226
418,0.3870123376448949
419,0.32771673053503036
420,0.3295840695500374
421,0.35075896978378296
422,0.3629220674435298
423,0.35055745765566826
424,0.30731407180428505
425,0.9212591337660948
426,1.1891885412236054
427,0.4233420540889104
428,0.339646910627683
429,0.3077190009256204
430,0.35646043966213864
431,0.2946195888022582
432,0.3200881779193878
433,0.31407105798522633
434,0.33084856532514095
435,0.30107520644863445
436,0.4489891454577446
437,0.3455626579622428
438,0.6106195983787378
439,2.959377095103264
440,0.6144238536556562
441,0.4558420081933339
442,0.5179454113046328
443,0.43011896560589474
444,0.5505337206025919
445,0.35840988469620544
446,0.43244292835394543
447,0.43271492173274356
448,0.3861292377114296
449,0.3286052259306113
450,0.3908628113567829
451,0.3326951401929061
452,0.32064493373036385
453,0.38668007279435795
454,0.8202062658965588
455,0.33012644201517105
456,0.3683452655871709
457,0.4755793201426665
458,0.3454661766688029
459,0.4558699068923791
460,0.3379790124793847
461,0.6857958858211836
462,0.39153531442085904
463,0.34278546149532
464,0.3634396431346734
465,0.40098943188786507
466,0.4240146552522977
467,0.3625245379904906
468,0.49075710338850814
469,0.35225653648376465
470,0.6818014395733675
471,0.7050436598559221
472,0.505936241398255
473,0.3374090666572253
474,0.33347612867752713
475,0.33802425240476924
476,0.3402031709750493
477,0.3126615472137928
478,0.32427295049031574
479,0.28444822132587433
480,0.3137901922067006
481,0.3611917793750763
482,0.3559379776318868
483,0.3203003661086162
484,0.3071065756181876
485,0.2770504622409741
486,0.33759814376632374
487,0.34348250428835553
488,0.32494044428070384
489,0.37032776201764744
490,0.3416926811138789
491,0.2777586318552494
492,0.3430143240839243
493,0.2938207797706127
494,0.31592078941563767
495,0.30665219637254876
496,0.32276195908586186
497,0.2997379756222169
498,0.3025078848004341
499,0.29720590511957806
500,0.4048942190905412
501,0.3002927241226037
502,0.29613607625166577
503,0.3166144924859206
504,0.35949925271173316
505,0.8498932036260763
506,0.3155252623061339
507,0.29221854358911514
508,0.3871830180287361
509,0.31647983007133007
510,0.3663142006844282
511,0.39275573131938774
512,0.3140159162382285
513,0.301284642269214
514,0.2764961551874876
515,0.40191030502319336
516,0.29438825013736886
517,0.30505319498479366
518,0.27649710575739544
519,0.27440962195396423
520,0.3169374944021304
521,0.27336129421989125
522,0.5611980197330316
523,0.2965404639641444
524,0.32148522945741814
525,0.32136857757965726
526,0.30454447865486145
527,0.3643257071574529
528,0.31554395767549676
529,0.32666578081746894
530,0.3682574424892664
531,0.3158074350406726
532,0.32779721605281037
533,0.271003399665157
534,0.376334335654974
535,0.3247424978762865
536,4.194414855291446
537,0.7586231672515472
538,0.3286614629129569
539,0.3372882877786954
540,0.29219456762075424
541,0.2996803820133209
542,0.27783880196511745
543,0.5446046056846777
544,0.3521954057117303
545,0.30343085899949074
546,0.3273689479877551
547,0.30254950871070224
548,0.40273599326610565
549,0.26689873449504375
550,0.2825510160376628
551,0.2741835303604603
552,0.28702226964135963
553,0.30902472138404846
554,0.2874080805728833
555,0.30355538489917916
556,0.3149466576675574
557,0.31882392677168053
558,0.5333484541624784
559,0.28166569707294303
560,0.31078593370815116
561,0.31986030253271264
562,0.3141975825031598
563,0.4661670209219058
564,0.2786364095906417
565,0.28006847264866036
566,0.28974493965506554
567,0.2844738997519016
568,0.29749938162664574
569,0.26556465464333695
570,0.32239263877272606
571,0.293078347419699
572,0.36467110986510914
573,0.4448452393213908
574,0.3276162960877021
575,0.31108257981638116
576,0.293244082480669
577,0.3621306686351697
578,0.2661309807250897
579,0.28676887601614
580,0.341514494890968
581,0.27493425148228806
582,0.25618195595840615
583,0.26759347257514793
584,0.27332014217972755
585,0.2854784956822793
586,0.2845487091690302
587,0.35317519431312877
588,0.2886727551619212
589,0.3227421883493662
590,0.26433717521528405
591,0.3128193238129218
592,0.2802098871519168
593,0.29089174047112465
594,0.2966061631838481
595,0.2857553182790677
596,0.5783095266669989
597,0.2962830426792304
598,0.25504522025585175
599,0.6315240208059549
600,0.3796902348597844
601,0.2469136876364549
602,0.2649434407552083
603,0.27130510037144023
604,0.2545019146054983
605,0.2553575988858938
606,0.2622000357757012
607,0.2972365450114012
608,0.24161203329761824
609,0.2646593091388543
610,0.2622036164005597
611,0.32524744731684524
612,0.2547988810886939
613,0.2543055408944686
614,0.2840433580180009
615,0.30286382635434467
616,0.30649610112110776
617,0.2800990318258603
618,0.28974782799681026
619,0.3769878999640544
620,0.32248815211157006
621,0.28338565739492577
622,0.3953371047973633
623,0.27301754243671894
624,0.37661562239130336
625,0.37423217048247653
626,0.28071729963024455
627,0.26860973176856834
628,0.325907826423645
629,0.2639766341696183
630,0.5649637822061777
631,0.26909563566247624
632,0.2788130833456914
633,0.2950707183529933
634,0.2702140975743532
635,103.8988978335013
636,0.2566900172581275
637,0.27455195287863415
638,0.2689865467449029
639,0.36823406629264355
640,0.27848232847948867
641,0.37863941056032974
642,0.39389711742599803
643,0.32727677561342716
644,0.3412501588463783
645,0.26914289966225624
646,0.2938025401284297
647,0.2954781539738178
648,0.24769252414504686
649,0.30180542667706806
650,0.2821847063799699
651,0.3292335557440917
652,0.2861791495233774
653,0.2598491534590721
654,0.24426392652094364
655,0.754434697329998
656,0.28167908638715744
657,0.2649283471206824
658,0.2929645615319411
659,0.25274817397197086
660,0.2591413489232461
661,0.30785009389122325
662,0.26859953813254833
663,0.32563138132294017
664,1.6300020658721526
665,0.24395259221394858
666,0.2646977975964546
667,0.2634942705432574
668,0.3076183187464873
669,0.29127295439441997
670,0.2855395780255397
671,0.3547002399961154
672,0.29452050973971683
673,0.2836549660811822
674,0.24939076912899813
675,0.3131777433057626
676,0.3074074673155944
677,0.30803463483850163
678,0.2529771818468968
679,0.2833571850011746
680,0.2592509798705578
681,0.24255594735344252
682,0.24217434227466583
683,0.2916021229078372
684,0.259236844877402
685,0.2589413107683261
686,0.2515200370301803
687,0.2600869592279196
688,0.2484556157141924
689,0.26761744109292823
690,0.28087121061980724
691,0.3224939666688442
692,0.26761008364458877
693,0.28665736069281894
694,0.2931046672165394
695,0.2786050873498122
696,0.30258248125513393
697,0.34364545283218223
698,0.2555206883698702
699,0.2553815928598245
700,0.2522795833647251
701,0.28194820570449036
702,0.2534820518145959
703,0.34376875559488934
704,0.28979055769741535
705,0.256616431598862
706,0.2602861486375332
707,0.24294192716479301
708,0.2745139313240846
709,0.2513807322829962
710,0.26214761659502983
711,0.27098685689270496
712,0.30285923803846043
713,0.37846827569107216
714,0.29286316720147926
715,0.2502493243664503
716,0.31146335539718467
717,0.2405609538157781
718,0.24372926478584608
719,0.2527430672198534
720,0.2958274135986964
721,0.2635734435170889
722,0.25977826801439124
723,0.24101937065521875
724,0.4529105133066575
725,0.2696286104619503
726,0.231151287133495
727,0.2419970966875553
728,0.27329945998887223
729,0.27054245832065743
730,0.2546515880773465
731,0.9874532750497261
732,0.2384921076397101
733,0.2639639445890983
734,0.40872862314184505
735,0.24505243947108588
736,0.24804916977882385
737,0.2600230599443118
738,0.25630155329902965
739,0.285116458311677
740,0.24875135098894438
741,0.3720335954179366
742,0.2685257028788328
743,0.27493584031860036
744,0.26849742357929546
745,0.27050818006197613
746,0.3338167207936446
747,0.2599221368630727
748,0.2546288234492143
749,0.2611168120056391
750,0.23498432586590448
751,0.34711279285450775
752,0.2807181899746259
753,0.2566275366892417
754,0.3050769393642743
755,0.3038762006908655
756,0.3290687253077825
757,0.27395261637866497
758,0.26500981735686463
759,0.25851958865920704
760,0.2631210604061683
761,0.3069341530402501
762,0.25989979691803455
763,0.2437017677972714
764,0.41299698253472644
765,0.3599837614844243
766,0.3381261794517438
767,0.23995167079071203
768,0.30091037414968014
769,0.2455242561797301
770,0.25828767754137516
771,0.40809216164052486
772,0.27263485578199226
773,0.23730574486156306
774,0.3666458359609048
775,0.2560420154283444
776,0.26919843008120853
777,0.25961165068050224
778,0.2800243614862363
779,0.25143141113221645
780,0.24051493406295776
781,0.7022389775762955
782,0.3101074422399203
783,0.24712985629836717
784,3.5918670812000832
785,0.26910713128745556
786,0.395576265330116
787,0.253848310559988
788,0.2317633517086506
789,0.24713373370468616
790,0.2569931223988533
791,0.25929839226106804
792,0.2764413965245088
793,0.3147475104779005
794,0.429242642596364
795,0.257170120254159
796,0.2707223519682884
797,0.2618702252705892
798,0.2794618296126525
799,0.2628165228913228
800,0.25315857864916325
801,0.3026135327915351
802,0.24744591054817042
803,9.341149343798557
804,0.23741283267736435
805,0.25367483620842296
806,0.3271882093201081
807,0.24671452678740025
808,0.23965874128043652
809,0.2592666254689296
810,0.28017942296961945
811,0.2644880736867587
812,0.3132548990348975
813,0.27140515359739464
814,0.46440973691642284
815,0.4551755543798208
816,0.4380815476179123
817,0.43631658641000587
818,0.4664854574948549
819,0.513133987163504
820,0.37360766405860585
821,0.30465677566826344
822,0.2866274894525607
823,0.396408149972558
824,0.2954722760866086
825,0.2926962443937858
826,2.5947795528918505
827,0.25205095546940964
828,0.2551184954742591
829,0.2680903747677803
830,0.3017351397623618
831,0.32582606685658294
832,0.26474268672366935
833,0.3408687139550845
834,0.37520798792441684
835,0.28194649269183475
836,0.3098119304825862
837,0.5077493246644735
838,0.3561259116977453
839,0.5707092496256033
840,0.4008548663308223
841,0.25350214168429375
842,0.28938016792138416
843,0.26798709854483604
844,0.2418956353018681
845,0.29036015023787815
846,0.3993643733362357
847,0.5258445776998997
848,0.49812249032159645
849,0.9533159825950861
850,0.7936182071765264
851,0.38432744331657887
852,0.26097826038797695
853,0.423728587726752
854,0.34482953511178493
855,0.49360085899631184
856,0.255453006674846
857,0.33993301292260486
858,0.28631920864184696
859,0.27021439621845883
860,0.2805568954596917
861,0.29516669549047947
862,0.2617584665616353
863,0.26843222168584663
864,0.2822431189318498
865,0.4607654207696517
866,0.24306407881279787
867,0.7541829055796067
868,0.2723629909257094
869,0.264039592196544
870,0.2781007916977008
871,0.25723294106622535
872,0.29519998592634994
873,0.332721957936883
874,0.2783138882368803
875,0.28049078956246376
876,0.2568564588824908
877,0.576660506427288
878,0.2963217807312806
879,0.2681649470080932
880,0.27807362874348956
881,0.4014121275395155
882,0.25907558637360734
883,0.38700537259380025
884,0.25849534571170807
885,0.28373433214922744
886,0.2649533798297246
887,0.25185361318290234
888,0.26671509134272736
889,0.2593618581692378
890,0.504793164630731
891,0.28808089594046277
892,0.2619393238176902
893,0.2782603092491627
894,0.25911468702058
895,0.2694414152453343
896,0.24001408057908216
897,0.28890893670419854
898,0.26366594433784485
899,0.27660139339665574
900,0.2747007515281439
901,0.25523715528349084
902,0.28045234580834705
903,0.31980679370462894
904,1.1445458736270666
905,0.24536784179508686
906,0.2664506956934929
907,0.2612743141750495
908,0.25100547385712463
909,0.32837007691462833
910,0.26140786583224934
911,0.27171681510905427
912,0.26446589392920333
913,0.25726915212968987
914,0.2662016575535138
915,0.26582635194063187
916,0.27740402643879253
917,0.4100026302039623
918,0.25389987602829933
919,0.26986417050162953
920,0.28164671671887237
921,0.2625055778771639
922,0.27919677769144374
923,0.3300024600078662
924,0.2856154354910056
925,0.34726287548740703
926,0.2557325803985198
927,0.26604482779900235
928,0.2957939822226763
929,0.2580159654219945
930,0.2774426235506932
931,0.27603594089547795
932,0.2523645938684543
933,0.31524657892684144
934,0.24870939428607622
935,0.27511770837008953
936,0.3414290404568116
937,0.3118053426345189
938,0.28409678240617114
939,0.26542913541197777
940,0.2821793382366498
941,0.37485813287397224
942,0.2878092788159847
943,0.24886090184251466
944,0.27271485266586143
945,0.2692181374877691
946,0.2819202517469724
947,0.5817083232104778
948,0.25518257978061837
949,0.27112546501060325
950,0.2459303376575311
951,0.4248624586810668
952,1.7138237208127975
953,0.3485830978800853
954,0.3088054371376832
955,0.35789717982212704
956,0.33877822384238243
957,0.32758176885545254
958,0.3288198771576087
959,0.27796645400424796
960,0.2857587244361639
961,0.29739992941419285
962,0.31649864464998245
963,0.2915794545163711
964,0.3972953110933304
965,0.27257368589440983
966,0.9021268064777056
967,0.3275269344449043
968,0.26079384113351506
969,0.2879024017602205
970,0.27722532240053016
971,1.4218833185732365
972,0.37985896443327266
973,0.2648017934213082
974,0.4331322858730952
975,0.2816668500502904
976,1.7324459354082744
977,0.2956086949755748
978,0.29016140041251975
979,0.7433718803028265
980,0.26844419352710247
981,0.2941720001399517
982,0.2952615072329839
983,0.28870842916270095
984,1.0187620340536039
985,0.2954863626509905
986,0.4348357965548833
987,0.3430149679382642
988,0.27709066371123
989,0.2535218968987465
990,1.4033107322951157
991,0.3171284608542919
992,0.36108963812390965
993,0.3104335938890775
994,0.3360581224163373
995,0.30328720062971115
996,0.2942493334412575
997,0.2681003101170063
998,0.3571969537685315
999,0.35826969395081204
