# it, mean_episode_cot
0,0.12279966784020264
1,0.2673070381085078
2,0.8139690111080805
3,2.791143324226141
4,3.2814352797965207
5,1.8171596030394237
6,1.295660267273585
7,2.74085533618927
8,1.7066900506615639
9,1.8322569876909256
10,2.312009111046791
11,2.6807832519213357
12,12.873248010873795
13,3.4108012318611145
14,2.6007537990808487
15,3.2954175422588983
16,2.230313614010811
17,3.08344138165315
18,2.8115779161453247
19,3.38810325662295
20,3.076474294066429
21,2.873104269305865
22,20.60911765197913
23,2.56958070397377
24,3.7679060945908227
25,2.6386267840862274
26,3.649724543094635
27,4.096441492438316
28,4.152809485793114
29,5.030796532829602
30,3.22852290670077
31,5.0703164935112
32,8.534944127003351
33,3.6162872264782586
34,2.760971888899803
35,3.812841907143593
36,5.816432197888692
37,3.710343619187673
38,3.32159852484862
39,3.1977493117252984
40,141.26205942531428
41,2.911827469865481
42,3.3705246845881143
43,2.726294274131457
44,3.797290861606598
45,2.381173014640808
46,2.363745624820391
47,3.442715043822924
48,2.526485105355581
49,1.7507002850373585
50,1.725250740845998
51,1.3694930225610733
52,1.3366637751460075
53,1.088651033739249
54,1.0301407128572464
55,0.9758179411292076
56,0.887577123939991
57,0.9062547286351522
58,1.2644017686446507
59,1.039398655295372
60,0.9892257551352183
61,0.8469292546312014
62,0.7270137046774229
63,0.8175536220272382
64,0.6758460129300753
65,1.0931788384914398
66,0.672942504286766
67,0.7075923110047976
68,0.6693364481131235
69,0.6665929506222407
70,0.6272634876271089
71,0.6651376858353615
72,0.6047747507691383
73,0.7735077564915022
74,0.5934545919299126
75,0.5742226541042328
76,0.7016370507578055
77,0.5848391590019067
78,0.6099265242616335
79,0.7532442038257917
80,0.6117875774701437
81,0.5781055465340614
82,0.6142117902636528
83,0.5396776385605335
84,0.5823949724435806
85,0.588886143018802
86,0.5476313705245653
87,0.9167897465328375
88,0.64671549325188
89,0.5754150052865347
90,0.5378607163826624
91,0.5892453069488207
92,0.5220039611061414
93,0.5151888666053613
94,0.8812194876372814
95,0.48948368430137634
96,0.5205929142733415
97,0.525394830852747
98,0.529074472685655
99,0.4856994574268659
100,0.558708971987168
101,0.5520993893345197
102,1.43219360212485
103,0.49330922588706017
104,0.4750204471250375
105,0.5854010557134947
106,0.5649181716144085
107,0.5110261874894301
108,0.4493567682802677
109,6.202415198087692
110,0.459010021140178
111,0.45389359320203465
112,0.4709364374478658
113,0.4357227720320225
114,0.46143492807944614
115,0.41181398803989094
116,0.46185675635933876
117,0.42987077062328655
118,1.14596018816034
119,0.4224182131389777
120,0.4213366483648618
121,0.6121789626777172
122,0.410080973058939
123,0.4175320441524188
124,0.4280012957751751
125,0.36138538519541424
126,0.37073078627387684
127,0.4758627898991108
128,0.3649533577263355
129,0.4589418185253938
130,0.37679940089583397
131,0.3454889891048272
132,0.36809755489230156
133,0.34646331643064815
134,0.33860809604326886
135,0.4197722561657429
136,0.7332055059572061
137,0.3473624835411708
138,0.822956612954537
139,0.3324381150305271
140,0.40850576634208363
141,0.3966072102387746
142,0.35386668518185616
143,0.3702216222882271
144,0.457962729036808
145,0.4009820017963648
146,0.3268328172465165
147,0.3770665116608143
148,0.3077988214790821
149,0.41296537841359776
150,0.38696835438410443
151,0.3066273977359136
152,0.3094441629946232
153,0.2958276780943076
154,0.28389947054286796
155,0.3551757826159398
156,0.29386108244458836
157,0.3703068209191163
158,0.330722368011872
159,0.4034929846723874
160,0.2997514499972264
161,0.26746778562664986
162,0.4353465319921573
163,0.3403468082348506
164,0.4868373268594344
165,0.3850605183591445
166,0.2772604177395503
167,0.28059543296694756
168,0.28600902917484444
169,0.27279706858098507
170,0.3245597171286742
171,0.2871790310988824
172,0.30210314442714054
173,0.268910330409805
174,0.28896013647317886
175,0.302941394969821
176,0.2862146670619647
177,0.3618753521392743
178,0.2587870688488086
179,0.3147639998545249
180,0.4318272427966197
181,0.46355891413986683
182,0.31970139406621456
183,0.26161816033224267
184,0.2743654766430457
185,0.26335530293484527
186,0.26655268544952077
187,0.2547023631632328
188,0.37819842124978703
189,0.6185954778144757
190,0.4339129688839118
191,0.29052147765954334
192,0.3091790899634361
193,0.3749176835020383
194,0.31137087009847164
195,0.3336245163033406
196,0.3067795280367136
197,0.3196965139359236
198,0.25631094351410866
199,0.34596716177960235
200,2.8582782093435526
201,0.33259236129621667
202,0.3248112481087446
203,0.36803988677759963
204,0.2709844497342904
205,0.2757608313113451
206,0.9734832880397638
207,0.27383894224961597
208,0.2742909050236146
209,0.25495076924562454
210,0.31143649977942306
211,0.27026949884990853
212,0.2560908080389102
213,0.30617973146339256
214,0.28260775779684383
215,0.30683616424600285
216,0.810050576304396
217,0.331404863546292
218,0.3749214131385088
219,0.8687227362145981
220,0.3820284480849902
221,0.4616319263974826
222,0.3291268019626538
223,1.1376272849738598
224,0.44514450430870056
225,0.5999131345500549
226,0.6022131511320671
227,0.981533112625281
228,0.7152219675481319
229,0.2642823780576388
230,0.24204989584783712
231,0.24671625966827074
232,0.3099583803365628
233,0.3158502131700516
234,0.2570212123294671
235,0.29332794807851315
236,0.25164227187633514
237,0.2547882863630851
238,0.2454106186827024
239,0.349892133846879
240,0.29511998407542706
241,0.25772272360821563
242,0.2720098899056514
243,0.23797105376919112
244,0.24707745077709356
245,0.24996422603726387
246,0.6550380550324917
247,0.24357203332086405
248,0.23889554850757122
249,0.44002093747258186
250,0.25118621190388996
251,0.4796961471438408
252,0.5178306742260853
253,0.4766530965765317
254,0.3286449157943328
255,0.2817073942472537
256,0.2489381649841865
257,0.26278898182014626
258,0.2759844089547793
259,0.269276762381196
260,0.3391213535020749
261,0.30731857133408386
262,0.2992137409746647
263,0.3437989763915539
264,0.2933816723525524
265,0.28899388139446575
266,0.281680425008138
267,0.2370598210642735
268,0.2633523531258106
269,0.2697193864732981
270,0.39567649737000465
271,0.2661354597657919
272,0.2838824049880107
273,0.27797629684209824
274,0.34976610292991
275,0.325786246607701
276,0.39228680543601513
277,0.2622668320933978
278,0.33123088131348294
279,0.3542345203459263
280,0.3818125780671835
281,0.3440132923424244
282,0.2946038705607255
283,0.3719958961009979
284,0.5197766696413358
285,0.4510063162694375
286,0.3880312778055668
287,0.626567700256904
288,1.7778180247793596
289,1.0936032012104988
290,1.0347702254851658
291,0.2589534632861614
292,0.28764471660057706
293,0.263496616234382
294,0.25665516033768654
295,0.24273779056966305
296,0.21794528514146805
297,0.2842721976339817
298,0.3161505317936341
299,0.3335442778964837
300,0.22749054804444313
301,0.26138103070358437
302,0.28257421031594276
303,0.278965104992191
304,0.2779499764243762
305,0.22338958953817686
306,0.26183597929775715
307,0.2878431286662817
308,0.27560274737576645
309,0.23090231666962305
310,0.6805443546424309
311,0.29240567050874233
312,0.25111239838103455
313,0.22819134034216404
314,0.2670030575245619
315,0.2925573506702979
316,0.23608900854984918
317,0.27597451706727344
318,0.24673272917668024
319,0.27852044937511283
320,0.24741008939842382
321,0.22337670375903448
322,0.24728021522363028
323,0.2308934796601534
324,0.2564664191255967
325,0.28741088571647805
326,0.24116798117756844
327,0.23699326751132807
328,0.23608552602430186
329,0.24408232110242048
330,0.30634494374195737
331,0.24030187291403612
332,0.4264144779493411
333,0.2775820754468441
334,0.45851715343693894
335,0.23293577382961908
336,0.23375011856357256
337,0.25241647971173126
338,0.26344578464825946
339,0.24474072394271693
340,0.2577067588766416
341,0.2795879015078147
342,0.22387227974832058
343,0.23829487400750318
344,0.2399720593045155
345,0.26042559059957665
346,0.22747432067990303
347,0.22808139336605868
348,0.250877579053243
349,0.23609528255959353
350,0.28408724007507163
351,0.25023127533495426
352,0.2689364602168401
353,0.23004234582185745
354,0.2347683422267437
355,0.21961481062074503
356,0.23992140777409077
357,0.24418179069956145
358,0.2254251018166542
359,0.2539474945515394
360,0.3347694321225087
361,0.28227805470426875
362,0.24091584545870623
363,0.2891985382884741
364,0.23602976153294244
365,0.23750977528591952
366,0.3309396201123794
367,0.24655891520281634
368,0.24464295928676924
369,0.23814615793526173
370,0.23765898495912552
371,0.2868617257724206
372,0.24255263743301234
373,0.2372682075947523
374,0.23968147796889147
375,0.28258622748156387
376,0.30360571543375653
377,0.24940617072085539
378,0.22763185327251753
379,0.26101858727633953
380,0.25952152038613957
381,0.23630540321270624
382,0.2793704153349002
383,0.2708849186698596
384,0.27341025446852046
385,0.22819752370317778
386,0.259165171533823
387,0.24888272831837335
388,0.22301865182816982
389,0.26481941528618336
390,0.23376149870455265
391,0.3361786591509978
392,0.3091413372506698
393,0.32792799174785614
394,0.3425932681808869
395,0.22235819200674692
396,0.23184832806388536
397,0.2188685139020284
398,0.2274333517998457
399,0.3660121640811364
400,0.24699607056876025
401,0.2497202648470799
402,0.22998416485885778
403,0.31968757572273415
404,0.23491384213169417
405,0.2594956960529089
406,0.2453903704881668
407,0.21927307670315108
408,0.2605338469147682
409,0.29745287261903286
410,0.2503310019771258
411,0.2261496316641569
412,0.26923243266840774
413,0.2459315446515878
414,0.23939346646269163
415,0.37124488689005375
416,0.23235535497466722
417,0.20983423168460527
418,0.2345953652014335
419,0.2506077519307534
420,0.22722411279877028
421,0.24996145566304526
422,0.4421121111760537
423,0.29115076425174874
424,0.22805112103621164
425,0.23503614962100983
426,0.23009225726127625
427,0.2229064510514339
428,0.22580394645531973
429,0.22566852470239004
430,0.22468113961319128
431,0.24711278018852076
432,0.21794301457703114
433,0.23683114039401212
434,0.25353855018814403
435,0.43885443607966107
436,0.23064680335422358
437,0.21370849013328552
438,0.2175272343059381
439,0.2233486653616031
440,0.24495501071214676
441,0.2610994800925255
442,0.3588597954561313
443,0.2513456294933955
444,0.23959983636935553
445,0.2882234677672386
446,0.2415761842081944
447,0.2383956592530012
448,0.22628798087437949
449,0.22256349585950375
450,0.2648668612043063
451,0.21298955815533796
452,0.22809368434051672
453,0.26420561348398525
454,0.2563069835305214
455,0.22399671686192354
456,0.24478354615469775
457,0.29713304961721104
458,0.2513510199884574
459,0.21802064031362534
460,0.22924554844697317
461,0.2075683604925871
462,0.2964261708160241
463,0.30380468256771564
464,0.2427561158935229
465,0.2251675557345152
466,0.2759093704322974
467,0.23938008521993956
468,0.22078136913478374
469,0.21527534599105516
470,0.4056234235564868
471,0.40668747822443646
472,0.4676680328945319
473,0.4098350964486599
474,0.30476874485611916
475,0.21338543854653835
476,0.22370397547880808
477,0.23423386427263418
478,0.23290055493513742
479,0.23121407752235731
480,0.29116000918050605
481,0.2295635206003984
482,0.21402846028407416
483,0.22836495811740556
484,0.22212359309196472
485,0.2345439481238524
486,0.2255810865511497
487,0.2397202147791783
488,0.2435049470514059
489,0.3042563820878665
490,0.211120101933678
491,0.23548951310416064
492,0.2040288591136535
493,0.4811303603152434
494,0.2277661015590032
495,0.2727166377007961
496,0.2794282945493857
497,0.22884267754852772
498,0.21846925218900046
499,0.22320979895691076
500,0.2435661175598701
501,0.22948875464498997
502,0.21898091149826845
503,0.3114616380383571
504,0.25697530433535576
505,0.21049739296237627
506,0.23098531054953733
507,0.32117045236130554
508,0.2538226867715518
509,0.21125988413890204
510,0.2401846262315909
511,0.22962043123940626
512,0.24432440971334776
513,0.28606468501190346
514,0.2795700275649627
515,0.2302494285007318
516,0.26336830606063205
517,0.29516179362932843
518,0.2179276111225287
519,0.23928332142531872
520,0.22648469110329947
521,0.27350039097170037
522,0.2878761577109496
523,0.2208346500992775
524,0.4019243897249301
525,0.22549016463259855
526,0.2904556480546792
527,0.31601289473474026
528,0.26493989303708076
529,0.37364395273228485
530,0.27264063122371834
531,0.22935472863415876
532,0.20614885166287422
533,0.2463876766463121
534,0.21490259220202765
535,0.20863869289557138
536,0.2176230295250813
537,0.21351517364382744
538,0.43334524643917877
539,0.20762264418105283
540,0.27433153117696446
541,0.37325504670540494
542,0.20707666811843714
543,0.24183212779462337
544,0.21243340087433657
545,0.22930523318548998
546,1.3133000650753577
547,0.22239568953712782
548,0.22055169567465782
549,0.23179512346784273
550,0.2335519560923179
551,0.22654537546137968
552,0.4103467855602503
553,0.22867923292020956
554,0.2354500504831473
555,0.2130094071229299
556,0.22756923424700895
557,0.22733466885983944
558,0.22861470219989619
559,0.28261812776327133
560,0.24138889151314893
561,0.23057802207767963
562,0.2111599954466025
563,0.22657816422482333
564,0.2404367116590341
565,0.24549983069300652
566,0.24621988522509733
567,0.24137526812652746
568,0.2447151696930329
569,0.23008550703525543
570,0.5996170869717995
571,0.211738932877779
572,0.23368638567626476
573,0.49754593148827553
574,0.23673107971747717
575,0.2392708584666252
576,0.24458265925447145
577,0.34973878785967827
578,0.33096414618194103
579,0.22102276546259722
580,0.2206053181240956
581,0.223196088646849
582,0.21973240189254284
583,0.25730074880023796
584,0.22452806681394577
585,0.20997697239120802
586,0.34863137515882653
587,0.28450719950099784
588,0.20908041360477606
589,0.243693549806873
590,0.24101761976877847
591,0.21477020966509977
592,0.23279243893921375
593,0.2482273162653049
594,0.24713351453344026
595,0.2235523567845424
596,0.24076958931982517
597,0.23720835832258066
598,0.2390839805205663
599,0.3899461819479863
600,0.26418401921788853
601,0.23199394159018993
602,0.23813776299357414
603,0.2344354558736086
604,0.21787729238470396
605,0.26692545724411804
606,0.2818068843334913
607,0.2475865582625071
608,0.3431876680503289
609,0.23300285637378693
610,0.25287631961206597
611,0.2338201298067967
612,0.26598254839579266
613,0.4061581666270892
614,0.29884519179662067
615,0.22414403408765793
616,0.227582149207592
617,0.678153441598018
618,0.269159821793437
619,0.21547887039681277
620,0.2275720921655496
621,0.22718806378543377
622,0.22521862015128136
623,0.26353748391071957
624,0.24791718708972135
625,0.2179512126992146
626,0.25349059763054055
627,0.27353621398409206
628,0.2917300791790088
629,2.4409823305904865
630,0.21444708046813807
631,0.24291289038956165
632,0.2444358846793572
633,0.4138258174061775
634,0.3788462411612272
635,0.28811047536631423
636,0.2614579958220323
637,0.30870978720486164
638,0.2816937994211912
639,0.2544184358169635
640,0.24454811960458755
641,0.37981343145171803
642,0.2345473716656367
643,0.2587216645479202
644,0.4802877642214298
645,0.23377460427582264
646,0.214999716108044
647,0.33219846213857335
648,0.2801902946084738
649,0.2192788968483607
650,0.23360072945555052
651,0.22313767857849598
652,0.24037066971262297
653,0.22142615914344788
654,0.22733813586334387
655,0.25299880901972455
656,0.22492245150109133
657,0.22409597101310888
658,0.2785471112777789
659,0.21973582295080027
660,0.23951774463057518
661,0.23893621005117893
662,0.250319954007864
663,0.23998985439538956
664,0.2754473779350519
665,0.22423584386706352
666,0.3784816296150287
667,0.2292214979728063
668,0.2215655061105887
669,0.22391431778669357
670,0.23320953734219074
671,0.23099368810653687
672,0.23292921980222067
673,0.22402292179564634
674,0.22003347985446453
675,0.2563019823282957
676,0.34124056870738667
677,0.24543612326184908
678,0.39565799447397393
679,0.2583684703956048
680,0.26778068703909713
681,0.4699530017872651
682,0.25844259187579155
683,0.2179578933864832
684,0.3148054350167513
685,0.2403433465709289
686,0.2794664278626442
687,0.22712612648804983
688,0.31138530870278675
689,0.2418063792089621
690,0.2367711445937554
691,0.2621152078111966
692,0.255435049533844
693,0.2264715302735567
694,0.2399054355919361
695,0.23163428840537867
696,0.4161553916831811
697,0.23638829464713731
698,0.2706145929793517
699,0.2548288634667794
700,0.2369704625258843
701,0.2812219342837731
702,0.25585643326242763
703,0.2302977138509353
704,0.251849081988136
705,0.23957468631366888
706,0.23290566044549146
707,0.23405490753551325
708,0.23676847666502
709,0.2506626018633445
710,0.22553862817585468
711,0.3618590924888849
712,0.22140276059508324
713,0.2976567205041647
714,0.2641196803500255
715,0.21881463999549547
716,0.22446040126184622
717,0.23104948177933693
718,0.2903623301535845
719,0.2582688281933467
720,0.2695832836131255
721,0.29803406695524853
722,0.2373249630133311
723,0.25186485424637794
724,0.23804585511485735
725,0.8884930921097597
726,0.29985869862139225
727,0.49182126112282276
728,0.24932107950250307
729,0.38268328582247096
730,0.2164335505415996
731,0.23526393497983614
732,0.23931406376262507
733,0.30284390846888226
734,0.2566221139083306
735,0.32901079518099624
736,0.21702444863816103
737,0.25481217292447883
738,0.28714255802333355
739,0.26413629452387494
740,0.6591110918670893
741,0.23314599692821503
742,0.33152257340649766
743,0.2686450195809205
744,0.3324848301708698
745,0.22606745486458144
746,0.3131992171208064
747,0.3322663928071658
748,0.24693538621068
749,0.22729182864228883
750,0.3655397929251194
751,0.23167473636567593
752,0.24833426314095655
753,0.6378049645572901
754,0.26365525337557
755,0.2817056265970071
756,0.24656199850142002
757,0.21522807950774828
758,0.25572200243671733
759,0.4685437064617872
760,0.970560735091567
761,0.30469756200909615
762,0.24466507757703462
763,0.21812037254373232
764,0.25425312605996925
765,0.2440342934181293
766,0.22431198507547379
767,0.2969743274152279
768,0.5328925717622042
769,0.24491823588808379
770,0.2498650470127662
771,0.2412077741076549
772,0.2510118105759223
773,0.26200035649041337
774,0.25582464908560115
775,0.2550635114312172
776,0.23040122352540493
777,0.2770370977620284
778,0.2698135934770107
779,0.3221830663581689
780,0.2630188862482707
781,0.3004624340683222
782,0.24290240742266178
783,0.2445272666712602
784,0.49300825595855713
785,0.33990668194989365
786,0.2209647415826718
787,0.22999996629854044
788,0.23185129215319952
789,0.2752140512069066
790,0.23664991122980913
791,0.22888188064098358
792,0.24011939018964767
793,0.3833160139620304
794,0.2859539942195018
795,0.23766939900815487
796,0.25153470908602077
797,0.2361666727811098
798,0.2432965791473786
799,0.23233693155149618
800,0.2587364446371794
801,0.2364326398819685
802,0.23395330210526785
803,0.22317585349082947
804,0.30221779954930145
805,0.24424873106181622
806,0.24746185230712095
807,0.3275045727690061
808,0.23620744980871677
809,0.2513353309283654
810,0.474709485967954
811,0.49146700215836364
812,0.22178109300633272
813,0.24350444103280702
814,0.22149819570283094
815,1.8400686637808878
816,0.25079653846720856
817,0.28483512128392857
818,0.2576045375317335
819,0.2402927310516437
820,0.26291308117409545
821,0.2179606445133686
822,0.2677698240925868
823,0.409471179669102
824,0.28259950193266076
825,0.21739857022960982
826,0.2104105787972609
827,0.21921482309699059
828,0.3928992245346308
829,0.2972829428811868
830,0.3057697558154662
831,0.21679340427120528
832,0.23006204018990198
833,0.23598213121294975
834,0.32350579214592773
835,0.2822681696464618
836,0.23466353553036848
837,0.2920309106508891
838,0.2574035258342822
839,0.22708665703733763
840,0.24541407947738966
841,0.2627876115341981
842,0.3070892207324505
843,0.2348872305204471
844,0.2821719783047835
845,0.32368686857322854
846,0.22001014711956182
847,0.23157491721212864
848,0.2994756704817216
849,0.23216861300170422
850,0.24685345279673734
851,0.2442302145063877
852,0.2503725904971361
853,0.22991335516174635
854,0.22387046739459038
855,0.23855853825807571
856,0.39645289567609626
857,0.2912707564731439
858,0.2473418197284142
859,0.4859945879628261
860,0.2770150266587734
861,0.22792856581509113
862,0.649620907381177
863,0.31777708356579143
864,0.28660884872078896
865,0.230203486358126
866,0.2309641744941473
867,0.2737702988088131
868,0.34671370436747867
869,0.22255267078677812
870,0.8076599140961965
871,0.48184883780777454
872,0.5161493395765623
873,0.26677423777679604
874,0.22970590305825075
875,0.40615711236993474
876,0.24536716317137083
877,2.064473658800125
878,0.23970205336809158
879,0.2819934530804555
880,0.2328428371498982
881,0.22927987513442835
882,0.23888181274135908
883,0.2582997934271892
884,0.830071589599053
885,0.2684424997617801
886,0.24256110253433386
887,0.2242152988910675
888,0.3039284646511078
889,0.5483033756415049
890,0.3064648763587077
891,0.23436896751324335
892,0.266540827229619
893,0.25558446533977985
894,0.37875205154220265
895,0.24921369242171446
896,0.24772711532811323
897,0.24758719404538473
898,0.30940207342306775
899,0.24302994584043822
900,0.2733367395897706
901,0.2216415541867415
902,0.2215946534027656
903,0.36150700474778813
904,0.270692673822244
905,0.2497639451175928
906,0.4164165997256835
907,0.48893422198792297
908,0.2696538319190343
909,0.243019196515282
910,0.2586145779738824
911,0.2643409402420123
912,0.24814803712069988
913,0.2486709567407767
914,0.30937587780257064
915,0.38842278222242993
916,0.32579485264917213
917,0.24076261123021445
918,0.2383274957537651
919,0.5952113841970762
920,0.260040186966459
921,0.26466788599888486
922,0.2539475541561842
923,0.22656604585548243
924,0.3101279369244973
925,0.25440896302461624
926,0.2987028161684672
927,0.24019288457930088
928,0.2389151230454445
929,0.23192318777243295
930,0.24218162521719933
931,0.2465507866193851
932,0.3638061322271824
933,0.32358749210834503
934,0.2792159542441368
935,0.2606056146323681
936,0.24770362861454487
937,0.25393307705720264
938,0.2561867007364829
939,0.2460479394843181
940,0.28407568981250125
941,0.3576372507959604
942,0.29389192536473274
943,0.23501265359421572
944,0.2565556870152553
945,0.2424370851367712
946,0.23293595078090826
947,0.37584727071225643
948,0.25197905612488586
949,0.33087615855038166
950,0.3106296124557654
951,0.2522080137083928
952,0.23525663278996944
953,0.31579146596292657
954,0.30819774232804775
955,0.25917313682536286
956,0.46060032149155933
957,0.9609042902787527
958,0.2991712422420581
959,0.2593018946548303
960,0.3174065953741471
961,0.27568325276176137
962,0.24517129299541315
963,0.3732261639088392
964,0.3450220314164956
965,0.29151586381097633
966,0.27179023437201977
967,0.24778325917820135
968,0.25398306859036285
969,0.2967531196773052
970,0.274052856490016
971,0.2882499657571316
972,0.2408574614673853
973,0.22616957562665144
974,0.24961165773371854
975,0.32569358435769874
976,0.2757936343550682
977,0.2825349699705839
978,0.26598025175432366
979,0.2637205831706524
980,0.28415757479767006
981,0.24637778848409653
982,0.27681739442050457
983,0.3440394538144271
984,0.3193786373982827
985,0.25783259111146134
986,0.2478641470273336
987,0.24902381002902985
988,0.25566388045748073
989,0.3406108773003022
990,0.2562269189705451
991,0.2573950042327245
992,0.29341880790889263
993,0.3104878906160593
994,0.283403975268205
995,0.33293377980589867
996,0.26571872271597385
997,0.26748509767154854
998,1.2344208098948002
999,0.24582083833714327
1000,0.3486454524099827
1001,0.25852437193195027
1002,0.29148525185883045
1003,0.36633555342753726
1004,0.3278212870160739
1005,0.2790874590476354
1006,0.2578057659169038
1007,0.25366301958759624
1008,0.24337380255262056
1009,0.25814136924842995
1010,0.30960827444990474
1011,0.25743042305111885
1012,0.260159923384587
1013,0.3683094543715318
1014,0.26615908183157444
1015,0.25614499921600026
1016,0.25563222107787925
1017,0.2613035130004088
1018,1.0149883106350899
1019,0.29961045645177364
1020,0.2901203433672587
1021,0.2800358446935813
1022,0.2454611286520958
1023,0.31823433997730416
1024,0.2657185240338246
1025,0.34129412348071736
1026,0.3541375454515219
1027,0.3235698323696852
1028,0.6529868009189764
1029,0.5162853635847569
1030,0.2569026021907727
1031,0.25680480400721234
1032,0.24346002067128816
1033,0.2847156183173259
1034,0.3474923117707173
1035,0.2653150310118993
1036,0.24931258025268713
1037,0.2636986169964075
1038,0.36341863436003524
1039,0.33285882758597535
1040,0.3156000766903162
1041,0.3206955175846815
1042,0.27398498853047687
1043,0.26835637353360653
1044,0.24929287719229856
1045,0.2612428478896618
1046,0.2545212296148141
1047,0.34534870522717637
1048,0.29869770879546803
1049,0.25580150571962196
1050,0.260994225119551
1051,0.31071464717388153
1052,0.25055423316856223
1053,0.26936933025717735
1054,0.25552752427756786
1055,0.2980910409241915
1056,0.2724940876166026
1057,0.33111992416282493
1058,0.2786470539867878
1059,0.28284122546513873
1060,0.28163834661245346
1061,0.25774269675215083
1062,0.2844338286668062
1063,0.35195275706549484
1064,0.2812332169463237
1065,0.25434951794644195
1066,0.25509309644500416
1067,0.2642889376729727
1068,0.25423861170808476
1069,0.3413991369307041
1070,0.2762368718783061
1071,1.611189855883519
1072,0.2900996934622526
1073,0.3616241527100404
1074,0.2991138311723868
1075,0.25697330571711063
1076,0.2822225329776605
1077,0.2626640709737937
1078,0.35838580193618935
1079,0.2657229869316022
1080,0.2949219383299351
1081,1.2480893917381763
1082,0.3388325522343318
1083,0.29197904157141846
1084,0.31183854800959426
1085,0.2484565917402506
1086,0.3217401100943486
1087,0.30419907718896866
1088,0.38062499773999053
1089,0.26350530547400314
1090,0.2746601564188798
1091,0.25630734115839005
1092,0.399619256456693
1093,0.2632599454373121
1094,0.2526660884420077
1095,0.2681905763844649
1096,0.32315497659146786
1097,0.6290743562082449
1098,0.2691551533838113
1099,0.35970788076519966
1100,0.2875847549488147
1101,0.27416817223032314
1102,0.2712081875652075
1103,0.3431359933068355
1104,0.2993309733768304
1105,0.26465349333981675
1106,0.3316588619103034
1107,0.3044426751633485
1108,0.26935245158771676
1109,0.2657492570579052
1110,0.3350960860649745
1111,0.5780080948024988
1112,0.2942694916079442
1113,0.27527426431576413
1114,0.27387962117791176
1115,0.29159489274024963
1116,0.2792238425463438
1117,0.27213548496365547
1118,0.306314155459404
1119,0.2888460345566273
1120,0.27864029817283154
1121,0.262494582682848
1122,0.2671917714178562
1123,0.27744925518830615
1124,0.37882783201833564
1125,0.2527731290707986
1126,0.256292915592591
1127,0.2838163034369548
1128,0.4339719209820032
1129,0.27478641519943875
1130,0.28485291451215744
1131,0.2764995452016592
1132,0.281497851635019
1133,0.27147376537323
1134,0.3146711215376854
1135,0.271613409742713
1136,0.3716601834942897
1137,0.2871004231274128
1138,0.2891206194957097
1139,0.3061605704327424
1140,0.2705260633180539
1141,0.2881994533042113
1142,0.33059980409840745
1143,0.36259582949181396
1144,0.3006821585198243
1145,0.3319805730134249
1146,0.2725608740001917
1147,0.3206683471798897
1148,0.27305569996436435
1149,0.33552356995642185
1150,0.33908390005429584
1151,0.35441555082798004
1152,0.4874822509785493
1153,0.2679568063467741
1154,0.34159229323267937
1155,0.30992641982932884
1156,0.28668690534929436
1157,1.4200115768859785
1158,0.27113153350849944
1159,0.412938899671038
1160,0.26199275255203247
1161,0.7724072374403477
1162,0.2807802228877942
1163,0.30588154556850594
1164,0.29202176816761494
1165,0.24906759522855282
1166,0.29684848586718243
1167,0.3066211262096961
1168,0.275921452169617
1169,0.38829594664275646
1170,0.2798361734797557
1171,0.30323393146197003
1172,0.49041952937841415
1173,0.25966675641636056
1174,0.30640267084042233
1175,0.25781514557699364
1176,0.2587735553582509
1177,0.2602949036906163
1178,0.3034367548922698
1179,0.3605038852741321
1180,0.2698542643338442
1181,0.31435074533025426
1182,0.4472288688023885
1183,0.29027408671875793
1184,0.2753321019311746
1185,0.26772691619892913
1186,0.27968970499932766
1187,0.27522794467707473
1188,0.2770866447438796
1189,0.41409890602032345
1190,0.34814490253726643
1191,0.42363301416238147
1192,0.27337973316510517
1193,0.28298031724989414
1194,0.31643766288956005
1195,0.24786754697561264
1196,0.26461258716881275
1197,0.27676638526221115
1198,0.2669685961057742
1199,0.2983165035645167
1200,0.30227175417045754
1201,0.31972029494742554
1202,0.2569685646643241
1203,0.37603942801554996
1204,0.34373058068255585
1205,0.33305243278543156
1206,0.37152399495244026
1207,0.27428501347700757
1208,0.2605097734679778
1209,0.26689168252050877
1210,0.2773495918760697
1211,0.25739566050469875
1212,0.2745444029569626
1213,0.2757182481388251
1214,0.3910938147455454
1215,0.4841191787272692
1216,0.2600437005360921
1217,0.26495067216455936
1218,0.33344921345512074
1219,0.25677867109576863
1220,0.3837722074240446
1221,1.1500605444113414
1222,0.26906830444931984
1223,0.37843439045051736
1224,0.33402330055832863
1225,0.3218332373847564
1226,0.33737527144451934
1227,0.2782079515357812
1228,0.2769483191271623
1229,0.26287961937487125
1230,0.29287975281476974
1231,0.2672911621630192
1232,0.2885909720013539
1233,0.27503105625510216
1234,0.2802573485920827
1235,0.26899416620532673
1236,0.28269740628699463
1237,0.2840435455242793
1238,0.30089401453733444
1239,0.3046401608735323
1240,0.4005963032444318
1241,0.27389199659228325
1242,0.2559098117053509
1243,0.4281729441136122
1244,0.30461377277970314
1245,0.26284955255687237
1246,0.27064696451028186
1247,0.8496888435135285
1248,0.2801176036397616
1249,0.26452337329586345
1250,0.28123676031827927
1251,1.096917270993193
1252,0.36826543137431145
1253,0.33261577660838765
1254,0.297724266226093
1255,0.27125078688065213
1256,0.36430458538234234
1257,0.3698700138678153
1258,0.2935240790247917
1259,0.3463684991002083
1260,0.3176106841613849
1261,0.5318118675301472
1262,0.29743038676679134
1263,0.38234674868484336
1264,0.31577214288214844
1265,0.29825084035595256
1266,0.2848319510618846
1267,0.299241882438461
1268,0.2809212791423003
1269,0.2956543316443761
1270,0.7987663671374321
1271,0.3008983402202527
1272,0.3080678458015124
1273,0.33647462601463
1274,0.3666757295529048
1275,0.30249765142798424
1276,0.2783916350454092
1277,0.2737603938827912
1278,0.2904735039919615
1279,0.30226288363337517
1280,0.2971888954440753
1281,0.289489292850097
1282,0.28023002048333484
1283,0.2683382487545411
1284,0.33035408705472946
1285,0.9021410892407099
1286,0.29067103440562886
1287,0.35949681513011456
1288,2.8788030625631413
1289,0.3007835478832324
1290,0.5128140250841776
1291,0.2982593576113383
1292,0.3486859990904729
1293,0.33152471979459125
1294,0.2931621403743823
1295,0.3161987631271283
1296,0.31283982036014396
1297,0.3108234715958436
1298,0.29613141032556695
1299,0.38127986155450344
1300,0.3133309719463189
1301,0.37507270835340023
1302,0.3002391445140044
1303,0.3152444437146187
1304,0.3114616411427657
1305,0.3379912755141656
1306,0.2956657614558935
1307,0.2849731209377448
1308,0.2850225940346718
1309,0.2983759976923466
1310,0.2978203122814496
1311,0.29705819860100746
1312,0.4531657975167036
1313,0.3054902236908674
1314,0.4150075515111287
1315,0.28356744224826497
1316,0.3092856351286173
1317,0.31665904944141704
1318,0.3042454483608405
1319,0.29975043423473835
1320,0.3093038313090801
1321,0.28054780699312687
1322,0.3333891325940688
1323,0.32540318307777244
1324,0.6425906947503487
1325,0.30082868101696175
1326,0.37048327550292015
1327,0.29058509320020676
1328,0.41791140226026374
1329,0.30816445623834926
1330,0.29949261744817096
1331,0.299539086719354
1332,0.3195397723466158
1333,0.3118778442343076
1334,0.3597894497215748
1335,0.3119495629022519
1336,0.30893270174662274
1337,0.31194398800532025
1338,0.3441642690449953
1339,0.3608222684512536
1340,0.2990962869177262
1341,0.2882729445894559
1342,0.2908404792348544
1343,0.31592951839168865
1344,0.3052098235736291
1345,0.3016706071794033
1346,0.3319916607191165
1347,0.3818030295272668
1348,0.35845291055738926
1349,0.3319399207830429
1350,0.3141641927262147
1351,0.7054133887092272
1352,0.3059028908610344
1353,0.31638363376259804
1354,0.3057233840227127
1355,0.301960442836086
1356,0.3612451596806447
1357,0.32143979147076607
1358,0.41305436939001083
1359,0.43229087938865024
1360,0.355578759064277
1361,0.34286854912837345
1362,0.5171342740456263
1363,0.30441075935959816
1364,0.3292418643832207
1365,0.3204552022119363
1366,0.3618154004216194
1367,0.3438969651858012
1368,0.31588757286469143
1369,0.4554435076812903
1370,0.4395969236890475
1371,0.3286808505654335
1372,0.5090390915671984
1373,0.3296735181162755
1374,0.4351622195293506
1375,0.3238157381614049
1376,0.3113357399900754
1377,0.31294912472367287
1378,0.33971694981058437
1379,0.3675530714293321
1380,0.3113986973961194
1381,0.3300355914980173
1382,0.3320116226871808
1383,0.35082706809043884
1384,0.3085434151192506
1385,0.3577774465084076
1386,0.36229905237754184
1387,0.31746288202703
1388,0.42757327606280643
1389,0.3313425698628028
1390,0.36918049678206444
1391,0.3600556068122387
1392,0.44316043704748154
1393,0.30929043392340344
1394,0.3377809152007103
1395,0.3326335127154986
1396,0.3401889981081088
1397,0.3463667581478755
1398,0.31744977707664174
1399,0.3270200404028098
1400,0.3473123361666997
1401,0.33682841310898465
1402,6.281272536764543
1403,0.38212523361047107
1404,0.3259830375512441
1405,0.35049936672051746
1406,0.3323625326156616
1407,0.3314845872422059
1408,0.3386390929420789
1409,0.33325302849213284
1410,0.35420529047648114
1411,0.3839775634308656
1412,0.41477459855377674
1413,2.1474504756430783
1414,0.3331508996586005
1415,0.32467370852828026
1416,0.3767344628771146
1417,0.4202122949063778
1418,0.49594012399514514
1419,0.36775536959369975
1420,0.3300979460279147
1421,0.5604694982369741
1422,0.32861104359229404
1423,0.4359733884533246
1424,0.704981858531634
1425,0.4520001697043578
1426,0.3727338487903277
1427,0.3616873770952225
1428,0.34775106360514957
1429,0.36831729983290035
1430,0.3784526822467645
1431,0.44022319838404655
1432,0.3905850077668826
1433,0.3569628583888213
1434,0.4452049570779006
1435,0.36119365443785983
1436,0.4819278083741665
1437,0.8092638266583284
1438,0.40644971157113713
1439,0.360617080082496
1440,0.34356149658560753
1441,0.4159591682255268
1442,0.3776302933692932
1443,0.34756193806727725
1444,0.6168754647175471
1445,0.354065431902806
1446,0.3905569848914941
1447,0.7957318450013796
1448,0.36251407365004223
1449,0.3426743907233079
1450,0.35760844374696416
1451,0.41811208178599674
1452,0.35046713302532834
1453,1.63948068395257
1454,0.6353094565371672
1455,0.3945572053392728
1456,0.39478351424137753
1457,0.3663078447182973
1458,0.42278770729899406
1459,0.41769658649961156
1460,0.43733658144871396
1461,0.5006786448260149
1462,0.36424630880355835
1463,0.41773830354213715
1464,0.3931499409178893
1465,0.3996613559623559
1466,0.3900350940724214
1467,0.4611292878786723
1468,0.5611343905329704
1469,0.4352932957311471
1470,0.3858177550137043
1471,0.3782574695845445
1472,0.47456685702006024
1473,0.5449752323329449
1474,0.37624957660833996
1475,0.4050370082259178
1476,0.38738135000069934
1477,0.38811179747184116
1478,0.45372240866223973
1479,0.3873428429166476
1480,0.38902125259240466
1481,0.388205877194802
1482,0.4199514016509056
1483,0.4026065928240617
1484,0.41191909710566205
1485,0.40030384808778763
1486,0.4017266308267911
1487,0.4056805620590846
1488,0.388517872740825
1489,0.4086464966336886
1490,0.4373717891673247
1491,0.39705050860842067
1492,0.3958555559317271
1493,0.4145893082022667
1494,0.48406242330869037
1495,0.3902502730488777
1496,0.384345218539238
1497,0.4077993469933669
1498,0.3969101334611575
1499,0.3972877264022827
1500,0.4165552332997322
1501,0.42914995675285655
1502,0.4201079122722149
1503,0.4220887136956056
1504,0.4236278148988883
1505,0.4263771337767442
1506,0.40814606348673504
1507,0.4599895104765892
1508,0.4300512919823329
1509,0.4943164102733135
1510,0.4067187172671159
1511,0.48327165096998215
1512,0.4070331926147143
1513,0.42200179273883504
1514,2.616351264218489
1515,0.42510834087928134
1516,0.46274377033114433
1517,0.4218193516135216
1518,0.46570443486173946
1519,0.4427356645464897
1520,0.48459748675425846
1521,0.7836261031528314
1522,0.44261908655365306
1523,0.470952690889438
1524,0.4419339907666047
1525,0.41991422201196354
1526,0.43053896476825076
1527,0.4223807056744893
1528,0.4370333602031072
1529,0.43782298887769383
1530,0.44971181948979694
1531,0.45796670267979306
1532,0.45690082137783367
1533,0.43167519321044284
1534,0.6113590523600578
1535,0.4954930779834588
1536,0.46029867852727574
1537,0.46229170883695286
1538,0.5220115358630816
1539,0.512950432797273
1540,0.4375304877758026
1541,0.43210942422350246
1542,0.4620973927279313
1543,0.49083003650108975
1544,0.566028663267692
1545,0.4591592016319434
1546,1.2824747264385223
1547,0.4492695319155852
1548,0.4516029457251231
1549,1.274678458770116
1550,0.4639693597952525
1551,0.5363933220505714
1552,0.4747454635798931
1553,0.4659368668993314
1554,0.48904141907890636
1555,0.4680861954887708
1556,0.8043097468713919
1557,0.49062346791227657
1558,0.44875739390651387
1559,0.5730296360949675
1560,0.4851111484070619
1561,0.5626093745231628
1562,0.4998745496074359
1563,0.49289802461862564
1564,0.46894922355810803
1565,0.4739183460672696
1566,0.5526246254642805
1567,0.5575207794706026
1568,0.49391033872962
1569,0.46740026647845906
1570,0.48247994606693584
1571,0.47850487753748894
1572,0.5499530248343945
1573,0.5314324423670769
1574,0.48304267848531407
1575,0.5017651257415613
1576,0.5073311900099119
1577,0.5952525188525518
1578,0.4790552966296673
1579,0.4882240432004134
1580,0.4813023693859577
1581,0.5057206799586614
1582,0.5396539109448591
1583,0.5030189553896586
1584,0.48364779849847156
1585,0.5015092343091965
1586,0.47739970684051514
1587,0.48969438051184017
1588,0.5209832452237606
1589,0.5300389354427656
1590,0.9456111950178941
1591,0.5303032460312048
1592,0.520329836755991
1593,0.5028766468167305
1594,0.5073771613339583
1595,0.5211489424109459
1596,0.5153449041148027
1597,0.5347477595011393
1598,5.372627067069213
1599,0.5254506543278694
1600,0.5260920214156309
1601,0.4967741208771865
1602,0.5849050308267275
1603,0.5642306370039781
1604,0.5262459615866343
1605,0.5349374264478683
1606,0.5455071541170279
1607,0.5281701882680258
1608,0.5503425411880016
1609,0.5211724328498045
1610,0.5434005483984947
1611,0.5480097842713197
1612,0.6048570846517881
1613,0.576868916551272
1614,0.5573672788838545
1615,0.5865873855849107
1616,0.6825781241059303
1617,0.5444999548296133
1618,0.6020546704530716
1619,0.7855482449134191
1620,0.5561927370727062
1621,0.5619336180388927
1622,0.7803467189272245
1623,0.6248449832201004
1624,0.6684514793256918
1625,0.5649449440340201
1626,0.5583873304227988
1627,0.9352104018131892
1628,0.7782794137795767
1629,1.2884408384561539
1630,1.0547729656100273
1631,1.0341600527366002
1632,3.1173994317650795
1633,1.1847647987306118
1634,1.1663100831210613
1635,1.055281549692154
1636,1.2875666034718354
1637,1.3680383786559105
1638,1.0182921985785167
1639,0.8106395043432713
1640,2.028325113157431
1641,1.4685260355472565
1642,1.7782562946279843
1643,1.7153538540005684
1644,1.773838239411513
1645,2.0423905551433563
1646,1.9420719767610233
1647,1.2527677329878013
1648,1.407313125828902
1649,1.5253238193690777
1650,1.687631018459797
1651,1.990273967385292
1652,1.3280536060531933
1653,2.546973295509815
1654,1.7503471374511719
1655,2.186327720681826
1656,1.3891549073159695
1657,2.261992670595646
1658,2.879182778298855
1659,2.4254398805399737
1660,2.3951098769903183
1661,3.553144283592701
1662,1.0513577597836654
1663,2.635377732415994
1664,2.583090583483378
1665,1.4121791707972686
1666,9.770942476888498
1667,2.7371495217084885
1668,1.0375862754881382
1669,0.6351061599949995
1670,0.6415502354502678
1671,0.7340720122059187
1672,0.6281639933586121
1673,0.9774747540553411
1674,0.6968727161486944
1675,0.7615446746349335
1676,0.6578473212818304
1677,0.6766907622416815
1678,0.6393408166865507
1679,0.7189384127656618
1680,0.6468683431545893
1681,0.6205340748031934
1682,0.643654557565848
1683,0.6356285276512305
1684,0.6560267855723699
1685,0.6315938010811806
1686,0.6335894477864107
1687,0.6046478127439817
1688,0.6252146164576212
1689,2.2827791844805083
1690,0.6876173714796702
1691,1.1128261163830757
1692,0.6500692814588547
1693,0.6369103714823723
1694,0.6343619972467422
1695,0.6963881924748421
1696,0.6234462683399519
1697,0.6341311894357204
1698,0.6427407016356786
1699,0.6699316923816999
1700,0.6250433151920637
1701,0.6190974116325378
1702,0.6470269759496053
1703,0.6417607851326466
1704,0.6475538263718287
1705,0.6951768919825554
1706,0.7446873486042023
1707,0.6762062509854635
1708,0.628868542611599
1709,0.6669991264740626
1710,0.6704755698641142
1711,0.6495865161220232
1712,0.6903349310159683
1713,0.6895996928215027
1714,0.6370957444111506
1715,0.649045975257953
1716,0.6481752023100853
1717,0.6494032715757688
1718,0.684367316464583
1719,0.6475530664126078
1720,0.6480235084891319
1721,0.6655934403340021
1722,0.6917048096656799
1723,0.6835136835773786
1724,0.6232726648449898
1725,0.6419903934001923
1726,0.6402691627542177
1727,0.647537101060152
1728,0.7309161573648453
1729,0.6645831428468227
1730,0.6305662294228872
1731,0.6653887033462524
1732,0.6903791887064775
1733,0.616398441294829
1734,0.6841390207409859
1735,0.6163010597229004
1736,0.6399004037181536
1737,0.6664135257403055
1738,0.6859187011917433
1739,0.6527384221553802
1740,0.6638951897621155
1741,0.6779693240920702
1742,0.6749133765697479
1743,0.6925329454243183
1744,0.6928955900172392
1745,0.6508937738835812
1746,0.7595234910647074
1747,0.6557095895210902
1748,0.7173362001776695
1749,0.6462946385145187
1750,0.6240970467527708
1751,0.8206613436341286
1752,0.6781608834862709
1753,0.6332513516147932
1754,0.7017774805426598
1755,0.648283451795578
1756,0.6842912832895914
1757,0.7260534316301346
1758,0.7610140666365623
1759,0.6567654187480608
1760,0.7929953436056772
1761,0.6850405782461166
1762,0.6619314750035604
1763,0.6667147402962049
1764,0.6561383679509163
1765,0.7174177790681521
1766,0.6531758482257525
1767,0.6857849707206091
1768,0.6638201003273329
1769,0.6261727710564932
1770,0.614825482169787
1771,0.7037425860762596
1772,0.6577974632382393
1773,0.7146634161472321
1774,0.670922597249349
1775,0.6742558057109515
1776,0.6889782200256983
1777,0.6654263461629549
1778,0.6740941405296326
1779,0.692845438917478
1780,0.6491419772307078
1781,0.6699326609571775
1782,0.719851220647494
1783,0.6870327740907669
1784,0.6646437297264735
1785,0.6617322489619255
1786,0.6541171769301096
1787,0.9925595968961716
1788,0.7344544306397438
1789,0.6627064496278763
1790,0.6861025790373484
1791,0.6889096995194753
1792,0.6704191714525223
1793,0.6785268957416216
1794,0.7070193067193031
1795,0.6908132856090864
1796,0.707828608651956
1797,0.8323404168089231
1798,0.8116538599133492
1799,0.6521606892347336
1800,0.6703095659613609
1801,0.6391191507379214
1802,0.7017825643221537
1803,0.6843048160274824
1804,0.6907027686635653
1805,0.7056720654169718
1806,0.6809477185209593
1807,0.8713087663054466
1808,0.8569094985723495
1809,0.6536689326167107
1810,0.7016445597012838
1811,0.715719074010849
1812,0.6898294240236282
1813,0.680947611729304
1814,0.9602210521697998
1815,0.66043787697951
1816,0.6781123752395312
1817,0.6521266450484594
1818,0.6581398025155067
1819,0.6595643858114878
1820,0.6815593813856443
1821,0.6640068118770918
1822,0.6780694300929705
1823,0.7047131781776746
1824,0.7389874110619227
1825,0.6590447624524435
1826,0.7961961751182874
1827,0.6766327172517776
1828,0.7287973264853159
1829,0.7943376029531161
1830,0.652479081104199
1831,0.6931547286609808
1832,0.6963186909755071
1833,0.9777343111733595
1834,0.7633095234632492
1835,0.6789968386292458
1836,0.6701986516515414
1837,0.7816286111871401
1838,0.6696091741323471
1839,0.7057807371020317
1840,0.6822495460510254
1841,0.7004232257604599
1842,0.8255778476595879
1843,0.7892002935210863
1844,0.6841184496879578
1845,0.67045875142018
1846,0.6656088630358378
1847,0.6652867471178373
1848,0.7168194502592087
1849,0.7237273852030436
1850,0.6456547404328982
1851,0.7140034561355909
1852,0.6637212435404459
1853,0.6986051723361015
1854,0.6772535343964895
1855,0.6598838691910108
1856,0.69016166528066
1857,2.982677087187767
1858,0.689829001824061
1859,0.6925558572014173
1860,0.7174215788642565
1861,0.6935550570487976
1862,0.9381487580637137
1863,0.8440556513766447
1864,0.7120577742656072
1865,0.6731641168395678
1866,0.6732571981847286
1867,1.0819198389848073
1868,0.7040065452456474
1869,0.6604654664794604
1870,0.6877554332216581
1871,0.8860007971525192
1872,0.7207040240367254
1873,0.6813885271549225
1874,0.6570599426825842
1875,0.684833807249864
1876,0.6695921346545219
1877,0.7019079426924387
1878,0.6727077414592108
1879,0.6830201769868532
1880,0.7046570926904678
1881,0.6759639183680216
1882,0.6970010114212831
1883,0.693116694688797
1884,0.631439226369063
1885,0.690595880150795
1886,0.703075627485911
1887,0.6848450005054474
1888,0.6836120635271072
1889,0.6830140948295593
1890,0.6781315219899019
1891,0.6593087911605835
1892,0.6456846793492635
1893,1.3073497066895168
1894,0.6680210183064142
1895,0.6661253472169241
1896,0.7290400738517443
1897,0.6660304814577103
1898,0.6822869355479876
1899,0.659733439485232
1900,0.6887975012262663
1901,0.6534125929077467
1902,0.6873813445369402
1903,0.6730386316776276
1904,0.6881889303525289
1905,0.7770903557538986
1906,0.6902644808093706
1907,0.7108613153298696
1908,0.661240242421627
1909,0.7047767539819082
1910,0.691682294011116
1911,0.6828906076649824
1912,0.842562402288119
1913,0.7026832153399786
1914,0.6608642873664697
1915,0.7388314654429754
1916,0.7213248213132223
1917,0.6985547890265783
1918,0.7636301393310229
1919,2.9614319801330566
1920,0.6827470113833746
1921,0.7071749716997147
1922,0.9479293252031008
1923,0.6989316493272781
1924,0.6690613677104315
1925,0.7432340929905573
1926,0.6452507302165031
1927,0.6777913719415665
1928,0.668444978694121
1929,0.6324622556567192
1930,0.6803149357438087
1931,0.6652767583727837
1932,0.7056335732340813
1933,0.6769396985570589
1934,0.65534691264232
1935,0.6720818107326826
1936,0.7287509006758531
1937,0.6761096566915512
1938,0.6733528325955073
1939,0.6412790740529696
1940,0.6406866187850634
1941,0.7308483198285103
1942,0.6967295681436857
1943,0.6840030824144682
1944,0.695468174914519
1945,0.7496407826741537
1946,0.6700178310275078
1947,0.6995551052192847
1948,0.7464199985067049
1949,0.6512050951520602
1950,0.668081300954024
1951,0.6715595175822576
1952,0.696418563524882
1953,0.6967848092317581
1954,0.6619191666444143
1955,0.7954712907473246
1956,0.6652966514229774
1957,0.6710729400316874
1958,0.6529261916875839
1959,0.7294531241059303
1960,0.7171695133050283
1961,0.6703436573346456
1962,0.7682789117097855
1963,0.6753985211253166
1964,0.7436405420303345
1965,1.1814389278491337
1966,0.7287986179192861
1967,0.6470094124476115
1968,0.6708033258716265
1969,0.8714263538519541
1970,0.718770777185758
1971,0.7214688832561175
1972,1.207832212249438
1973,1.259789653122425
1974,1.3527643804748852
1975,1.0727804899215698
1976,0.813002477089564
1977,0.8344017540415128
1978,0.9322077905138334
1979,0.841873695453008
1980,0.7202203944325447
1981,0.7515939027070999
1982,0.8042832662661871
1983,0.7365606824556986
1984,0.740255132317543
1985,0.6885245889425278
1986,1.2991570010781288
1987,0.8119926700989405
1988,0.6935935914516449
1989,0.7258761264383793
1990,0.7488105545441309
1991,0.9483608653148016
1992,0.6562212606271108
1993,1.0242171163360279
1994,0.7984472637375196
1995,0.8021976053714752
1996,1.021883601943652
1997,0.6821682117879391
1998,0.895632284382979
1999,0.851759089777867
2000,0.7247233962019285
2001,1.0004007518291473
2002,0.7769014462828636
2003,0.7957230110963186
2004,0.9364220028122267
2005,0.7773731847604116
2006,1.0546074161926906
2007,0.8371095185478529
2008,8.127351680149635
2009,0.7148713866869608
2010,0.8116762116551399
2011,0.7150894577304522
2012,0.6906200423836708
2013,0.7097975040475527
2014,0.7210264007250468
2015,0.7156467934449514
2016,0.699129064877828
2017,0.7166139259934425
2018,0.6994901051123937
2019,0.8503472357988358
2020,0.6894343694051107
2021,0.7240400835871696
2022,0.710628959039847
2023,0.9592060421903928
2024,0.7172277793288231
2025,0.7954212004939715
2026,0.7011842007438341
2027,0.6908633609612783
2028,0.7030382057030996
2029,0.7241357217232386
2030,0.7161609927813212
2031,0.6985768427451452
2032,0.7256693318486214
2033,0.6806639581918716
2034,0.7910455837845802
2035,3.3726311127344766
2036,0.7236047411958376
2037,0.7427201271057129
2038,1.0857193271319072
2039,0.693634549776713
2040,0.6985929235816002
2041,0.8044408534963926
2042,0.6767609765132269
2043,0.6828994899988174
2044,0.6981255759795507
2045,0.797048216064771
2046,0.7626619537671407
2047,2.041631728410721
2048,0.7455955222249031
2049,0.7246037870645523
2050,0.7089203769961993
2051,0.70651592562596
2052,0.749826135734717
2053,0.7369458799560865
2054,0.708588940401872
2055,0.707169828315576
2056,0.7909588317076365
2057,0.7288900688290596
2058,0.7217082803448042
2059,0.6846281836430231
2060,0.7043763473629951
2061,0.740656528621912
2062,0.7459911977251371
2063,0.6907090085248152
2064,0.7645073930422465
2065,0.6660662603875002
2066,0.7150533298651377
2067,5.489760023852189
2068,0.7395932177702585
2069,0.6843070164322853
2070,0.7807812293370565
2071,0.7217761601010958
2072,0.7605195790529251
2073,0.7313357219099998
2074,0.6668559908866882
2075,0.7334965318441391
2076,0.8560799832145373
2077,0.7086037149031957
2078,0.7273738235235214
2079,1.1976157849033673
2080,0.6575292175014814
2081,0.7388240173459053
2082,0.7827784245212873
2083,0.692563054462274
2084,0.6969898218909899
2085,0.7402510717511177
2086,0.7448004856705666
2087,0.7053801640868187
2088,0.903758647541205
2089,0.709889734784762
2090,0.739971158405145
2091,0.7271946494777998
2092,0.8126496076583862
2093,0.6733068376779556
2094,0.6788487508893013
2095,0.7028297459085783
2096,0.6621533458431562
2097,0.7512670258680979
2098,0.8420782585938772
2099,0.7217890893419584
2100,0.708744873603185
2101,0.7423282712697983
2102,0.6921931877732277
2103,0.6981673737366995
2104,0.7610813031593958
2105,0.7697496674954891
2106,0.7023906881610552
2107,0.6897684633731842
2108,0.8086899345119795
2109,0.7055096551775932
2110,0.7277920494476954
2111,0.7324960604310036
2112,0.6894635533293089
2113,0.7530547355612119
2114,0.7366376320521036
2115,0.7095409668982029
2116,0.7172282636165619
2117,0.7316479285558065
2118,0.6695054322481155
2119,0.7202032928665479
2120,0.6821339055895805
2121,1.0259030958016713
2122,0.703188548485438
2123,0.9096964572866758
2124,0.698948269089063
2125,0.6744189312060674
2126,0.7516704723238945
2127,0.765920008222262
2128,0.6775940358638763
2129,0.7855574190616608
2130,0.7300082196791967
2131,0.7175805692871412
2132,0.7012381802002589
2133,0.7027357295155525
2134,0.7529789308706919
2135,0.7269340381026268
2136,0.7629009534915289
2137,0.6804353172580401
2138,1.0586514075597127
2139,0.7416015217701594
2140,0.743547149002552
2141,0.8751123497883478
2142,0.7893660888075829
2143,0.7846311380465826
2144,0.7383549908796946
2145,0.7173991228143374
2146,0.7590479577581087
2147,0.7444143916169802
2148,2.4676162898540497
2149,0.7565127288301786
2150,0.9650792554020882
2151,0.9040436893701553
2152,0.7210523262619972
2153,0.6746865510940552
2154,0.690731038649877
2155,0.7035971085230509
2156,0.6870674466093382
2157,0.7266875753800074
2158,0.7146212110916773
2159,0.7389609838525454
2160,0.7173944438497225
2161,0.7279220595955849
2162,0.6870479757587115
2163,0.7049116591612498
2164,0.6762730355064074
2165,0.8060364698370298
2166,0.7433727408448855
2167,0.9444686149557432
2168,0.7174115603168806
2169,0.6911142592628797
2170,0.9106908738613129
2171,0.7471737762292227
2172,0.7879773626724879
2173,0.7371748685836792
2174,1.4454004019498825
2175,0.7321751664082209
2176,0.7067446981867155
2177,0.9112773512800535
2178,0.7331752901275953
2179,0.7255885601043701
2180,0.7028197149435679
2181,0.8515797580281893
2182,0.7267990832527479
2183,0.7098196893930435
2184,0.7279079829653105
2185,0.7180692628026009
2186,0.6899780208865801
2187,0.7032754570245743
2188,0.7258535946408907
2189,0.829263356824716
2190,0.7108722651998202
2191,0.689573310315609
2192,0.6982438489794731
2193,0.7436188062032064
2194,0.7270361706614494
2195,0.7370031749208769
2196,0.7108055576682091
2197,0.752449281513691
2198,0.7314620465040207
2199,0.7357102210323015
2200,1.4497016246120136
2201,0.9485254511237144
2202,0.7173837423324585
2203,0.6774996767441431
2204,0.7172950531045595
2205,0.7467977702617645
2206,0.7645424976944923
2207,0.7329649701714516
2208,0.7164137462774912
2209,0.7274114092191061
2210,0.6795843839645386
2211,1.5071349143981934
2212,0.7459081908067068
2213,0.7549548322955767
2214,0.7201888908942541
2215,0.733798456688722
2216,0.726341417680184
2217,0.6762444277604421
2218,0.7168316592772802
2219,0.9037745371460915
2220,0.7299217954277992
2221,0.767840194205443
2222,0.7404847244421641
2223,0.728134515384833
2224,0.7482661480704943
2225,0.7470857501029968
2226,0.7190707847476006
2227,0.9043003022670746
2228,0.7099974503119787
2229,0.6842098161578178
2230,0.8525445610284805
2231,0.756109726925691
2232,0.7289643610517184
2233,0.7848982438445091
2234,0.7387618993719419
2235,0.7414591734608015
2236,0.7167571435372034
2237,0.8552989189823469
2238,0.735144130885601
2239,0.6983385135730108
2240,0.7488485698898634
2241,0.6852713376283646
2242,0.7140668978293737
2243,0.7393750175833702
2244,0.8923692231376966
2245,0.7618122473359108
2246,0.8843478783965111
2247,0.7619455208381017
2248,0.7659649327397346
2249,0.762821060915788
2250,0.7920379986365637
2251,0.7108760649959246
2252,0.7327151422699293
2253,0.7260705381631851
2254,0.6869630763928095
2255,0.7350115552544594
2256,0.7283274556199709
2257,0.8290079087018967
2258,0.8438586890697479
2259,0.701860211789608
2260,0.739425408343474
2261,0.7079760059714317
2262,0.7355223844448725
2263,0.7345594962437948
2264,0.7414164071281751
2265,0.7484090030193329
2266,0.7799268638094267
2267,0.7745010380943617
2268,0.7640482286612192
2269,0.754574087758859
2270,0.7653076226512591
2271,0.7187435875336329
2272,0.7099539016683897
2273,0.7595536609490713
2274,0.8177457948525747
2275,0.732464425265789
2276,0.7038580154379209
2277,0.7954857721924782
2278,0.7026570575932661
2279,0.7080366859833399
2280,0.7835790365934372
2281,0.758581779897213
2282,0.7154272099335989
2283,0.7507030417521795
2284,0.7518951594829559
2285,0.7487866009275118
2286,0.7339660624663035
2287,0.6975899338722229
2288,0.8463605468471845
2289,0.9519743273655573
2290,0.6727595975001653
2291,0.7655216827988625
2292,0.7081140875816345
2293,0.7495484004418055
2294,1.0421779453754425
2295,0.7445728580156962
2296,0.7353583772977194
2297,0.7280343845486641
2298,0.7233097329735756
2299,0.975996176401774
2300,0.7062046900391579
2301,0.790842667222023
2302,0.7194592331846555
2303,0.7599380041162173
2304,0.7178677966197332
2305,0.7194952790935835
2306,0.7237244322896004
2307,0.7455729991197586
2308,0.8408838709195455
2309,0.70742067694664
2310,0.7544339920083681
2311,0.7640534614523252
2312,0.8074455733100573
2313,0.7617366686463356
2314,0.7330870529015859
2315,0.7195335229237875
2316,0.7842384924491247
2317,0.8080292269587517
2318,0.747501070300738
2319,0.7148860084513823
2320,0.7025300686558088
2321,0.71494410187006
2322,0.7438211167852083
2323,0.7696394771337509
2324,0.7834724709391594
2325,0.7304215505719185
2326,0.7345078190167745
2327,0.7368922258416811
2328,0.7289328103264173
2329,0.7347112496693929
2330,0.7309324393669764
2331,0.7043922170996666
2332,0.7545144582788149
2333,0.7225881094733874
2334,0.6929460391402245
2335,0.6825106889009476
2336,0.9964910919467608
2337,0.7078091949224472
2338,0.7482867563764254
2339,0.826062353948752
2340,0.7223857839902242
2341,0.7357682486375173
2342,0.7401191840569178
2343,1.0655278091629345
2344,0.7455242325862249
2345,0.8281893034776052
2346,0.845918762187163
2347,0.7181029816468557
2348,0.7615049878756205
2349,0.7551135296622912
2350,0.7348684469858805
2351,0.7010538354516029
2352,0.7521986191471418
2353,0.7264314964413643
2354,0.7009977002938589
2355,0.7486728851993879
2356,0.7450480709473292
2357,0.7304175794124603
2358,0.7135924672087034
2359,0.7436210215091705
2360,0.8750491638978323
2361,0.7414726416269938
2362,0.7427718366185824
2363,0.8093902269999186
2364,0.7019480665524801
2365,0.8232961744070053
2366,0.7038071056207021
2367,0.7374639734625816
2368,0.7835656950871149
2369,0.7330965250730515
2370,0.8128524248798689
2371,0.6952600528796514
2372,0.6608834316333135
2373,0.7968385269244512
2374,0.7169549688696861
2375,0.8102622131506602
2376,0.8054912934700648
2377,0.9914638996124268
2378,0.8875912999113401
2379,0.7357682287693024
2380,0.7347337280710539
2381,0.8664661174019178
2382,0.7715184018015862
2383,0.691275010506312
2384,0.7664457311232885
2385,0.7914667949080467
2386,0.7239697476228079
2387,0.7583254178365072
2388,0.6945346395174662
2389,0.75861473629872
2390,0.8458145161469778
2391,0.8944239045182864
2392,0.7304796501994133
2393,0.7507996956507365
2394,0.738078718384107
2395,0.7676789338390032
2396,0.7049042483170828
2397,0.7496712828675905
2398,0.7764870077371597
2399,0.7087902128696442
2400,0.7224084486564001
2401,0.7480495249231657
2402,0.7390119110544523
2403,0.7338504567742348
2404,0.7665524060527483
2405,0.9851178651054701
2406,0.7140519668658575
2407,0.7339453573028246
2408,0.7684709777434667
2409,0.7649235079685847
2410,0.8033586690823237
2411,1.206488125026226
2412,1.6258735532561939
2413,0.8051893437902132
2414,0.897019624710083
2415,0.8307550350824991
2416,0.8525011390447617
2417,1.0157160734136899
2418,0.7161386633912722
2419,1.0715127115448315
2420,0.7692150274912516
2421,0.800518790880839
2422,0.7974904378255209
2423,0.8238476440310478
2424,0.7201959788799286
2425,0.8529827470580736
2426,0.9455380067229271
2427,0.808361773689588
2428,1.1553581034143765
2429,1.024527795612812
2430,0.8001977975169817
2431,1.3646975085139275
2432,0.7746373638510704
2433,0.7719104389349619
2434,0.804634024699529
2435,0.8675361002484957
2436,0.9490469495455424
2437,0.8387600605686506
2438,0.7996855229139328
2439,0.7886569226781527
2440,0.7844781577587128
2441,1.2222867036859195
2442,0.8640027716755867
2443,0.7453767110904058
2444,0.8971092129747072
2445,0.6814809640248617
2446,0.7614279985427856
2447,0.7902273535728455
2448,0.800252802670002
2449,0.8407430301109949
2450,0.865530235071977
2451,0.7003039941191673
2452,0.7220168796678385
2453,0.7419861803452173
2454,0.7654235089818636
2455,0.8345267126957575
2456,0.7352877979477247
2457,0.7133238092064857
2458,0.7485654279589653
2459,0.6999838054180145
2460,1.6598230848709743
2461,0.7017499506473541
2462,0.7297997698187828
2463,1.1431201845407486
2464,0.7364954600731531
2465,0.8536048804720243
2466,0.8273063798745474
2467,0.7119590317209562
2468,0.7287341803312302
2469,0.8682811533411344
2470,0.7490301554401716
2471,0.7411487127343813
2472,0.8917782430847486
2473,0.9244972045222918
2474,0.7455855285127958
2475,0.7480777651071548
2476,0.8830025891462961
2477,0.7295752217372259
2478,0.7662600750724474
2479,0.696945495903492
2480,0.7569592669606209
2481,0.7611569687724113
2482,0.7325923641522726
2483,0.7808773517608643
2484,0.7925762111941973
2485,0.7981638511021932
2486,0.773864803214868
2487,0.7488035087784132
2488,0.7565344199538231
2489,0.7421883071462313
2490,1.381144069135189
2491,0.7325664112965266
2492,0.8937997644146284
2493,0.7349602406223615
2494,0.8493769094347954
2495,0.7553496186931928
2496,0.7357991834481558
2497,0.7477663680911064
2498,0.7089829494555792
2499,0.788588580985864
2500,0.7453394333521525
2501,0.7556155944863955
2502,0.7648794502019882
2503,0.7082604492704073
2504,0.7204599132140478
2505,0.7957527985175451
2506,0.7749916190902392
2507,0.7438599988818169
2508,0.8215282236536344
2509,0.8294681062301
2510,0.9188245435555776
2511,0.7532247255245844
2512,0.8229555214444796
2513,0.8678589165210724
2514,0.9203008289138476
2515,0.7899915998180708
2516,0.7630304371317228
2517,0.761767660578092
2518,0.7168449883659681
2519,1.2001272415121396
2520,0.8609972397486368
2521,0.7336823518077532
2522,0.9148872618873914
2523,0.760360449552536
2524,0.7882407282789549
2525,0.7333589717745781
2526,0.7329517851273218
2527,0.7189417233069738
2528,1.0127589851617813
2529,0.7736227462689081
2530,0.8307180851697922
2531,0.7246899430950483
2532,0.7408485064903895
2533,0.7410627057154974
2534,0.8754887779553732
2535,0.7136811862389246
2536,1.2540208970506985
2537,0.7606919830044111
2538,0.8056006878614426
2539,0.7033263978858789
2540,0.7443649619817734
2541,0.7522052178780237
2542,0.9601695934931437
2543,0.8104228576024374
2544,0.7707966888944308
2545,0.8146635368466377
2546,0.7388825093706449
2547,0.7642343839009603
2548,0.752587174375852
2549,0.7231979221105576
2550,0.8092782770593961
2551,0.7511582846442858
2552,0.792692169547081
2553,0.7692737703522047
2554,0.782405267159144
2555,0.7173921118179957
2556,0.7325290640195211
2557,0.7665311023592949
2558,0.7480247716108958
2559,0.8424800485372543
2560,0.9468740522861481
2561,0.717094582815965
2562,0.8654477323095003
2563,0.7851691842079163
2564,0.7482582218945026
2565,0.7177490169803301
2566,0.7340794454018275
2567,0.7478917638460795
2568,0.8578239778677622
2569,0.8885510514179865
2570,0.7737624049186707
2571,0.8467647830645243
2572,0.875240166982015
2573,0.7623197957873344
2574,0.7451002697149912
2575,0.7579962536692619
2576,0.721860999862353
2577,0.7661073952913284
2578,0.7519738152623177
2579,0.7926028370857239
2580,0.7309917559226354
2581,1.4045556311806042
2582,0.7306150992711385
2583,0.8659083023667336
2584,1.2381601259112358
2585,0.7338039353489876
2586,0.952835351228714
2587,0.7722161139051119
2588,0.7600870157281557
2589,0.8108176862200102
2590,0.7546270390351614
2591,0.8098291829228401
2592,0.760545164346695
2593,0.756780261794726
2594,0.755682960152626
2595,1.6579599032799404
2596,0.7715956121683121
2597,0.8089533348878225
2598,0.7778408229351044
2599,0.7944269428650538
2600,0.7347319920857748
2601,0.7603585918744405
2602,0.7612879450122515
2603,0.7434990778565407
2604,0.8612092236677805
2605,0.7852420583367348
2606,0.7953684305151304
2607,0.8046146258711815
2608,0.7616797561446825
2609,0.7692065760493279
2610,0.8361273755629858
2611,0.7773517370223999
2612,1.2964621037244797
2613,0.7423366184035937
2614,0.7597702667117119
2615,0.8626076653599739
2616,0.8024043093125025
2617,0.7589049513141314
2618,0.8781505053242048
2619,0.7811409955223402
2620,1.3961236551404
2621,0.9510019173224767
2622,0.7590956712762514
2623,0.8306606312592825
2624,0.7197629610697428
2625,0.774968666334947
2626,0.7260279754797617
2627,0.7705352827906609
2628,0.7725969403982162
2629,0.7347557606796423
2630,0.768551747004191
2631,2.0351431369781494
2632,0.7852024361491203
2633,0.7707043960690498
2634,1.1733453348279
2635,0.7500485827525457
2636,0.7964558005332947
2637,0.7124849508206049
2638,0.7790186082323393
2639,0.7527045508225759
2640,0.753200759490331
2641,0.7863041510184606
2642,0.7650307565927505
2643,0.9482116078337034
2644,0.728701151907444
2645,0.7697379539410273
2646,0.7517500097552935
2647,0.7409550249576569
2648,0.9199316377441088
2649,0.7572847927610079
2650,0.758685439825058
2651,0.8722162296374639
2652,0.8980576694011688
2653,0.7858631784717242
2654,0.8180980781714121
2655,0.7507558092474937
2656,0.9605040450890859
2657,0.7412155369917551
2658,0.7668285022179285
2659,0.7835401470462481
2660,0.731898752351602
2661,0.7025844131906828
2662,0.7275706430276235
2663,0.7271569122870764
2664,0.7929253826538721
2665,0.7378378783663114
2666,0.6923267071445783
2667,0.7085296312967936
2668,0.8404757206638654
2669,0.7329621464014053
2670,0.8498798459768295
2671,0.8978335758050283
2672,0.7866310551762581
2673,0.7620645289619764
2674,0.7525975132981936
2675,0.7891825884580612
2676,0.7649138246973356
2677,0.7766971066594124
2678,0.7448346142967542
2679,1.0592776189247768
2680,0.8054236148794492
2681,0.7932942733168602
2682,0.7740458771586418
2683,0.778160052994887
2684,0.7301390493909518
2685,0.9015422041217486
2686,0.764519656697909
2687,3.1724898144602776
2688,0.7340050960580508
2689,0.739035906891028
2690,0.791170135140419
2691,0.8458248376846313
2692,0.7534704928596815
2693,0.7614919940630595
2694,0.7570250829060873
2695,0.7521874631444613
2696,1.8326520497600238
2697,0.863316093881925
2698,0.7706167747577032
2699,0.8294764334956805
2700,0.8866720298926035
2701,1.2819011385242145
2702,0.7930753529071808
2703,0.8747857982913653
2704,0.813763938844204
2705,0.8426566918691
2706,0.8012377793590227
2707,0.7396452128887177
2708,0.7646297713120779
2709,0.7101403077443441
2710,0.7322136387228966
2711,0.7690945416688919
2712,0.7381850456198057
2713,0.7927830442786217
2714,0.7939222281177839
2715,1.00775279601415
2716,0.7368508627017339
2717,0.9001391778389612
2718,0.8598797842860222
2719,0.7888751278320948
2720,0.7627080654104551
2721,0.785190520187219
2722,0.7494515106081963
2723,0.748987910648187
2724,0.7583152105410894
2725,0.8818487723668417
2726,0.7479154939452807
2727,0.810700535774231
2728,0.8058534786105156
2729,0.7796836371223131
2730,0.7394527221719424
2731,0.7869689712921778
2732,0.7595418194929758
2733,0.7104925289750099
2734,0.7502883846561114
2735,0.7731872002283732
2736,0.7996492087841034
2737,0.754590151210626
2738,0.7359606325626373
2739,0.7862269679705302
2740,0.8697897295157114
2741,0.8084599177042643
2742,0.8002622202038765
2743,0.7295579810937246
2744,0.7954009994864464
2745,0.7841334442297617
2746,0.8139141798019409
2747,1.4405830577015877
2748,0.7759320164720217
2749,0.7887544656793276
2750,0.7705548306306204
2751,0.7295667603611946
2752,0.8349462275703748
2753,0.7800295948982239
2754,0.9880513846874237
2755,0.8229204143087069
2756,0.8277486190199852
2757,44.147488762935005
2758,0.7620627035697302
2759,0.7719662760694822
2760,0.7594316080212593
2761,0.7876402661204338
2762,0.7404174506664276
2763,0.8365095307429632
2764,0.7571482161680857
2765,0.7666327059268951
2766,0.7835316881537437
2767,0.7872059966127077
2768,0.8008763616283735
2769,0.8677685533960661
2770,0.7903018966317177
2771,0.8515978902578354
2772,0.752373623351256
2773,0.8076602295041084
2774,0.8349943136175474
2775,0.7369637315471967
2776,0.7649170234799385
2777,0.9383973876635233
2778,0.8857293501496315
2779,0.8483902762333552
2780,0.8625600983699163
2781,0.8225553532441457
2782,0.8206454962491989
2783,0.7638806800047556
2784,0.8645398169755936
2785,0.7648274352153143
2786,0.8166715130209923
2787,0.7550487617651621
2788,0.8311240797241529
2789,0.7642681822180748
2790,0.7579247653484344
2791,0.8620411828160286
2792,0.782468301554521
2793,0.7222477967540423
2794,0.7487927873929342
2795,0.788172148168087
2796,0.7656360665957133
2797,0.7626172080636024
2798,0.8260691339770952
2799,0.7741775537530581
2800,1.0144885331392288
2801,0.7564779594540596
2802,0.7438145379225413
2803,0.7461798513929049
2804,0.7909178733825684
2805,0.9438275496164957
2806,2.0584586759408317
2807,0.7632737308740616
2808,0.8967846582333246
2809,0.8664491027593613
2810,0.7741859157880148
2811,0.7346015373865763
2812,0.7410377338528633
2813,0.8007764915625254
2814,0.9008207817872366
2815,0.7796294887860616
2816,0.7510366713007292
2817,0.7823632471263409
2818,0.7803727214535078
2819,1.0343840569257736
2820,0.7924829150239626
2821,0.7636538694302241
2822,0.738233670592308
2823,0.7870403255025545
2824,0.8635203391313553
2825,0.997653640806675
2826,0.842504712442557
2827,0.7235942383607229
2828,0.7760272150238355
2829,0.7660902465383211
2830,0.7431222274899483
2831,0.7073824952046076
2832,0.7357417667905489
2833,1.051241084933281
2834,0.7359475567936897
2835,0.7104589467247328
2836,0.7834598397215208
2837,1.1755860795577366
2838,0.7439453328649203
2839,0.7802923917770386
2840,0.7797074019908905
2841,0.7521001299222311
2842,0.8094283988078436
2843,0.912500428656737
2844,0.7631484592954317
2845,0.7300448591510454
2846,0.8502479592959086
2847,0.7651852344473203
2848,0.8765585422515869
2849,0.829121765991052
2850,0.8988745883107185
2851,0.987213080128034
2852,0.9215696801741918
2853,1.8465815583864849
2854,0.8075303907195727
2855,0.7171274038652579
2856,0.752998282512029
2857,1.0955048153797786
2858,0.7357203538219134
2859,0.8824634527166685
2860,0.7722165882587433
2861,0.784469909965992
2862,0.7940759062767029
2863,0.7634082809090614
2864,0.7889160389701525
2865,0.7955079699556032
2866,0.7878603562712669
2867,0.7693296670913696
2868,0.8195313314596812
2869,0.7676265264550844
2870,0.8214965636531512
2871,0.8036984552939733
2872,0.869060846666495
2873,0.7698162967960039
2874,0.793451781074206
2875,0.7653986488779386
2876,0.7411177257696787
2877,0.7161623251934847
2878,0.8129270250598589
2879,0.7555587788422903
2880,0.8502851525942484
2881,0.7888058250149091
2882,0.7753828689455986
2883,0.788471889992555
2884,0.9255829925338427
2885,0.7302448178331057
2886,0.7843320667743683
2887,0.8466424743334452
2888,0.7819637432694435
2889,0.8071969151496887
2890,5.754099108278751
2891,0.7862173741062483
2892,0.7733781958619753
2893,0.8555738379557928
2894,0.7963715021808943
2895,0.7311398436625799
2896,0.7542228698730469
2897,0.7227214649319649
2898,0.7843985930085182
2899,0.766233300169309
2900,0.763161820669969
2901,0.7452669764558474
2902,0.7261101678013802
2903,0.7735138411323229
2904,1.0281052241722743
2905,0.767813374598821
2906,1.3255265355110168
2907,0.8374283711115519
2908,0.7144246076544126
2909,0.7752333109577497
2910,0.758467473089695
2911,0.8629076431194941
2912,0.7178920184572538
2913,0.7563190658887228
2914,0.7604440053304037
2915,0.845567931731542
2916,0.8490354716777802
2917,0.7992321675022444
2918,0.744767631093661
2919,0.7947972888747851
2920,0.7550583084424337
2921,0.7473629042506218
2922,0.7790334324042002
2923,0.7920965303977331
2924,0.8027923430005709
2925,0.7513913437724113
2926,0.7896774609883627
2927,0.7803269674380621
2928,0.7747792278726896
2929,0.7867354700962702
2930,0.7492613395055135
2931,0.7453134333093961
2932,0.734694592654705
2933,0.8029492745796839
2934,0.8404533689220747
2935,0.7626758168141047
2936,0.8635299230615298
2937,0.7232028146584829
2938,0.7128604874014854
2939,0.7860206936796507
2940,0.9168295512596766
2941,0.7451717679699262
2942,0.7435584465662638
2943,0.8065889229377111
2944,0.7380190740029017
2945,0.7756722569465637
2946,0.7826314841707548
2947,0.7085554003715515
2948,0.779826839764913
2949,0.7552007039388021
2950,0.7584220543503761
2951,0.7594718113541603
2952,0.7300810193022093
2953,0.731966090699037
2954,0.7698087419072787
2955,0.8585468828678131
2956,0.7424669389923414
2957,0.7683656513690948
2958,0.8345106840133667
2959,0.7290321563680967
2960,0.6838701019684473
2961,0.7769667332371076
2962,0.7235304762919744
2963,0.8807998796304067
2964,0.808009867866834
2965,0.7691924820343653
2966,0.7661966929833094
2967,0.8105959097544352
2968,0.7595377763112386
2969,0.7922234460711479
2970,0.7882362256447474
2971,0.9485188350081444
2972,0.7423040444652239
2973,0.7140119795997938
2974,0.8131855428218842
2975,0.7504298413793246
2976,0.755501093963782
2977,0.7356081741551558
2978,0.9523119976123174
2979,0.7241006965438525
2980,0.7347670445839564
2981,1.2267829701304436
2982,0.7392047146956126
2983,0.7785597617427508
2984,0.8625022247433662
2985,0.7221255352099737
2986,0.7897981802622477
2987,0.7379453604420027
2988,0.7465435018142065
2989,0.7602761710683504
2990,0.7616904551784197
2991,0.7236648996671041
2992,0.7715249707301458
2993,0.7278164972861608
2994,0.7575067381064097
2995,0.7281997303167979
2996,0.7205450957020124
2997,0.7668269202113152
2998,1.7128682509064674
2999,0.8211020231246948
3000,0.7012632091840109
3001,0.7152605801820755
3002,0.6816387996077538
3003,0.7714588840802511
3004,0.7646351580818495
3005,0.875731498003006
3006,0.960469663143158
3007,1.0404376064737637
3008,0.7608208035429319
3009,0.9694090709090233
3010,1.196851335465908
3011,0.7952043736974398
3012,0.8478282019495964
3013,0.762985690186421
3014,0.795554960767428
3015,0.8219136248032252
3016,0.8091902583837509
3017,0.8490572273731232
3018,0.9505570828914642
3019,0.828620711962382
3020,0.8339924042423567
3021,0.7681585922837257
3022,0.7527324904998144
3023,0.8236514454086622
3024,0.9228701591491699
3025,0.9466087371110916
3026,0.9911820938189825
3027,0.8071474507451057
3028,0.9664345333973566
3029,0.7538904349009196
3030,0.7511526967088381
3031,0.7319301987687746
3032,0.7635713939865431
3033,0.7487768332163492
3034,1.1114715933799744
3035,0.9632632111509641
3036,0.7601017529765765
3037,0.9176042079925537
3038,0.7865851844350497
3039,0.7751313199599584
3040,1.85448211679856
3041,1.308264635503292
3042,0.745529924829801
3043,0.7448541621367136
3044,0.7221325958768526
3045,0.8455001041293144
3046,0.8151883979638418
3047,0.7655986845493317
3048,0.77647781620423
3049,0.8353265101710955
3050,0.9332126950224241
3051,0.7337262680133184
3052,0.7709712460637093
3053,0.7956401233871778
3054,0.8021258090933164
3055,0.7325283735990524
3056,0.7534908900658289
3057,0.7800168767571449
3058,1.906161459783713
3059,0.8524033998449644
3060,0.7614908640583357
3061,0.7796685049931208
3062,0.7804211229085922
3063,0.8048196459809939
3064,1.0500480979681015
3065,0.8070643072326978
3066,0.7308852324883143
3067,1.1070789471268654
3068,1.1900524571537971
3069,0.7545905734101931
3070,0.8619370435674986
3071,0.7492518052458763
3072,0.8115752711892128
3073,0.7906352281570435
3074,0.7618489439288775
3075,1.7851022531588872
3076,0.7779476344585419
3077,0.7890402873357137
3078,0.8647346273064613
3079,0.763087622821331
3080,0.7549158930778503
3081,0.8784348716338476
3082,0.7507752031087875
3083,0.828336775302887
3084,0.7294527639945348
3085,0.7648263623317083
3086,0.7583790595332781
3087,0.7890616382161776
3088,0.7924112776915232
3089,0.8263295814394951
3090,0.7873402287562689
3091,0.7941612675786018
3092,0.7888330072164536
3093,0.840539425611496
3094,0.8353785226742426
3095,0.8750824158390363
3096,0.9445978254079819
3097,1.271116795639197
3098,2.1820562382539115
3099,0.7799975375334421
3100,2.39105341086785
3101,0.7820476219058037
3102,0.7868814393877983
3103,0.7599326247970263
3104,0.756899836162726
3105,0.9447733437021574
3106,0.8529725794990858
3107,0.8177482609947523
3108,0.8082971349358559
3109,0.8173394029339155
3110,1.8513393824299176
3111,0.844893974562486
3112,0.7435275490085284
3113,0.7561794097224871
3114,0.8167347138126692
3115,0.8065325717131296
3116,0.7852560703953108
3117,0.8969300612807274
3118,0.8291193222006162
3119,0.786766474445661
3120,1.0441827923059464
3121,0.956949753065904
3122,0.8424948081374168
3123,0.7802541057268778
3124,1.0217091937859852
3125,0.7252435063322386
3126,0.7488459100325903
3127,0.9343612144390742
3128,0.7689764946699142
3129,0.7456156983971596
3130,0.7468642989794413
3131,0.8344245254993439
3132,0.7941406692067782
3133,0.9330595706899961
3134,0.7570850774645805
3135,0.7725145990649859
3136,0.771525427699089
3137,0.8400635247429212
3138,0.7533406441410383
3139,1.4544942701856296
3140,0.7746476059158643
3141,0.772878202299277
3142,0.9149635508656502
3143,0.7840273653467497
3144,0.7556603252887726
3145,0.7546222309271494
3146,0.787296287715435
3147,0.740773710111777
3148,0.8271191070477167
3149,0.8468140661716461
3150,0.7261812090873718
3151,0.7145949304103851
3152,0.749372772872448
3153,0.7461799656351408
3154,0.7997549995779991
3155,0.7625934481620789
3156,0.7619495838880539
3157,0.7561532085140547
3158,0.8756370966633161
3159,0.8031713416179022
3160,0.789570594827334
3161,0.7663198610146841
3162,0.9144962901870409
3163,0.8289062877496084
3164,0.7972586924831072
3165,0.7877641369899114
3166,1.0051573490103085
3167,0.7907074714700381
3168,0.7444151490926743
3169,0.7693697586655617
3170,0.7959006205201149
3171,0.8007186576724052
3172,0.7640790070096651
3173,0.7654218549529711
3174,0.9333570947249731
3175,0.8778894767165184
3176,0.9980084548393885
3177,0.7271637792388598
3178,0.8249174952507019
3179,0.7623935068647066
3180,0.7795780176917712
3181,0.7627818733453751
3182,0.7737465972701708
3183,0.7579429522156715
3184,0.9733999123175939
3185,1.951520062983036
3186,0.7536524161696434
3187,0.7502265026172003
3188,0.8064166431625684
3189,0.8372324543694655
3190,0.7689906929930052
3191,0.8049636060992876
3192,0.7502140129605929
3193,0.7735011627276739
3194,0.8138924737771353
3195,0.7683146496613821
3196,0.7779856448372205
3197,0.7694202462832133
3198,0.7908765971660614
3199,0.8656394556164742
3200,0.7467616672317187
3201,0.7432981307307879
3202,0.7565843537449837
3203,0.8578585361440977
3204,0.7590834051370621
3205,0.7957751030723254
3206,0.7400370985269547
3207,0.7551154618461927
3208,0.7664239530762037
3209,0.7281629318992296
3210,0.7351941193143526
3211,0.8029179895917574
3212,0.7616992443799973
3213,0.7702426637212435
3214,1.1144389684001605
3215,0.7764745727181435
3216,0.743733731408914
3217,0.9253571877876917
3218,0.7807177752256393
3219,0.7598978554209074
3220,0.7563947861393293
3221,0.8544243648648262
3222,0.7456658358375231
3223,0.7883905172348022
3224,0.7801743795474371
3225,0.8276236032446226
3226,0.7912057315309843
3227,0.7643905207514763
3228,0.7407602046926817
3229,0.755353699127833
3230,0.7672352567315102
3231,0.7743249014019966
3232,0.7526988784472147
3233,0.7974202583233515
3234,0.9427301014463106
3235,0.8452414770921072
3236,0.8092302357157072
3237,1.1464242537816365
3238,0.7889910216132799
3239,0.8122196917732557
3240,0.7442513120671114
3241,0.7299290696779887
3242,0.9848174825310707
3243,1.4412467653552692
3244,0.7362338056166967
3245,0.7559988051652908
3246,0.7411271010835966
3247,0.8399163534243902
3248,0.7366710901260376
3249,0.7702871561050415
3250,0.8637400815884272
3251,0.7473342542846998
3252,0.9041058147946993
3253,0.7598852043350538
3254,0.7885736525058746
3255,1.2485501219828923
3256,0.8230413968364397
3257,0.7636219238241514
3258,0.7862392688790957
3259,0.7694773202141126
3260,0.7947773014505705
3261,0.7767481853564581
3262,0.748768205444018
3263,2.334113667408625
3264,0.7295715560515722
3265,0.8245184024175009
3266,0.7744527434309324
3267,0.903244860470295
3268,0.7692743341128031
3269,0.7332183097799619
3270,0.7678548867503802
3271,0.7463313912351927
3272,0.9743247007330259
3273,0.9546605696280798
3274,0.8733043819665909
3275,1.0186948130528133
3276,0.8042983363072077
3277,0.8327999065319697
3278,0.8214520141482353
3279,0.7450809453924497
3280,0.9041972334186236
3281,0.7878430734078089
3282,0.8292287761966387
3283,0.7932710175712904
3284,0.7680964469909668
3285,0.744622121254603
3286,0.7550778736670812
3287,0.9404459496339163
3288,0.8541320612033209
3289,0.7401990294456482
3290,0.7893299708763758
3291,0.774294930199782
3292,0.7630677570899328
3293,0.8416028196612994
3294,1.2925437316298485
3295,0.7972156430284182
3296,1.0062447662154834
3297,0.7560640200972557
3298,0.8042858839035034
3299,1.2135629554589589
3300,0.7626470228036245
3301,0.7805887262026469
3302,0.7857187887032827
3303,0.7873573154211044
3304,0.9169053013126055
3305,1.0623463715116184
3306,0.7930679644147555
3307,0.7647938976685206
3308,0.8628755932052931
3309,0.8602930208047231
3310,0.7739376996954282
3311,0.7309384644031525
3312,0.7520891577005386
3313,0.7743659739693006
3314,0.8142002820968628
3315,0.9964880148569742
3316,0.7953979869683584
3317,0.8583323160807291
3318,1.0205591693520546
3319,1.0970000550150871
3320,1.4074831878145535
3321,0.8598998114466667
3322,1.3884136403600376
3323,0.8200348218282064
3324,1.0093313654263814
3325,0.8374242956439654
3326,0.7869095131754875
3327,0.8907154599825541
3328,0.8502724493543307
3329,0.7901666512091955
3330,1.456165353457133
3331,0.9271153385440508
3332,0.7830832252899805
3333,0.9330137322346369
3334,2.1872323925296464
3335,0.8419661025206248
3336,0.8887254993120829
3337,0.8197062040368716
3338,0.8282204369703928
3339,0.8561219051480293
3340,0.8517797241608301
3341,0.8455094248056412
3342,0.7844117085138956
3343,1.0582587271928787
3344,0.9842652951677641
3345,0.8429231941699982
3346,0.9207116315762202
3347,1.5287669350703557
3348,0.7503738751014074
3349,0.8871687799692154
3350,0.9163359627127647
3351,1.1883257925510406
3352,0.8372954179843267
3353,0.807209720214208
3354,0.8541119769215584
3355,1.0376012648145359
3356,0.8150458733240763
3357,0.8072123502691587
3358,0.8187433878580729
3359,1.387973889708519
3360,0.7800977130730947
3361,0.7866808424393336
3362,0.8051914225021998
3363,0.880888931453228
3364,0.751494750380516
3365,0.7862168674667677
3366,0.8305192838112513
3367,0.7501346841454506
3368,0.8459912737210592
3369,0.8362964987754822
3370,0.7802273333072662
3371,0.8259419625004133
3372,0.7872404729326566
3373,0.7788433879613876
3374,0.7868275692065557
3375,0.7788152744372686
3376,0.756661593914032
3377,0.7715794692436854
3378,0.7280670180916786
3379,0.7644886498649915
3380,1.074939340353012
3381,0.8883470396200815
3382,0.8755787263313929
3383,0.9052724987268448
3384,0.7768561070164045
3385,0.8028156782190005
3386,0.7915144016345342
3387,0.8030074561635653
3388,0.7876990015308062
3389,0.8031378636757532
3390,0.8825665314992269
3391,0.8092036992311478
3392,1.4530682414770126
3393,0.799541691939036
3394,0.776858908434709
3395,0.7736423661311468
3396,0.7972786997755369
3397,0.8166418671607971
3398,0.7935226882497469
3399,0.7873031000296274
3400,0.7763821383317312
3401,0.8144926304618517
3402,0.9063838919003805
3403,0.810862623155117
3404,0.8036008154352506
3405,0.7621656532088915
3406,0.8594268610080084
3407,0.8017698153853416
3408,0.9381367663542429
3409,0.8274975617726644
3410,0.8337624371051788
3411,0.7498664905627569
3412,0.8627897476156553
3413,0.8231475676099459
3414,6.51103808482488
3415,0.8274273052811623
3416,0.8352017750342687
3417,0.772989829381307
3418,0.7839097628990809
3419,0.9140804509321848
3420,0.8062108258406321
3421,0.7677090615034103
