# it, mean_episode_cot
0,0.6470774432333807
1,2.221694491803646
2,7.313072194655736
3,2.72410507251819
4,2.012385127445062
5,1.7923453077673912
6,1.7075734660029411
7,2.554846686621507
8,2.320175051689148
9,1.8005162874857585
10,2.711287960410118
11,5.099949320157369
12,3.1040830090641975
13,3.6403156965970993
14,3.4377458890279136
15,2.974574163556099
16,2.731867636243502
17,2.8561433255672455
18,5.3302428523699446
19,3.220543622970581
20,3.9621027757724128
21,3.3778948982556662
22,3.853296379248301
23,3.702642356355985
24,3.4013424664735794
25,3.2094624092181525
26,3.3213034768899283
27,2.8054400036732354
28,3.5064039727052054
29,5.806539411346118
30,4.714743326107661
31,2.6864817986885705
32,2.6803787300984063
33,2.845292806625366
34,4.844199180603027
35,2.777621934811274
36,2.4693048745393753
37,2.8576080004374185
38,3.518460343281428
39,3.7503554224967957
40,2.767839560906092
41,6.512669737140338
42,2.886481389403343
43,3.053363651037216
44,4.745776529113452
45,2.573672433694204
46,2.4561968743801117
47,1.9194253782431285
48,1.8739737470944722
49,4.05934094140927
50,1.829097365339597
51,2.6424763575196266
52,1.8773187721769016
53,1.0457075412074726
54,0.8422655413548151
55,1.0246738667289417
56,0.7616896405816078
57,0.7146628350019455
58,0.9736142978072166
59,0.7144426628947258
60,0.7061518182357153
61,0.7017244398593903
62,0.9376977880795797
63,0.7658184344569842
64,0.6070076401034991
65,0.6862369055549303
66,0.709748794635137
67,0.8424429719646772
68,0.7988063705464205
69,0.6256812587380409
70,0.6613375830153624
71,0.5643000217775503
72,0.6049497748414675
73,0.5907094938059648
74,10.909834836920103
75,0.6939628956218561
76,0.6998934410512447
77,0.5391140095889568
78,0.8883811620374521
79,0.5902242374916872
80,0.628734060873588
81,0.6000777011116346
82,0.5385642598072687
83,0.5285531183083853
84,0.5740977438787619
85,0.5384296278158823
86,0.5469394524892172
87,0.6124267963071665
88,0.4978722619513671
89,2.1028445226450763
90,0.4872973623375098
91,0.4569406099617481
92,0.5210736083487669
93,0.4460802488029003
94,0.4529225192964077
95,0.4718431991835435
96,0.46708975980679196
97,0.4389946286876996
98,0.4340523307522138
99,0.48527687415480614
100,0.41877081493536633
101,0.5237212578455607
102,0.41961799189448357
103,0.41022750611106557
104,0.40169816588362056
105,0.5055172766248385
106,0.7074725888669491
107,0.40663067748149234
108,0.5347432978451252
109,0.4975334070622921
110,0.38082872331142426
111,0.49575477465987206
112,0.3986119863887628
113,0.3729088269174099
114,0.49135903020699817
115,0.4487336352467537
116,0.5029169743259748
117,0.3653287837902705
118,0.3574436729152997
119,1.8290553850432236
120,0.38376644626259804
121,0.38075581068793934
122,0.37487510095040005
123,0.35508566970626515
124,0.42096538717548054
125,0.355535135914882
126,0.44422931720813114
127,0.3656343184411526
128,0.3476502758761247
129,0.3732500858604908
130,0.4125259580711524
131,0.3176033024986585
132,0.3194381644328435
133,0.7418826967477798
134,0.9777246924738089
135,0.3321196263035138
136,0.3176930459837119
137,0.3196587935090065
138,0.310208048671484
139,0.36407950272162753
140,0.3514469514290492
141,0.30274374162157375
142,0.3040515047808488
143,0.3910311572253704
144,0.49618748513360816
145,0.3016264420002699
146,0.3148769574860732
147,0.35375146319468814
148,0.30346352855364483
149,0.2972503261019786
150,0.30031006038188934
151,0.2991967362662156
152,0.315056183685859
153,0.4260607169320186
154,0.33784841435650986
155,0.29372371546924114
156,0.2754799717416366
157,0.39364576898515224
158,0.31187122501432896
159,0.37824074054757756
160,0.3113460137198369
161,0.42781425826251507
162,0.3610528726130724
163,0.294489374384284
164,0.2994953238715728
165,0.2798857397089402
166,0.3133330817023913
167,0.37440542442103225
168,0.30408055273195106
169,0.30751772535343963
170,0.27694717546304065
171,0.29380278413494426
172,0.2766349979986747
173,0.361145809913675
174,2.2927885930985212
175,0.31687870745857555
176,0.32111220496396226
177,0.2821191071222226
178,0.3103303375343482
179,0.2822060293207566
180,0.29222579797108966
181,0.2657059195140998
182,0.2983902419606845
183,0.3638228140771389
184,0.2837248581151168
185,0.33207007062931854
186,0.282472546522816
187,0.26969523044923943
188,0.4062400621672471
189,0.33640593849122524
190,0.32870823207000893
191,0.31162916620572406
192,0.3324083120872577
193,0.3153322233508031
194,0.28499590915938217
195,0.49334824209411937
196,0.3250779261191686
197,0.2742401696741581
198,0.27484781481325626
199,0.27051961484054726
200,0.3203282846758763
201,0.31124264250199
202,0.4675674581279357
203,0.33529201336205006
204,0.2868765729169051
205,0.26528221865495044
206,0.28676884062588215
207,0.2729843097428481
208,0.28226926798621815
209,0.3042023970435063
210,0.34708789922297
211,0.3295632532487313
212,0.2980602029711008
213,0.3217148787031571
214,0.2658082228153944
215,0.3271455802023411
216,0.292616356164217
217,0.2788542192429304
218,0.26239612388114136
219,1.5349291171878576
220,0.3360597522308429
221,0.3031872467448314
222,0.3087534749259551
223,0.2899012907097737
224,0.2758530657738447
225,0.3037769204626481
226,0.3792768195271492
227,0.27286058974762756
228,0.265073549002409
229,0.30566722465058166
230,0.3253297129025062
231,0.2937467731535435
232,0.4192297055075566
233,0.2730644680559635
234,0.25667678626875085
235,0.2721032028396924
236,0.42613087967038155
237,0.28038819568852585
238,0.2574940969546636
239,0.25514673565824825
240,0.5586850754916668
241,0.26589794146517914
242,0.275632335493962
243,0.33718759069840115
244,0.3278216104954481
245,0.2781564363588889
246,0.2911033021907012
247,0.3476458316047986
248,0.2620125971734524
249,0.2786431436737378
250,0.31478297089536983
251,0.30339756918450195
252,0.30627365596592426
253,0.3168467649569114
254,0.6549472200373808
255,0.335233760997653
256,0.2651948605974515
257,0.39396422915160656
258,0.28570096008479595
259,0.2825802030662696
260,0.28321253632505733
261,0.27739962997535866
262,0.30900545107821625
263,0.2951940118024747
264,0.29350897545615834
265,0.25462449217836064
266,0.2921595424413681
267,0.3139335910479228
268,0.2968703806400299
269,0.26280982544024784
270,0.2938412018120289
271,0.3071640407045682
272,0.26037790936728317
273,0.553167208408316
274,0.25373027349511784
275,0.3944365947196881
276,0.3900291168441375
277,0.3141505438834429
278,0.2587444093078375
279,0.26745216734707355
280,0.2689328237126271
281,0.27257868895928067
282,0.253491601596276
283,0.25955604140957195
284,0.2773810749252637
285,0.2928183718274037
286,0.41736438559989136
287,0.33064331610997516
288,0.2787964989741643
289,0.41312524303793907
290,0.5854036541034778
291,0.28616081302364665
292,0.26434580112497014
293,0.2693927126626174
294,0.3892483729869127
295,0.2517855390906334
296,0.2675280806918939
297,0.33318476378917694
298,0.3079511287311713
299,0.2692384434243043
300,0.26971386435131234
301,0.2899994608014822
302,0.24603071995079517
303,0.25210607424378395
304,0.24698934952418009
305,0.27698675977687043
306,0.37504309602081776
307,0.2414243562767903
308,0.37686148285865784
309,0.2550401284048955
310,0.2702827087293069
311,0.28991325447956723
312,0.28343904453019303
313,0.25612536321083706
314,0.27239214442670345
315,0.24741248972713947
316,0.259714728842179
317,0.26724453394611675
318,0.2483854858825604
319,0.35290720375875634
320,0.8859459422528744
321,0.31987006465593976
322,0.25840585120022297
323,0.2603153033802907
324,0.2319563403725624
325,0.27499579700330895
326,0.4792298066119353
327,0.2733879902710517
328,0.25957887681821984
329,0.24323975294828415
330,0.2604433757563432
331,0.29051976775129634
332,0.25426380957166356
333,0.25419166559974354
334,0.27090001727143925
335,0.2622392779837052
336,0.31198562930027646
337,0.3043638231853644
338,0.2696027345955372
339,0.5468549057841301
340,2.200691324348251
341,0.2619180039813121
342,0.27194673257569474
343,0.2573083738485972
344,2.352021176367998
345,0.31149334150056046
346,0.2416129174331824
347,0.32358959193030995
348,0.307565934335192
349,0.254744341596961
350,0.3012716161708037
351,0.26490217819809914
352,0.2821829083065192
353,0.29023781791329384
354,0.2608537382135789
355,0.3867650677760442
356,0.2525223232805729
357,0.3362488771478335
358,0.2673307154327631
359,0.4688909923036893
360,0.26567766070365906
361,0.2833514188726743
362,0.2422762494534254
363,0.241005498295029
364,0.2684560399502516
365,0.24680295897026858
366,0.2564560106645028
367,0.25881922245025635
368,0.2652769299844901
369,0.29777572366098565
370,0.3139131510009368
371,0.26191458602746326
372,0.2593909613788128
373,1.020271899799506
374,0.24705333883563677
375,0.24918915703892708
376,0.3776868625233571
377,0.25355860280493897
378,0.258676340803504
379,0.25644158696134883
380,0.7268971359978119
381,0.3193017014612754
382,0.7839327920228243
383,0.48060777845482033
384,0.2612238060683012
385,0.2607681881636381
386,0.25864418658117455
387,0.2661600311597188
388,0.28658978330592316
389,0.6749681613097588
390,0.27146656190355617
391,0.30985315206150216
392,0.3044754682729642
393,0.25207258326311904
394,0.26167353118459385
395,0.29305100192626315
396,0.2731022847195466
397,0.2566989908615748
398,0.7437929026782513
399,0.2590085205932458
400,0.2950262526671092
401,0.2936038275559743
402,0.2560014985501766
403,0.28825916970769566
404,0.28866915466884774
405,0.24378093145787716
406,0.2494099922478199
407,0.2396782897412777
408,0.30830518652995426
409,0.26601450704038143
410,0.25107051121691865
411,0.2732390606154998
412,0.23966463468968868
413,0.4312355617682139
414,0.27571274402240914
415,0.24961192905902863
416,0.23255750350654125
417,0.2814972344785929
418,0.28743387510379154
419,0.24348256488641104
420,0.2749398611485958
421,0.31160914960006875
422,7.521420973042647
423,0.2477461745341619
424,0.29122885689139366
425,0.23953568004071712
426,0.2568337631722291
427,0.4570567049086094
428,0.24500694250067076
429,0.2783514838665724
430,0.44247057599325973
431,0.28410190840562183
432,0.2529219804952542
433,0.262332692121466
434,0.24137294044097266
435,0.23777767084538937
436,0.2414927047987779
437,0.26001751857499283
438,0.30560315400362015
439,0.42407549110551673
440,0.4108374894907077
441,0.4516605716198683
442,0.36988463314870995
443,0.2756242845207453
444,2.972057327007254
445,0.3001920972019434
446,0.44499538217981655
447,0.25088660046458244
448,0.29277518950402737
449,0.299891484901309
450,0.2650823400666316
451,0.30225460914274055
452,0.3610456759730975
453,1.7608713029573362
454,0.26618156395852566
455,0.3069946461667617
456,0.28285664568344754
457,0.6157400645315647
458,0.39880636396507424
459,0.26729953040679294
460,0.2744782269001007
461,0.3223944523682197
462,0.3824542661507924
463,0.2701212919006745
464,0.28820579188565415
465,0.3003007968266805
466,0.2747330230971177
467,0.26392711885273457
468,0.3267278199394544
469,0.27308259531855583
470,0.275321585436662
471,0.2565864498416583
472,0.3974135797470808
473,0.28652135469019413
474,0.2768127688517173
475,0.3025556051482757
476,0.33207016872862977
477,0.28877573398252326
478,0.2681070522715648
479,0.2729102987796068
480,0.2392018921673298
481,0.30959421768784523
482,0.2563949649532636
483,0.8011314701288939
484,0.2718309344102939
485,0.2796468709905942
486,0.24755071041484675
487,0.27601055180033046
488,0.45856842026114464
489,0.3064648136496544
490,0.25873570206264657
491,0.23608524786929289
492,0.2690816906591256
493,0.27297822137673694
494,0.24578514695167542
495,0.24197344606121382
496,0.22513294902940592
497,0.28142140929897624
498,0.28299241575102013
499,0.23515651375055313
500,0.29175004238883656
501,0.3193465353300174
502,0.24328997358679771
503,0.2599006158610185
504,0.29672095117469627
505,0.38345111285646755
506,0.2672994267195463
507,0.30705309472978115
508,0.2408438300093015
509,0.26659463221828145
510,0.2506471611559391
511,0.2600777956346671
512,0.2564710136502981
513,0.24214413141210875
514,0.26164073186616105
515,0.3115161868433158
516,0.24995219086607298
517,0.25000412700076896
518,0.24416344364484152
519,0.24822095471123853
520,0.23400652843217054
521,0.24019229474167028
522,0.41399527092774707
523,0.23436503609021506
524,0.2679447866976261
525,0.27904964176317054
526,0.23496543553968272
527,0.24183648948868117
528,0.25239366106688976
529,0.27342120247582596
530,0.2432215567678213
531,0.26949128073950607
532,0.41432211734354496
533,0.2439035133769115
534,0.2671183894077937
535,0.27906409713129204
536,0.24490409220258394
537,0.26367372646927834
538,0.2600587544341882
539,0.36365703865885735
540,0.6183810960501432
541,0.22665970027446747
542,0.26485754114886123
543,0.30383933273454505
544,0.24591627592841783
545,0.270180843770504
546,0.2533077038824558
547,0.5829851310700178
548,0.5894118249416351
549,0.2385157352934281
550,0.24859673405687013
551,0.26573717842499417
552,0.30751358220974606
553,0.2834401149302721
554,0.23988791555166245
555,0.25142858922481537
556,0.40290135766069096
557,0.3049168375631173
558,0.2809197138994932
559,0.23692161093155542
560,0.28606399272878963
561,0.2726312962671121
562,0.2952466557423274
563,0.25494977210958797
564,0.24877416342496872
565,0.2753962905456622
566,0.2621757294982672
567,0.2860187981277704
568,0.3531497021516164
569,0.24589708261191845
570,0.25796097330749035
571,0.24929795786738396
572,0.3649790870646636
573,0.24309842474758625
574,0.29583093896508217
575,0.23676937259733677
576,0.2285140653451284
577,0.259328027566274
578,0.2903734588374694
579,0.32647127968569595
580,0.2503066708644231
581,0.24932009167969227
582,0.26587371341884136
583,0.2390515295167764
584,0.24957271354893842
585,0.3011827686180671
586,0.2591218010832866
587,0.2667954278488954
588,0.26145001997550327
589,0.2453718682130178
590,0.3723218347877264
591,0.24693281451861063
592,0.28894911892712116
593,0.31039065433045226
594,0.241419722015659
595,0.3372226556142171
596,0.23437971932192644
597,0.2681750189512968
598,0.26870399465163547
599,0.28221202207108337
600,0.2388092658172051
601,0.25033384809891385
602,0.24421423921982446
603,0.3691604162255923
604,0.24439381125072637
605,0.26133532139162224
606,0.26093288883566856
607,0.24341856874525547
608,0.2538971733301878
609,0.3409231826663017
610,0.24104131696124872
611,0.2884238939732313
612,0.24195754528045654
613,0.286244776720802
614,0.25184267200529575
615,0.27923623099923134
616,0.2681274029115836
617,0.2608700518806775
618,0.2479968685656786
619,0.2633628814170758
620,0.23381171996394792
621,0.24191413447260857
622,0.2820603468765815
623,0.24054010336597761
624,0.23925097348789373
625,0.2716099228709936
626,0.2897631594290336
627,0.2995936317990224
628,0.30010284669697285
629,0.2564243705322345
630,0.3427375542620818
631,0.249795097236832
632,0.25242163861791295
633,0.2403219292561213
634,0.3090903777629137
635,0.24729024805128574
636,0.3034294992685318
637,0.36518525208036107
638,0.24997570241491
639,0.2765162779639165
640,0.2588239212830861
641,0.26189308737715083
642,0.2572788192580144
643,0.24915762121478716
644,0.25381372061868507
645,0.27678215503692627
646,0.2501228029529254
647,0.25405972140530747
648,0.2357929665595293
649,0.272618243470788
650,0.2429270644982656
651,0.2703905329108238
652,0.25069194100797176
653,0.3159499503672123
654,0.3227269450823466
655,0.2967685777693987
656,0.3155035177866618
657,0.5815081391483545
658,0.2575554133703311
659,0.24352224357426167
660,2.3183411906162896
661,0.27534940528372925
662,0.24325141000250974
663,0.2618284498651822
664,0.25196374021470547
665,0.3777872392286857
666,0.24602182395756245
667,0.23470810614526272
668,0.2658523215601842
669,0.35463974500695866
670,0.2508487695207198
671,0.24093790849049887
672,0.24284866514305273
673,0.39832660804192227
674,0.2561769677946965
675,0.27023798910280067
676,0.2411160245537758
677,0.2466850938896338
678,0.24351919628679752
679,0.26377047784626484
680,0.23088900993267694
681,0.23369441057244936
682,0.2260740678757429
683,0.2596338950097561
684,0.25173431138197583
685,0.25483871313432854
686,0.2393246814608574
687,0.2574973062922557
688,0.31842733919620514
689,0.25959215499460697
690,0.27117340577145416
691,0.24763262830674648
692,0.23893004469573498
693,0.2517725595583518
694,0.49507376675804454
695,0.24651800965269408
696,0.2459442876279354
697,0.37376276527841884
698,0.23476874517897764
699,0.29034212976694107
700,0.3109765015542507
701,0.22850302420556545
702,0.33269467515250045
703,0.23587745241820812
704,0.35910206908981007
705,0.23493230156600475
706,0.22928881334761778
707,0.290007371455431
708,0.4739997268964847
709,0.23877706999580064
710,0.419509041433533
711,0.24252245761454105
712,0.22915948865314326
713,0.3385547852764527
714,0.22631359286606312
715,0.21942013129591942
716,0.2658405949672063
717,0.2572308002660672
718,0.29735523959000904
719,0.2737467934687932
720,0.22345769529541334
721,0.25846916747589904
722,0.23715454588333765
723,0.22061940220495066
724,0.2716914576788743
725,0.2361064584304889
726,0.23581888961295286
727,0.23497061741848788
728,0.22986159101128578
729,0.5615025951216618
730,0.2335089004288117
731,0.2700786783049504
732,0.23315354933341345
733,0.24728118007381758
734,0.24106783233582973
735,0.25779739767313004
736,0.3389968816190958
737,0.2191999244193236
738,0.9255572725087404
739,0.3534838066746791
740,0.26241542647282284
741,0.23232498516639075
742,0.2233506099631389
743,0.28551379032433033
744,0.25797483635445434
745,0.232847036793828
746,0.23154256554941335
747,0.26002789350847405
748,0.2341325357556343
749,0.3509838357567787
750,0.23611649063726267
751,0.318432475750645
752,0.24733656334380308
753,0.22947144135832787
754,0.26354244351387024
755,0.24557601598401865
756,0.2978096467753251
757,0.23268224174777666
758,0.27296881067256135
759,0.24221311261256537
760,0.22146034675339857
761,0.2699579540640116
762,0.23529895581305027
763,0.26820030498007935
764,0.2322917953133583
765,0.21723071672022343
766,0.2485326360911131
767,0.2507387039562066
768,0.29534768499433994
769,0.2834392624596755
770,0.22925878937045732
771,0.22791903279721737
772,0.23014135907093683
773,0.25434106898804504
774,0.23617195958892503
775,0.2193737799922625
776,0.22098777815699577
777,0.46976123998562497
778,0.2950063105672598
779,0.24292956851422787
780,0.22877941218515238
781,0.23269980462888876
782,0.21830064368744692
783,0.2352044234673182
784,0.21780597356458506
785,0.2232027848561605
786,0.21380988384286562
787,0.22838849884768328
788,0.23780298916002116
789,0.2537348574648301
790,0.264247328042984
791,0.26028381660580635
792,0.34810156375169754
793,0.21353038835028806
794,0.33174629633625347
795,0.2472380648056666
796,0.22322036512196064
797,0.2738249773780505
798,0.21977918532987437
799,0.23179373207191625
800,0.21108530958493552
801,0.26553221605718136
802,0.22230280749499798
803,0.2861271481961012
804,0.2521730816612641
805,0.2479676486303409
806,0.22274510189890862
807,0.21619840463002524
808,0.22667789893845716
809,0.20783416430155435
810,0.3134384372582038
811,0.2580332414557536
812,0.2858264837414026
813,0.22491558020313582
814,0.23766551477213702
815,0.2446852494031191
816,0.23836801014840603
817,0.22928632671634355
818,0.23128229938447475
819,0.23787311154107252
820,0.2162958843012651
821,0.22574323477844396
822,0.352517556399107
823,0.22339227609336376
824,0.21526519767940044
825,0.4647858440876007
826,0.25306010867158574
827,0.27392924452821416
828,0.45089259184896946
829,0.23828966977695623
830,0.2095334567129612
831,0.6189342817912499
832,0.6904609128832817
833,0.3795212445159753
834,0.2483114507049322
835,0.22490701700250307
836,0.22202774261434874
837,0.3482533469796181
838,0.3118505558619897
839,0.22273066329459348
840,0.22078186770280203
841,0.2283012301971515
842,0.2124304429938396
843,0.22643854903678098
844,0.22594876463214555
845,0.3111443327118953
846,0.5717074200510979
847,0.7988017909228802
848,0.978790765007337
849,0.759569970269998
850,0.7303957361727953
851,0.64946542493999
852,0.6889745860050122
853,0.27956553051869076
854,0.35721492270628613
855,0.24449696081380048
856,0.322659345343709
857,0.4273822332421939
858,0.26678477724393207
859,0.2639739519606034
860,0.2519464499006669
861,0.27013467873136204
862,0.27213230977455777
863,0.43767221085727215
864,0.29902764844397706
865,0.4179381908228
866,2.882334907228748
867,0.5775748404363791
868,0.6193585532406966
869,0.24140199335912862
870,0.28224859697123367
871,0.2693085080633561
872,0.2516430001705885
873,0.27901148858169716
874,0.28037455429633457
875,0.24538730271160603
876,0.25280756627519924
877,0.2679590471088886
878,0.37900676392018795
879,0.2814808984597524
880,0.43455511952439946
881,0.28257192485034466
882,0.2689304326971372
883,0.42753577046096325
884,0.25927350545922917
885,0.3131989936033885
886,0.28183144703507423
887,0.25078509127100307
888,0.2452971829722325
889,0.2364870235323906
890,0.2392871075620254
891,0.23594949146111807
892,0.3092376980930567
893,0.24206439219415188
894,0.21486199150482813
895,0.23964715314408144
896,0.2211639949431022
897,0.2604065500199795
898,0.2695246779670318
899,0.2580015404770772
900,0.23826911548773447
901,0.2301738616079092
902,0.23752720902363458
903,0.2304398206373056
904,0.21530979064603648
905,0.21676491697629294
906,0.41087887187798816
907,0.2932459743072589
908,0.39633748432000476
909,0.2262493104984363
910,0.2665638793259859
911,1.5353470693031948
912,0.25427342765033245
913,0.22633960222204527
914,0.24189353113373122
915,0.25532974240680534
916,0.2419600853075584
917,0.22702594163517156
918,0.2817641366273165
919,0.24541412542263666
920,0.21250804016987482
921,0.23595303110778332
922,0.31496854436894256
923,0.23902408964931965
924,0.21387786231935024
925,0.289180060227712
926,0.32961797217528027
927,0.3540068492293358
928,0.26465529451767605
929,0.2495910550157229
930,0.47151822162171203
931,0.26239698690672714
932,0.23611968817810217
933,0.25015582392613095
934,0.2132912122954925
935,0.22434766963124275
936,0.25596474794050056
937,0.23562250037988028
938,0.24074034951627254
939,0.22310442912081876
940,0.21600147088368735
941,0.23206381623943648
942,0.26834587939083576
943,0.235349349056681
944,0.22861375783880553
945,0.22320293945570788
946,0.20592750422656536
947,0.22908628918230534
948,0.21450806222856045
949,0.24058441445231438
950,0.2766120570401351
951,0.2288147204866012
952,0.2201370851447185
953,0.2278954666107893
954,0.2193477569768826
955,0.25487220225234825
956,0.3629961783687274
957,0.2555730380117893
958,0.22952833026647568
959,0.24578381516039371
960,0.23138788528740406
961,0.326080830146869
962,0.22696699015796185
963,0.47899933780233067
964,0.2700881144652764
965,0.22104556920627752
966,0.20927195188899836
967,0.8826818043986956
968,0.23217562958598137
969,0.21564693128069243
970,0.23353554494678974
971,0.22035970849295458
972,0.2345141296585401
973,0.2215442874779304
974,0.4883092809468508
975,0.27332645406325656
976,2.259073651085297
977,0.24691557014981905
978,0.24227040261030197
979,0.2816882537057002
980,0.40956489369273186
981,0.24264407282074293
982,0.2306993380188942
983,0.22921316511929035
984,0.23356896142164865
985,0.30593150792022544
986,0.22949137662847838
987,0.20467274511853853
988,0.22301052759091058
989,0.22716302797198296
990,0.21117273656030497
991,0.22343133203685284
992,0.22424807958304882
993,0.21975788908700147
994,0.21722545536855856
995,0.20869953433672586
996,0.30640402374168235
997,0.22952999050418535
998,0.21647967708607516
999,0.29575234403212863
